#
# There is insufficient memory for the Java Runtime Environment to continue.
# Native memory allocation (malloc) failed to allocate 11346008 bytes. Error detail: Chunk::new
# Possible reasons:
#   The system is out of physical RAM or swap space
#   This process is running with CompressedOops enabled, and the Java Heap may be blocking the growth of the native heap
# Possible solutions:
#   Reduce memory load on the system
#   Increase physical memory or swap space
#   Check if swap backing store is full
#   Decrease Java heap size (-Xmx/-Xms)
#   Decrease number of Java threads
#   Decrease Java thread stack sizes (-Xss)
#   Set larger code cache with -XX:ReservedCodeCacheSize=
#   JVM is running with Unscaled Compressed Oops mode in which the Java heap is
#     placed in the first 4GB address space. The Java Heap base address is the
#     maximum limit for the native heap growth. Please use -XX:HeapBaseMinAddress
#     to set the Java Heap base and to place the Java Heap above 4GB virtual address.
# This output file may be truncated or incomplete.
#
#  Out of Memory Error (arena.cpp:186), pid=1952, tid=2168
#
# JRE version: Java(TM) SE Runtime Environment (25.0.1+8) (build 25.0.1+8-LTS-27)
# Java VM: Java HotSpot(TM) 64-Bit Server VM (25.0.1+8-LTS-27, mixed mode, sharing, tiered, compressed oops, compressed class ptrs, g1 gc, windows-amd64)
# No core dump will be written. Minidumps are not enabled by default on client versions of Windows
#

---------------  S U M M A R Y ------------

Command Line: -Dfile.encoding=UTF-8 -Dstdout.encoding=UTF-8 -Dstderr.encoding=UTF-8 -XX:+ShowCodeDetailsInExceptionMessages finalproo.Main

Host: 12th Gen Intel(R) Core(TM) i5-1235U, 12 cores, 7G,  Windows 11 , 64 bit Build 26100 (10.0.26100.8328)
Time: Sat May  9 13:47:37 2026 Pakistan Standard Time elapsed time: 1.743834 seconds (0d 0h 0m 1s)

---------------  T H R E A D  ---------------

Current thread (0x00000276ff121000):  JavaThread "C2 CompilerThread1" daemon [_thread_in_native, id=2168, stack(0x000000d005600000,0x000000d005700000) (1024K)]


Current CompileTask:
C2:1743 1331       4       jdk.internal.classfile.impl.StackMapGenerator::processBlock (2767 bytes)

Stack: [0x000000d005600000,0x000000d005700000]
Native frames: (J=compiled Java code, j=interpreted, Vv=VM code, C=native code)
V  [jvm.dll+0x7a6b59]  (no source info available)
V  [jvm.dll+0x77290d]  (no source info available)
V  [jvm.dll+0x966153]  (no source info available)
V  [jvm.dll+0x968751]  (no source info available)
V  [jvm.dll+0x968e53]  (no source info available)
V  [jvm.dll+0x2fc756]  (no source info available)
V  [jvm.dll+0x111b26]  (no source info available)
V  [jvm.dll+0x111e4e]  (no source info available)
V  [jvm.dll+0x1a0a22]  (no source info available)
V  [jvm.dll+0x3b53c2]  (no source info available)
V  [jvm.dll+0x7ac4ef]  (no source info available)
V  [jvm.dll+0x2c0ac7]  (no source info available)
V  [jvm.dll+0x2bfa8f]  (no source info available)
V  [jvm.dll+0x237b60]  (no source info available)
V  [jvm.dll+0x2cfb56]  (no source info available)
V  [jvm.dll+0x2cddd5]  (no source info available)
V  [jvm.dll+0x48e6d1]  (no source info available)
V  [jvm.dll+0x906a0d]  (no source info available)
V  [jvm.dll+0x7a5135]  (no source info available)
C  [ucrtbase.dll+0x37b0]  (no source info available)
C  [KERNEL32.DLL+0x2e957]  (no source info available)
C  [ntdll.dll+0x427c]  (no source info available)

Lock stack of current Java thread (top to bottom):


---------------  P R O C E S S  ---------------

Threads class SMR info:
_java_thread_list=0x0000027686a34850, length=19, elements={
0x00000276e1ca82c0, 0x00000276ff0f2e60, 0x00000276ff0f38c0, 0x00000276ff0f4850,
0x00000276ff0f90b0, 0x00000276ff101ee0, 0x00000276ff102bd0, 0x00000276ff107310,
0x00000276ff11dfa0, 0x00000276ff17d2d0, 0x00000276ff1dc1a0, 0x00000276ff121000,
0x00000276ffc514f0, 0x00000276ffc54560, 0x00000276ffc55430, 0x00000276ffd2c9e0,
0x00000276866f1010, 0x0000027686b6b250, 0x00000276ff11f7d0
}

Java Threads: ( => current thread )
  0x00000276e1ca82c0 JavaThread "main"                              [_thread_in_Java, id=2200, stack(0x000000d004400000,0x000000d004500000) (1024K)]
  0x00000276ff0f2e60 JavaThread "Reference Handler"          daemon [_thread_blocked, id=11840, stack(0x000000d004c00000,0x000000d004d00000) (1024K)]
  0x00000276ff0f38c0 JavaThread "Finalizer"                  daemon [_thread_blocked, id=2124, stack(0x000000d004d00000,0x000000d004e00000) (1024K)]
  0x00000276ff0f4850 JavaThread "Signal Dispatcher"          daemon [_thread_blocked, id=14012, stack(0x000000d004e00000,0x000000d004f00000) (1024K)]
  0x00000276ff0f90b0 JavaThread "Attach Listener"            daemon [_thread_blocked, id=13020, stack(0x000000d004f00000,0x000000d005000000) (1024K)]
  0x00000276ff101ee0 JavaThread "Service Thread"             daemon [_thread_blocked, id=12708, stack(0x000000d005000000,0x000000d005100000) (1024K)]
  0x00000276ff102bd0 JavaThread "Monitor Deflation Thread"   daemon [_thread_blocked, id=15336, stack(0x000000d005100000,0x000000d005200000) (1024K)]
  0x00000276ff107310 JavaThread "C2 CompilerThread0"         daemon [_thread_in_native, id=1356, stack(0x000000d005200000,0x000000d005300000) (1024K)]
  0x00000276ff11dfa0 JavaThread "C1 CompilerThread0"         daemon [_thread_blocked, id=10312, stack(0x000000d005300000,0x000000d005400000) (1024K)]
  0x00000276ff17d2d0 JavaThread "Notification Thread"        daemon [_thread_blocked, id=8416, stack(0x000000d005400000,0x000000d005500000) (1024K)]
  0x00000276ff1dc1a0 JavaThread "Common-Cleaner"             daemon [_thread_blocked, id=14876, stack(0x000000d005500000,0x000000d005600000) (1024K)]
=>0x00000276ff121000 JavaThread "C2 CompilerThread1"         daemon [_thread_in_native, id=2168, stack(0x000000d005600000,0x000000d005700000) (1024K)]
  0x00000276ffc514f0 JavaThread "Java2D Disposer"            daemon [_thread_blocked, id=13208, stack(0x000000d005800000,0x000000d005900000) (1024K)]
  0x00000276ffc54560 JavaThread "AWT-Shutdown"                      [_thread_blocked, id=8000, stack(0x000000d005900000,0x000000d005a00000) (1024K)]
  0x00000276ffc55430 JavaThread "AWT-Windows"                daemon [_thread_in_native, id=836, stack(0x000000d005a00000,0x000000d005b00000) (1024K)]
  0x00000276ffd2c9e0 JavaThread "AWT-EventQueue-0"                  [_thread_blocked, id=9888, stack(0x000000d005b00000,0x000000d005c00000) (1024K)]
  0x00000276866f1010 JavaThread "mysql-cj-abandoned-connection-cleanup" daemon [_thread_blocked, id=1404, stack(0x000000d005c00000,0x000000d005d00000) (1024K)]
  0x0000027686b6b250 JavaThread "TimerQueue"                 daemon [_thread_blocked, id=4300, stack(0x000000d005700000,0x000000d005800000) (1024K)]
  0x00000276ff11f7d0 JavaThread "C2 CompilerThread2"         daemon [_thread_in_native, id=9544, stack(0x000000d005d00000,0x000000d005e00000) (1024K)]
Total: 19

Other Threads:
  0x00000276ff0defd0 VMThread "VM Thread"                           [id=1060, stack(0x000000d004b00000,0x000000d004c00000) (1024K)]
  0x00000276ff0ce7e0 WatcherThread "VM Periodic Task Thread"        [id=7220, stack(0x000000d004a00000,0x000000d004b00000) (1024K)]
  0x00000276e4099170 WorkerThread "GC Thread#0"                     [id=8756, stack(0x000000d004500000,0x000000d004600000) (1024K)]
  0x00000276e40b1590 ConcurrentGCThread "G1 Main Marker"            [id=12928, stack(0x000000d004600000,0x000000d004700000) (1024K)]
  0x00000276e40b3f40 WorkerThread "G1 Conc#0"                       [id=12460, stack(0x000000d004700000,0x000000d004800000) (1024K)]
  0x00000276fef9af90 ConcurrentGCThread "G1 Refine#0"               [id=14564, stack(0x000000d004800000,0x000000d004900000) (1024K)]
  0x00000276fef9b9a0 ConcurrentGCThread "G1 Service"                [id=12824, stack(0x000000d004900000,0x000000d004a00000) (1024K)]
Total: 7

Threads with active compile tasks:
C2 CompilerThread0  1784 1743 %     4       java.util.Properties$LineReader::readLine @ 53 (584 bytes)
C2 CompilerThread1  1784 1331       4       jdk.internal.classfile.impl.StackMapGenerator::processBlock (2767 bytes)
C2 CompilerThread2  1784 1741       4       java.util.Properties::loadConvert (540 bytes)
Total: 3

VM state: not at safepoint (normal execution)

VM Mutex/Monitor currently owned by a thread: None

Heap address: 0x0000000084400000, size: 1980 MB, Compressed Oops mode: 32-bit

CDS archive(s) mapped at: [0x0000000031000000-0x0000000031dd0000-0x0000000031dd0000), size 14483456, SharedBaseAddress: 0x0000000031000000, ArchiveRelocationMode: 1.
Compressed class space mapped at: 0x0000000032000000-0x0000000072000000, reserved size: 1073741824
UseCompressedClassPointers 1, UseCompactObjectHeaders 0
Narrow klass pointer bits 32, Max shift 3
Narrow klass base: 0x0000000031000000, Narrow klass shift: 0
Encoding Range: [0x0000000031000000 - 0x0000000131000000), (4294967296 bytes)
Klass Range:    [0x0000000031010000 - 0x0000000072000000), (1090453504 bytes)
Klass ID Range:  [65536 - 1090519033) (1090453497)
Protection zone: [0x0000000031000000 - 0x0000000031010000), (65536 bytes)

GC Precious Log:
 CardTable entry size: 512
 Card Set container configuration: InlinePtr #cards 5 size 8 Array Of Cards #cards 10 size 36 Howl #buckets 4 coarsen threshold 1843 Howl Bitmap #cards 512 size 80 coarsen threshold 460 Card regions per heap region 1 cards per card region 2048
 CPUs: 12 total, 12 available
 Memory: 7916M
 Large Page Support: Disabled
 NUMA Support: Disabled
 Compressed Oops: Enabled (32-bit)
 Heap Region Size: 1M
 Heap Min Capacity: 8M
 Heap Initial Capacity: 124M
 Heap Max Capacity: 1980M
 Pre-touch: Disabled
 Parallel Workers: 10
 Concurrent Workers: 3
 Concurrent Refinement Workers: 10
 Periodic GC: Disabled

Heap:
 garbage-first heap   total reserved 2027520K, committed 129024K, used 33941K [0x0000000084400000, 0x0000000100000000)
  region size 1024K, 27 young (27648K), 0 survivors (0K)

Heap Regions: E=young(eden), S=young(survivor), O=old, HS=humongous(starts), HC=humongous(continues), CS=collection set, F=free, TAMS=top-at-mark-start, PB=parsable bottom
|   0|0x0000000084400000, 0x0000000084500000, 0x0000000084500000|100%|HS|  |TAMS 0x0000000084400000| PB 0x0000000084400000| Complete |  0
|   1|0x0000000084500000, 0x0000000084600000, 0x0000000084600000|100%|HS|  |TAMS 0x0000000084500000| PB 0x0000000084500000| Complete |  0
|   2|0x0000000084600000, 0x0000000084700000, 0x0000000084700000|100%|HC|  |TAMS 0x0000000084600000| PB 0x0000000084600000| Complete |  0
|   3|0x0000000084700000, 0x0000000084800000, 0x0000000084800000|100%|HS|  |TAMS 0x0000000084700000| PB 0x0000000084700000| Complete |  0
|   4|0x0000000084800000, 0x0000000084900000, 0x0000000084900000|100%|HS|  |TAMS 0x0000000084800000| PB 0x0000000084800000| Complete |  0
|   5|0x0000000084900000, 0x0000000084a00000, 0x0000000084a00000|100%|HC|  |TAMS 0x0000000084900000| PB 0x0000000084900000| Complete |  0
|   6|0x0000000084a00000, 0x0000000084b00000, 0x0000000084b00000|100%|HC|  |TAMS 0x0000000084a00000| PB 0x0000000084a00000| Complete |  0
|   7|0x0000000084b00000, 0x0000000084b00000, 0x0000000084c00000|  0%| F|  |TAMS 0x0000000084b00000| PB 0x0000000084b00000| Untracked |  0
|   8|0x0000000084c00000, 0x0000000084c00000, 0x0000000084d00000|  0%| F|  |TAMS 0x0000000084c00000| PB 0x0000000084c00000| Untracked |  0
|   9|0x0000000084d00000, 0x0000000084d00000, 0x0000000084e00000|  0%| F|  |TAMS 0x0000000084d00000| PB 0x0000000084d00000| Untracked |  0
|  10|0x0000000084e00000, 0x0000000084e00000, 0x0000000084f00000|  0%| F|  |TAMS 0x0000000084e00000| PB 0x0000000084e00000| Untracked |  0
|  11|0x0000000084f00000, 0x0000000084f00000, 0x0000000085000000|  0%| F|  |TAMS 0x0000000084f00000| PB 0x0000000084f00000| Untracked |  0
|  12|0x0000000085000000, 0x0000000085000000, 0x0000000085100000|  0%| F|  |TAMS 0x0000000085000000| PB 0x0000000085000000| Untracked |  0
|  13|0x0000000085100000, 0x0000000085100000, 0x0000000085200000|  0%| F|  |TAMS 0x0000000085100000| PB 0x0000000085100000| Untracked |  0
|  14|0x0000000085200000, 0x0000000085200000, 0x0000000085300000|  0%| F|  |TAMS 0x0000000085200000| PB 0x0000000085200000| Untracked |  0
|  15|0x0000000085300000, 0x0000000085300000, 0x0000000085400000|  0%| F|  |TAMS 0x0000000085300000| PB 0x0000000085300000| Untracked |  0
|  16|0x0000000085400000, 0x0000000085400000, 0x0000000085500000|  0%| F|  |TAMS 0x0000000085400000| PB 0x0000000085400000| Untracked |  0
|  17|0x0000000085500000, 0x0000000085500000, 0x0000000085600000|  0%| F|  |TAMS 0x0000000085500000| PB 0x0000000085500000| Untracked |  0
|  18|0x0000000085600000, 0x0000000085600000, 0x0000000085700000|  0%| F|  |TAMS 0x0000000085600000| PB 0x0000000085600000| Untracked |  0
|  19|0x0000000085700000, 0x0000000085700000, 0x0000000085800000|  0%| F|  |TAMS 0x0000000085700000| PB 0x0000000085700000| Untracked |  0
|  20|0x0000000085800000, 0x0000000085800000, 0x0000000085900000|  0%| F|  |TAMS 0x0000000085800000| PB 0x0000000085800000| Untracked |  0
|  21|0x0000000085900000, 0x0000000085900000, 0x0000000085a00000|  0%| F|  |TAMS 0x0000000085900000| PB 0x0000000085900000| Untracked |  0
|  22|0x0000000085a00000, 0x0000000085a00000, 0x0000000085b00000|  0%| F|  |TAMS 0x0000000085a00000| PB 0x0000000085a00000| Untracked |  0
|  23|0x0000000085b00000, 0x0000000085b00000, 0x0000000085c00000|  0%| F|  |TAMS 0x0000000085b00000| PB 0x0000000085b00000| Untracked |  0
|  24|0x0000000085c00000, 0x0000000085c00000, 0x0000000085d00000|  0%| F|  |TAMS 0x0000000085c00000| PB 0x0000000085c00000| Untracked |  0
|  25|0x0000000085d00000, 0x0000000085d00000, 0x0000000085e00000|  0%| F|  |TAMS 0x0000000085d00000| PB 0x0000000085d00000| Untracked |  0
|  26|0x0000000085e00000, 0x0000000085e00000, 0x0000000085f00000|  0%| F|  |TAMS 0x0000000085e00000| PB 0x0000000085e00000| Untracked |  0
|  27|0x0000000085f00000, 0x0000000085f00000, 0x0000000086000000|  0%| F|  |TAMS 0x0000000085f00000| PB 0x0000000085f00000| Untracked |  0
|  28|0x0000000086000000, 0x0000000086000000, 0x0000000086100000|  0%| F|  |TAMS 0x0000000086000000| PB 0x0000000086000000| Untracked |  0
|  29|0x0000000086100000, 0x0000000086100000, 0x0000000086200000|  0%| F|  |TAMS 0x0000000086100000| PB 0x0000000086100000| Untracked |  0
|  30|0x0000000086200000, 0x0000000086200000, 0x0000000086300000|  0%| F|  |TAMS 0x0000000086200000| PB 0x0000000086200000| Untracked |  0
|  31|0x0000000086300000, 0x0000000086300000, 0x0000000086400000|  0%| F|  |TAMS 0x0000000086300000| PB 0x0000000086300000| Untracked |  0
|  32|0x0000000086400000, 0x0000000086400000, 0x0000000086500000|  0%| F|  |TAMS 0x0000000086400000| PB 0x0000000086400000| Untracked |  0
|  33|0x0000000086500000, 0x0000000086500000, 0x0000000086600000|  0%| F|  |TAMS 0x0000000086500000| PB 0x0000000086500000| Untracked |  0
|  34|0x0000000086600000, 0x0000000086600000, 0x0000000086700000|  0%| F|  |TAMS 0x0000000086600000| PB 0x0000000086600000| Untracked |  0
|  35|0x0000000086700000, 0x0000000086700000, 0x0000000086800000|  0%| F|  |TAMS 0x0000000086700000| PB 0x0000000086700000| Untracked |  0
|  36|0x0000000086800000, 0x0000000086800000, 0x0000000086900000|  0%| F|  |TAMS 0x0000000086800000| PB 0x0000000086800000| Untracked |  0
|  37|0x0000000086900000, 0x0000000086900000, 0x0000000086a00000|  0%| F|  |TAMS 0x0000000086900000| PB 0x0000000086900000| Untracked |  0
|  38|0x0000000086a00000, 0x0000000086a00000, 0x0000000086b00000|  0%| F|  |TAMS 0x0000000086a00000| PB 0x0000000086a00000| Untracked |  0
|  39|0x0000000086b00000, 0x0000000086b00000, 0x0000000086c00000|  0%| F|  |TAMS 0x0000000086b00000| PB 0x0000000086b00000| Untracked |  0
|  40|0x0000000086c00000, 0x0000000086c00000, 0x0000000086d00000|  0%| F|  |TAMS 0x0000000086c00000| PB 0x0000000086c00000| Untracked |  0
|  41|0x0000000086d00000, 0x0000000086d00000, 0x0000000086e00000|  0%| F|  |TAMS 0x0000000086d00000| PB 0x0000000086d00000| Untracked |  0
|  42|0x0000000086e00000, 0x0000000086e00000, 0x0000000086f00000|  0%| F|  |TAMS 0x0000000086e00000| PB 0x0000000086e00000| Untracked |  0
|  43|0x0000000086f00000, 0x0000000086f00000, 0x0000000087000000|  0%| F|  |TAMS 0x0000000086f00000| PB 0x0000000086f00000| Untracked |  0
|  44|0x0000000087000000, 0x0000000087000000, 0x0000000087100000|  0%| F|  |TAMS 0x0000000087000000| PB 0x0000000087000000| Untracked |  0
|  45|0x0000000087100000, 0x0000000087100000, 0x0000000087200000|  0%| F|  |TAMS 0x0000000087100000| PB 0x0000000087100000| Untracked |  0
|  46|0x0000000087200000, 0x0000000087200000, 0x0000000087300000|  0%| F|  |TAMS 0x0000000087200000| PB 0x0000000087200000| Untracked |  0
|  47|0x0000000087300000, 0x0000000087300000, 0x0000000087400000|  0%| F|  |TAMS 0x0000000087300000| PB 0x0000000087300000| Untracked |  0
|  48|0x0000000087400000, 0x0000000087400000, 0x0000000087500000|  0%| F|  |TAMS 0x0000000087400000| PB 0x0000000087400000| Untracked |  0
|  49|0x0000000087500000, 0x0000000087500000, 0x0000000087600000|  0%| F|  |TAMS 0x0000000087500000| PB 0x0000000087500000| Untracked |  0
|  50|0x0000000087600000, 0x0000000087600000, 0x0000000087700000|  0%| F|  |TAMS 0x0000000087600000| PB 0x0000000087600000| Untracked |  0
|  51|0x0000000087700000, 0x0000000087700000, 0x0000000087800000|  0%| F|  |TAMS 0x0000000087700000| PB 0x0000000087700000| Untracked |  0
|  52|0x0000000087800000, 0x0000000087800000, 0x0000000087900000|  0%| F|  |TAMS 0x0000000087800000| PB 0x0000000087800000| Untracked |  0
|  53|0x0000000087900000, 0x0000000087900000, 0x0000000087a00000|  0%| F|  |TAMS 0x0000000087900000| PB 0x0000000087900000| Untracked |  0
|  54|0x0000000087a00000, 0x0000000087a00000, 0x0000000087b00000|  0%| F|  |TAMS 0x0000000087a00000| PB 0x0000000087a00000| Untracked |  0
|  55|0x0000000087b00000, 0x0000000087b00000, 0x0000000087c00000|  0%| F|  |TAMS 0x0000000087b00000| PB 0x0000000087b00000| Untracked |  0
|  56|0x0000000087c00000, 0x0000000087c00000, 0x0000000087d00000|  0%| F|  |TAMS 0x0000000087c00000| PB 0x0000000087c00000| Untracked |  0
|  57|0x0000000087d00000, 0x0000000087d00000, 0x0000000087e00000|  0%| F|  |TAMS 0x0000000087d00000| PB 0x0000000087d00000| Untracked |  0
|  58|0x0000000087e00000, 0x0000000087e00000, 0x0000000087f00000|  0%| F|  |TAMS 0x0000000087e00000| PB 0x0000000087e00000| Untracked |  0
|  59|0x0000000087f00000, 0x0000000087f00000, 0x0000000088000000|  0%| F|  |TAMS 0x0000000087f00000| PB 0x0000000087f00000| Untracked |  0
|  60|0x0000000088000000, 0x0000000088000000, 0x0000000088100000|  0%| F|  |TAMS 0x0000000088000000| PB 0x0000000088000000| Untracked |  0
|  61|0x0000000088100000, 0x0000000088100000, 0x0000000088200000|  0%| F|  |TAMS 0x0000000088100000| PB 0x0000000088100000| Untracked |  0
|  62|0x0000000088200000, 0x0000000088200000, 0x0000000088300000|  0%| F|  |TAMS 0x0000000088200000| PB 0x0000000088200000| Untracked |  0
|  63|0x0000000088300000, 0x0000000088300000, 0x0000000088400000|  0%| F|  |TAMS 0x0000000088300000| PB 0x0000000088300000| Untracked |  0
|  64|0x0000000088400000, 0x0000000088400000, 0x0000000088500000|  0%| F|  |TAMS 0x0000000088400000| PB 0x0000000088400000| Untracked |  0
|  65|0x0000000088500000, 0x0000000088500000, 0x0000000088600000|  0%| F|  |TAMS 0x0000000088500000| PB 0x0000000088500000| Untracked |  0
|  66|0x0000000088600000, 0x0000000088600000, 0x0000000088700000|  0%| F|  |TAMS 0x0000000088600000| PB 0x0000000088600000| Untracked |  0
|  67|0x0000000088700000, 0x0000000088700000, 0x0000000088800000|  0%| F|  |TAMS 0x0000000088700000| PB 0x0000000088700000| Untracked |  0
|  68|0x0000000088800000, 0x0000000088800000, 0x0000000088900000|  0%| F|  |TAMS 0x0000000088800000| PB 0x0000000088800000| Untracked |  0
|  69|0x0000000088900000, 0x0000000088900000, 0x0000000088a00000|  0%| F|  |TAMS 0x0000000088900000| PB 0x0000000088900000| Untracked |  0
|  70|0x0000000088a00000, 0x0000000088a00000, 0x0000000088b00000|  0%| F|  |TAMS 0x0000000088a00000| PB 0x0000000088a00000| Untracked |  0
|  71|0x0000000088b00000, 0x0000000088b00000, 0x0000000088c00000|  0%| F|  |TAMS 0x0000000088b00000| PB 0x0000000088b00000| Untracked |  0
|  72|0x0000000088c00000, 0x0000000088c00000, 0x0000000088d00000|  0%| F|  |TAMS 0x0000000088c00000| PB 0x0000000088c00000| Untracked |  0
|  73|0x0000000088d00000, 0x0000000088d00000, 0x0000000088e00000|  0%| F|  |TAMS 0x0000000088d00000| PB 0x0000000088d00000| Untracked |  0
|  74|0x0000000088e00000, 0x0000000088e00000, 0x0000000088f00000|  0%| F|  |TAMS 0x0000000088e00000| PB 0x0000000088e00000| Untracked |  0
|  75|0x0000000088f00000, 0x0000000088f00000, 0x0000000089000000|  0%| F|  |TAMS 0x0000000088f00000| PB 0x0000000088f00000| Untracked |  0
|  76|0x0000000089000000, 0x0000000089000000, 0x0000000089100000|  0%| F|  |TAMS 0x0000000089000000| PB 0x0000000089000000| Untracked |  0
|  77|0x0000000089100000, 0x0000000089100000, 0x0000000089200000|  0%| F|  |TAMS 0x0000000089100000| PB 0x0000000089100000| Untracked |  0
|  78|0x0000000089200000, 0x0000000089200000, 0x0000000089300000|  0%| F|  |TAMS 0x0000000089200000| PB 0x0000000089200000| Untracked |  0
|  79|0x0000000089300000, 0x0000000089300000, 0x0000000089400000|  0%| F|  |TAMS 0x0000000089300000| PB 0x0000000089300000| Untracked |  0
|  80|0x0000000089400000, 0x0000000089400000, 0x0000000089500000|  0%| F|  |TAMS 0x0000000089400000| PB 0x0000000089400000| Untracked |  0
|  81|0x0000000089500000, 0x0000000089500000, 0x0000000089600000|  0%| F|  |TAMS 0x0000000089500000| PB 0x0000000089500000| Untracked |  0
|  82|0x0000000089600000, 0x0000000089600000, 0x0000000089700000|  0%| F|  |TAMS 0x0000000089600000| PB 0x0000000089600000| Untracked |  0
|  83|0x0000000089700000, 0x0000000089700000, 0x0000000089800000|  0%| F|  |TAMS 0x0000000089700000| PB 0x0000000089700000| Untracked |  0
|  84|0x0000000089800000, 0x0000000089800000, 0x0000000089900000|  0%| F|  |TAMS 0x0000000089800000| PB 0x0000000089800000| Untracked |  0
|  85|0x0000000089900000, 0x0000000089900000, 0x0000000089a00000|  0%| F|  |TAMS 0x0000000089900000| PB 0x0000000089900000| Untracked |  0
|  86|0x0000000089a00000, 0x0000000089a00000, 0x0000000089b00000|  0%| F|  |TAMS 0x0000000089a00000| PB 0x0000000089a00000| Untracked |  0
|  87|0x0000000089b00000, 0x0000000089b00000, 0x0000000089c00000|  0%| F|  |TAMS 0x0000000089b00000| PB 0x0000000089b00000| Untracked |  0
|  88|0x0000000089c00000, 0x0000000089c00000, 0x0000000089d00000|  0%| F|  |TAMS 0x0000000089c00000| PB 0x0000000089c00000| Untracked |  0
|  89|0x0000000089d00000, 0x0000000089d00000, 0x0000000089e00000|  0%| F|  |TAMS 0x0000000089d00000| PB 0x0000000089d00000| Untracked |  0
|  90|0x0000000089e00000, 0x0000000089e00000, 0x0000000089f00000|  0%| F|  |TAMS 0x0000000089e00000| PB 0x0000000089e00000| Untracked |  0
|  91|0x0000000089f00000, 0x0000000089f00000, 0x000000008a000000|  0%| F|  |TAMS 0x0000000089f00000| PB 0x0000000089f00000| Untracked |  0
|  92|0x000000008a000000, 0x000000008a000000, 0x000000008a100000|  0%| F|  |TAMS 0x000000008a000000| PB 0x000000008a000000| Untracked |  0
|  93|0x000000008a100000, 0x000000008a100000, 0x000000008a200000|  0%| F|  |TAMS 0x000000008a100000| PB 0x000000008a100000| Untracked |  0
|  94|0x000000008a200000, 0x000000008a200000, 0x000000008a300000|  0%| F|  |TAMS 0x000000008a200000| PB 0x000000008a200000| Untracked |  0
|  95|0x000000008a300000, 0x000000008a300000, 0x000000008a400000|  0%| F|  |TAMS 0x000000008a300000| PB 0x000000008a300000| Untracked |  0
|  96|0x000000008a400000, 0x000000008a480000, 0x000000008a500000| 50%| E|  |TAMS 0x000000008a400000| PB 0x000000008a400000| Complete |  0
|  97|0x000000008a500000, 0x000000008a600000, 0x000000008a600000|100%| E|CS|TAMS 0x000000008a500000| PB 0x000000008a500000| Complete |  0
|  98|0x000000008a600000, 0x000000008a700000, 0x000000008a700000|100%| E|CS|TAMS 0x000000008a600000| PB 0x000000008a600000| Complete |  0
|  99|0x000000008a700000, 0x000000008a800000, 0x000000008a800000|100%| E|CS|TAMS 0x000000008a700000| PB 0x000000008a700000| Complete |  0
| 100|0x000000008a800000, 0x000000008a900000, 0x000000008a900000|100%| E|CS|TAMS 0x000000008a800000| PB 0x000000008a800000| Complete |  0
| 101|0x000000008a900000, 0x000000008aa00000, 0x000000008aa00000|100%| E|CS|TAMS 0x000000008a900000| PB 0x000000008a900000| Complete |  0
| 102|0x000000008aa00000, 0x000000008ab00000, 0x000000008ab00000|100%| E|CS|TAMS 0x000000008aa00000| PB 0x000000008aa00000| Complete |  0
| 103|0x000000008ab00000, 0x000000008ac00000, 0x000000008ac00000|100%| E|CS|TAMS 0x000000008ab00000| PB 0x000000008ab00000| Complete |  0
| 104|0x000000008ac00000, 0x000000008ad00000, 0x000000008ad00000|100%| E|CS|TAMS 0x000000008ac00000| PB 0x000000008ac00000| Complete |  0
| 105|0x000000008ad00000, 0x000000008ae00000, 0x000000008ae00000|100%| E|CS|TAMS 0x000000008ad00000| PB 0x000000008ad00000| Complete |  0
| 106|0x000000008ae00000, 0x000000008af00000, 0x000000008af00000|100%| E|CS|TAMS 0x000000008ae00000| PB 0x000000008ae00000| Complete |  0
| 107|0x000000008af00000, 0x000000008b000000, 0x000000008b000000|100%| E|CS|TAMS 0x000000008af00000| PB 0x000000008af00000| Complete |  0
| 108|0x000000008b000000, 0x000000008b100000, 0x000000008b100000|100%| E|CS|TAMS 0x000000008b000000| PB 0x000000008b000000| Complete |  0
| 109|0x000000008b100000, 0x000000008b200000, 0x000000008b200000|100%| E|CS|TAMS 0x000000008b100000| PB 0x000000008b100000| Complete |  0
| 110|0x000000008b200000, 0x000000008b300000, 0x000000008b300000|100%| E|CS|TAMS 0x000000008b200000| PB 0x000000008b200000| Complete |  0
| 111|0x000000008b300000, 0x000000008b400000, 0x000000008b400000|100%| E|CS|TAMS 0x000000008b300000| PB 0x000000008b300000| Complete |  0
| 112|0x000000008b400000, 0x000000008b500000, 0x000000008b500000|100%| E|CS|TAMS 0x000000008b400000| PB 0x000000008b400000| Complete |  0
| 113|0x000000008b500000, 0x000000008b600000, 0x000000008b600000|100%| E|CS|TAMS 0x000000008b500000| PB 0x000000008b500000| Complete |  0
| 114|0x000000008b600000, 0x000000008b700000, 0x000000008b700000|100%| E|CS|TAMS 0x000000008b600000| PB 0x000000008b600000| Complete |  0
| 115|0x000000008b700000, 0x000000008b800000, 0x000000008b800000|100%| E|CS|TAMS 0x000000008b700000| PB 0x000000008b700000| Complete |  0
| 116|0x000000008b800000, 0x000000008b900000, 0x000000008b900000|100%| E|CS|TAMS 0x000000008b800000| PB 0x000000008b800000| Complete |  0
| 117|0x000000008b900000, 0x000000008ba00000, 0x000000008ba00000|100%| E|CS|TAMS 0x000000008b900000| PB 0x000000008b900000| Complete |  0
| 118|0x000000008ba00000, 0x000000008bb00000, 0x000000008bb00000|100%| E|  |TAMS 0x000000008ba00000| PB 0x000000008ba00000| Complete |  0
| 119|0x000000008bb00000, 0x000000008bc00000, 0x000000008bc00000|100%| E|CS|TAMS 0x000000008bb00000| PB 0x000000008bb00000| Complete |  0
| 120|0x000000008bc00000, 0x000000008bd00000, 0x000000008bd00000|100%| E|CS|TAMS 0x000000008bc00000| PB 0x000000008bc00000| Complete |  0
| 121|0x000000008bd00000, 0x000000008be00000, 0x000000008be00000|100%| E|CS|TAMS 0x000000008bd00000| PB 0x000000008bd00000| Complete |  0
| 122|0x000000008be00000, 0x000000008bf00000, 0x000000008bf00000|100%| E|CS|TAMS 0x000000008be00000| PB 0x000000008be00000| Complete |  0
| 123|0x000000008bf00000, 0x000000008c000000, 0x000000008c000000|100%| E|CS|TAMS 0x000000008bf00000| PB 0x000000008bf00000| Complete |  0
|1978|0x00000000ffe00000, 0x00000000fff00000, 0x00000000fff00000|100%| O|  |TAMS 0x00000000ffe00000| PB 0x00000000ffe00000| Untracked |  0
|1979|0x00000000fff00000, 0x00000000fff256a0, 0x0000000100000000| 14%| O|  |TAMS 0x00000000fff00000| PB 0x00000000fff00000| Untracked |  0

Card table byte_map: [0x00000276fc200000,0x00000276fc5e0000] _byte_map_base: 0x00000276fbdde000

Marking Bits: (CMBitMap*) 0x00000276e4099900
 Bits: [0x00000276fc5e0000, 0x00000276fe4d0000)

Polling page: 0x00000276e22a0000

Metaspace:
Metaspace        used 11925K, committed 12352K, reserved 1114112K
 class space     used 1148K, committed 1344K, reserved 1048576K

Usage:
  Non-class:     10.52 MB used.
      Class:      1.12 MB used.
       Both:     11.65 MB used.

Virtual space:
  Non-class space:       64.00 MB reserved,      10.75 MB ( 17%) committed,  1 nodes.
      Class space:        1.00 GB reserved,       1.31 MB ( <1%) committed,  1 nodes.
             Both:        1.06 GB reserved,      12.06 MB (  1%) committed. 

Chunk freelists:
   Non-Class:  4.81 MB
       Class:  14.59 MB
        Both:  19.41 MB

MaxMetaspaceSize: unlimited
CompressedClassSpaceSize: 1.00 GB
Initial GC threshold: 21.00 MB
Current GC threshold: 21.00 MB
CDS: on
 - commit_granule_bytes: 65536.
 - commit_granule_words: 8192.
 - virtual_space_node_default_size: 8388608.
 - enlarge_chunks_in_place: 1.
UseCompressedClassPointers 1, UseCompactObjectHeaders 0
Narrow klass pointer bits 32, Max shift 3
Narrow klass base: 0x0000000031000000, Narrow klass shift: 0
Encoding Range: [0x0000000031000000 - 0x0000000131000000), (4294967296 bytes)
Klass Range:    [0x0000000031010000 - 0x0000000072000000), (1090453504 bytes)
Klass ID Range:  [65536 - 1090519033) (1090453497)
Protection zone: [0x0000000031000000 - 0x0000000031010000), (65536 bytes)


Internal statistics:

num_allocs_failed_limit: 0.
num_arena_births: 470.
num_arena_deaths: 0.
num_vsnodes_births: 2.
num_vsnodes_deaths: 0.
num_space_committed: 193.
num_space_uncommitted: 0.
num_chunks_returned_to_freelist: 0.
num_chunks_taken_from_freelist: 581.
num_chunk_merges: 0.
num_chunk_splits: 374.
num_chunks_enlarged: 189.
num_inconsistent_stats: 0.

CodeHeap 'non-profiled nmethods': size=120064Kb used=467Kb max_used=467Kb free=119596Kb
 bounds [0x00000276f4380000, 0x00000276f45f0000, 0x00000276fb8c0000]
CodeHeap 'profiled nmethods': size=120000Kb used=2408Kb max_used=2408Kb free=117591Kb
 bounds [0x00000276ec8c0000, 0x00000276ecb30000, 0x00000276f3df0000]
CodeHeap 'non-nmethods': size=5696Kb used=1628Kb max_used=1643Kb free=4067Kb
 bounds [0x00000276f3df0000, 0x00000276f4060000, 0x00000276f4380000]
CodeCache: size=245760Kb, used=4503Kb, max_used=4518Kb, free=241254Kb
 total_blobs=2524, nmethods=1768, adapters=647, full_count=0
Compilation: enabled, stopped_count=0, restarted_count=0

Compilation events (20 events):
Event: 1.706 Thread 0x00000276ff11dfa0 1668       1       sun.swing.MenuItemLayoutHelper$RectSize::getHeight (5 bytes)
Event: 1.706 Thread 0x00000276ff11dfa0 nmethod 1668 0x00000276f43f0308 code [0x00000276f43f0400, 0x00000276f43f04c8]
Event: 1.706 Thread 0x00000276ff11dfa0 1666       3       java.awt.font.FontRenderContext::equals (127 bytes)
Event: 1.706 Thread 0x00000276ff11dfa0 nmethod 1666 0x00000276ecaf3688 code [0x00000276ecaf3780, 0x00000276ecaf47d0]
Event: 1.706 Thread 0x00000276ff11dfa0 1674       3       java.lang.Math::max (12 bytes)
Event: 1.706 Thread 0x00000276ff11dfa0 nmethod 1674 0x00000276ecaf4808 code [0x00000276ecaf4900, 0x00000276ecaf4a30]
Event: 1.706 Thread 0x00000276ff11dfa0 1672       3       java.awt.Component::getBackground (29 bytes)
Event: 1.706 Thread 0x00000276ff11dfa0 nmethod 1672 0x00000276ecaf4b08 code [0x00000276ecaf4c00, 0x00000276ecaf4e90]
Event: 1.706 Thread 0x00000276ff11dfa0 1661       3       javax.swing.JComponent::getHeight (5 bytes)
Event: 1.706 Thread 0x00000276ff11dfa0 nmethod 1661 0x00000276ecaf4f08 code [0x00000276ecaf5000, 0x00000276ecaf5120]
Event: 1.706 Thread 0x00000276ff11dfa0 1664       3       javax.swing.ArrayTable::isArray (8 bytes)
Event: 1.706 Thread 0x00000276ff11dfa0 nmethod 1664 0x00000276ecaf5208 code [0x00000276ecaf5300, 0x00000276ecaf54e0]
Event: 1.706 Thread 0x00000276ff11dfa0 1662       3       javax.swing.JComponent::getWidth (5 bytes)
Event: 1.706 Thread 0x00000276ff11dfa0 nmethod 1662 0x00000276ecaf5508 code [0x00000276ecaf5600, 0x00000276ecaf5720]
Event: 1.706 Thread 0x00000276ff11dfa0 1665       1       sun.font.FontDesignMetrics$MetricsKey::hashCode (5 bytes)
Event: 1.706 Thread 0x00000276ff11dfa0 nmethod 1665 0x00000276f43f0608 code [0x00000276f43f0700, 0x00000276f43f07c8]
Event: 1.706 Thread 0x00000276ff11dfa0 1667       1       sun.font.SunFontManager::usingAlternateCompositeFonts (5 bytes)
Event: 1.706 Thread 0x00000276ff11dfa0 nmethod 1667 0x00000276f43f0908 code [0x00000276f43f0a00, 0x00000276f43f0ac8]
Event: 1.709 Thread 0x00000276ff11dfa0 1675       3       java.util.WeakHashMap::indexFor (6 bytes)
Event: 1.709 Thread 0x00000276ff11dfa0 nmethod 1675 0x00000276ecaf5808 code [0x00000276ecaf5900, 0x00000276ecaf59f0]

GC Heap Usage History (0 events):
No events

Metaspace Usage History (0 events):
No events

Dll operation events (10 events):
Event: 0.010 Loaded shared library C:\Program Files\Java\jdk-25\bin\java.dll
Event: 0.056 Loaded shared library C:\Program Files\Java\jdk-25\bin\jimage.dll
Event: 0.059 Loaded shared library C:\Program Files\Java\jdk-25\bin\awt.dll
Event: 0.080 Loaded shared library C:\Program Files\Java\jdk-25\bin\net.dll
Event: 0.082 Loaded shared library C:\Program Files\Java\jdk-25\bin\nio.dll
Event: 0.094 Loaded shared library C:\Program Files\Java\jdk-25\bin\zip.dll
Event: 0.301 Loaded shared library C:\Program Files\Java\jdk-25\bin\freetype.dll
Event: 0.303 Loaded shared library C:\Program Files\Java\jdk-25\bin\fontmanager.dll
Event: 0.540 Loaded shared library C:\Windows\System32\ucrtbase.dll
Event: 0.542 Loaded shared library C:\Program Files\Java\jdk-25\bin\syslookup.dll

Deoptimization events (20 events):
Event: 0.613 Thread 0x00000276e1ca82c0 Uncommon trap: trap_request=0xffffff45 fr.pc=0x00000276f43c34c0 relative=0x0000000000000820
Event: 0.613 Thread 0x00000276e1ca82c0 Uncommon trap: reason=unstable_if action=reinterpret pc=0x00000276f43c34c0 method=jdk.internal.classfile.impl.EntryMap.put(II)V @ 120 c2
Event: 0.613 Thread 0x00000276e1ca82c0 DEOPT PACKING pc=0x00000276f43c34c0 sp=0x000000d0044fb620
Event: 0.613 Thread 0x00000276e1ca82c0 DEOPT UNPACKING pc=0x00000276f3f0f582 sp=0x000000d0044fb558 mode 2
Event: 0.678 Thread 0x00000276ffd2c9e0 Uncommon trap: trap_request=0xffffffde fr.pc=0x00000276f43ace38 relative=0x00000000000001b8
Event: 0.678 Thread 0x00000276ffd2c9e0 Uncommon trap: reason=class_check action=maybe_recompile pc=0x00000276f43ace38 method=java.lang.String.equals(Ljava/lang/Object;)Z @ 8 c2
Event: 0.678 Thread 0x00000276ffd2c9e0 DEOPT PACKING pc=0x00000276f43ace38 sp=0x000000d005bfdfd0
Event: 0.678 Thread 0x00000276ffd2c9e0 DEOPT UNPACKING pc=0x00000276f3f0f582 sp=0x000000d005bfdf68 mode 2
Event: 0.678 Thread 0x00000276ffd2c9e0 Uncommon trap: trap_request=0xffffffde fr.pc=0x00000276f43ace38 relative=0x00000000000001b8
Event: 0.678 Thread 0x00000276ffd2c9e0 Uncommon trap: reason=class_check action=maybe_recompile pc=0x00000276f43ace38 method=java.lang.String.equals(Ljava/lang/Object;)Z @ 8 c2
Event: 0.678 Thread 0x00000276ffd2c9e0 DEOPT PACKING pc=0x00000276f43ace38 sp=0x000000d005bfdfd0
Event: 0.678 Thread 0x00000276ffd2c9e0 DEOPT UNPACKING pc=0x00000276f3f0f582 sp=0x000000d005bfdf68 mode 2
Event: 0.678 Thread 0x00000276ffd2c9e0 Uncommon trap: trap_request=0xffffffde fr.pc=0x00000276f43ace38 relative=0x00000000000001b8
Event: 0.678 Thread 0x00000276ffd2c9e0 Uncommon trap: reason=class_check action=maybe_recompile pc=0x00000276f43ace38 method=java.lang.String.equals(Ljava/lang/Object;)Z @ 8 c2
Event: 0.678 Thread 0x00000276ffd2c9e0 DEOPT PACKING pc=0x00000276f43ace38 sp=0x000000d005bfdfa0
Event: 0.678 Thread 0x00000276ffd2c9e0 DEOPT UNPACKING pc=0x00000276f3f0f582 sp=0x000000d005bfdf38 mode 2
Event: 0.678 Thread 0x00000276ffd2c9e0 Uncommon trap: trap_request=0xffffffde fr.pc=0x00000276f43ace38 relative=0x00000000000001b8
Event: 0.678 Thread 0x00000276ffd2c9e0 Uncommon trap: reason=class_check action=maybe_recompile pc=0x00000276f43ace38 method=java.lang.String.equals(Ljava/lang/Object;)Z @ 8 c2
Event: 0.678 Thread 0x00000276ffd2c9e0 DEOPT PACKING pc=0x00000276f43ace38 sp=0x000000d005bfdfa0
Event: 0.678 Thread 0x00000276ffd2c9e0 DEOPT UNPACKING pc=0x00000276f3f0f582 sp=0x000000d005bfdf38 mode 2

Classes loaded (20 events):
Event: 1.696 Loading class java/awt/geom/RoundRectangle2D
Event: 1.696 Loading class java/awt/geom/RoundRectangle2D done
Event: 1.696 Loading class java/awt/geom/RoundRectangle2D$Float done
Event: 1.697 Loading class java/awt/geom/RoundRectIterator
Event: 1.697 Loading class java/awt/geom/PathIterator
Event: 1.697 Loading class java/awt/geom/PathIterator done
Event: 1.697 Loading class java/awt/geom/RoundRectIterator done
Event: 1.708 Loading class sun/awt/im/CompositionAreaHandler
Event: 1.708 Loading class sun/awt/im/CompositionAreaHandler done
Event: 1.708 Loading class java/text/AttributedString
Event: 1.708 Loading class java/text/AttributedString done
Event: 1.708 Loading class java/text/AttributedString$AttributedStringIterator
Event: 1.708 Loading class java/text/AttributedCharacterIterator
Event: 1.708 Loading class java/text/CharacterIterator
Event: 1.708 Loading class java/text/CharacterIterator done
Event: 1.708 Loading class java/text/AttributedCharacterIterator done
Event: 1.708 Loading class java/text/AttributedString$AttributedStringIterator done
Event: 1.709 Loading class java/awt/TextComponent
Event: 1.709 Loading class java/awt/TextComponent done
Event: 1.709 Loading class com/sun/java/swing/plaf/windows/AnimationController$AnimationState

Classes unloaded (0 events):
No events

Classes redefined (0 events):
No events

Internal exceptions (20 events):
Event: 0.594 Thread 0x00000276e1ca82c0 Exception <a 'java/lang/NoSuchMethodError'{0x000000008aa180d0}: 'void java.lang.invoke.DelegatingMethodHandle$Holder.delegate(java.lang.Object, java.lang.Object, int, int, int, float, float, float, int, int, long, long)'> (0x000000008aa180d0) 
thrown [s\open\src\hotspot\share\interpreter\linkResolver.cpp, line 804]
Event: 0.595 Thread 0x00000276e1ca82c0 Exception <a 'java/lang/NoSuchMethodError'{0x000000008aa39ec8}: 'long java.lang.invoke.DelegatingMethodHandle$Holder.reinvoke_L(java.lang.Object, java.lang.Object, long, long)'> (0x000000008aa39ec8) 
thrown [s\open\src\hotspot\share\interpreter\linkResolver.cpp, line 804]
Event: 0.598 Thread 0x00000276e1ca82c0 Exception <a 'java/lang/NoSuchMethodError'{0x000000008aa66df8}: 'java.lang.Object java.lang.invoke.DirectMethodHandle$Holder.invokeStatic(java.lang.Object, java.lang.Object, java.lang.Object, long, java.lang.Object)'> (0x000000008aa66df8) 
thrown [s\open\src\hotspot\share\interpreter\linkResolver.cpp, line 804]
Event: 0.599 Thread 0x00000276e1ca82c0 Exception <a 'java/lang/NoSuchMethodError'{0x000000008aa8df70}: 'java.lang.Object java.lang.invoke.DirectMethodHandle$Holder.invokeStatic(java.lang.Object, java.lang.Object, int)'> (0x000000008aa8df70) 
thrown [s\open\src\hotspot\share\interpreter\linkResolver.cpp, line 804]
Event: 0.600 Thread 0x00000276e1ca82c0 Exception <a 'java/lang/NoSuchMethodError'{0x000000008aaaf5e0}: 'void java.lang.invoke.DelegatingMethodHandle$Holder.delegate(java.lang.Object, java.lang.Object, int, java.lang.Object)'> (0x000000008aaaf5e0) 
thrown [s\open\src\hotspot\share\interpreter\linkResolver.cpp, line 804]
Event: 0.603 Thread 0x00000276e1ca82c0 Exception <a 'java/lang/NoSuchMethodError'{0x000000008aaef9a0}: 'int java.lang.invoke.DirectMethodHandle$Holder.invokeSpecial(java.lang.Object, java.lang.Object, java.lang.Object, int, java.lang.Object)'> (0x000000008aaef9a0) 
thrown [s\open\src\hotspot\share\interpreter\linkResolver.cpp, line 804]
Event: 0.603 Thread 0x00000276e1ca82c0 Exception <a 'java/lang/NoSuchMethodError'{0x000000008aaf7dd8}: 'int java.lang.invoke.DelegatingMethodHandle$Holder.reinvoke_L(java.lang.Object, java.lang.Object, int, java.lang.Object)'> (0x000000008aaf7dd8) 
thrown [s\open\src\hotspot\share\interpreter\linkResolver.cpp, line 804]
Event: 0.604 Thread 0x00000276e1ca82c0 Exception <a 'java/lang/NoSuchMethodError'{0x000000008a9227a8}: 'int java.lang.invoke.DelegatingMethodHandle$Holder.reinvoke_L(java.lang.Object, java.lang.Object, int, long)'> (0x000000008a9227a8) 
thrown [s\open\src\hotspot\share\interpreter\linkResolver.cpp, line 804]
Event: 0.605 Thread 0x00000276e1ca82c0 Exception <a 'java/lang/NoSuchMethodError'{0x000000008a932b98}: 'int java.lang.invoke.DirectMethodHandle$Holder.invokeSpecial(java.lang.Object, java.lang.Object, int, long)'> (0x000000008a932b98) 
thrown [s\open\src\hotspot\share\interpreter\linkResolver.cpp, line 804]
Event: 0.605 Thread 0x00000276e1ca82c0 Exception <a 'java/lang/NoSuchMethodError'{0x000000008a93ae80}: 'int java.lang.invoke.Invokers$Holder.exactInvoker(java.lang.Object, java.lang.Object, int, long)'> (0x000000008a93ae80) 
thrown [s\open\src\hotspot\share\interpreter\linkResolver.cpp, line 804]
Event: 0.605 Thread 0x00000276e1ca82c0 Exception <a 'java/lang/NoSuchMethodError'{0x000000008a943600}: 'int java.lang.invoke.DelegatingMethodHandle$Holder.delegate(java.lang.Object, java.lang.Object, int, long)'> (0x000000008a943600) 
thrown [s\open\src\hotspot\share\interpreter\linkResolver.cpp, line 804]
Event: 0.605 Thread 0x00000276e1ca82c0 Exception <a 'java/lang/NoSuchMethodError'{0x000000008a955438}: 'long java.lang.invoke.DirectMethodHandle$Holder.invokeSpecial(java.lang.Object, java.lang.Object, long, long)'> (0x000000008a955438) 
thrown [s\open\src\hotspot\share\interpreter\linkResolver.cpp, line 804]
Event: 0.608 Thread 0x00000276e1ca82c0 Exception <a 'java/lang/NoSuchMethodError'{0x000000008a991318}: 'void java.lang.invoke.DirectMethodHandle$Holder.invokeSpecial(java.lang.Object, java.lang.Object, float, java.lang.Object, java.lang.Object, java.lang.Object, int, int, int, int, int, float, float, int, int, java.lang.Object, java.lang.Object)'> (0x000000008a991318) 
thrown [s\open\src\hotspot\share\interpreter\linkResolver.cpp, line 804]
Event: 0.608 Thread 0x00000276e1ca82c0 Exception <a 'java/lang/NoSuchMethodError'{0x000000008a9b3090}: 'int java.lang.invoke.DirectMethodHandle$Holder.invokeSpecial(java.lang.Object, java.lang.Object, int, java.lang.Object)'> (0x000000008a9b3090) 
thrown [s\open\src\hotspot\share\interpreter\linkResolver.cpp, line 804]
Event: 0.609 Thread 0x00000276e1ca82c0 Exception <a 'java/lang/NoSuchMethodError'{0x000000008a9c3198}: 'java.lang.Object java.lang.invoke.Invokers$Holder.invokeExact_MT(java.lang.Object, long, java.lang.Object)'> (0x000000008a9c3198) 
thrown [s\open\src\hotspot\share\interpreter\linkResolver.cpp, line 804]
Event: 0.610 Thread 0x00000276e1ca82c0 Exception <a 'java/lang/NoSuchMethodError'{0x000000008a9e4cd0}: 'void java.lang.invoke.DelegatingMethodHandle$Holder.reinvoke_L(java.lang.Object, java.lang.Object, java.lang.Object, long, long)'> (0x000000008a9e4cd0) 
thrown [s\open\src\hotspot\share\interpreter\linkResolver.cpp, line 804]
Event: 0.612 Thread 0x00000276e1ca82c0 Exception <a 'java/lang/NoSuchMethodError'{0x000000008a844a20}: 'int java.lang.invoke.Invokers$Holder.invokeExact_MT(java.lang.Object, java.lang.Object, java.lang.Object, int, java.lang.Object, java.lang.Object)'> (0x000000008a844a20) 
thrown [s\open\src\hotspot\share\interpreter\linkResolver.cpp, line 804]
Event: 0.613 Thread 0x00000276e1ca82c0 Exception <a 'java/lang/NoSuchMethodError'{0x000000008a86fcb0}: 'int java.lang.invoke.DelegatingMethodHandle$Holder.reinvoke_L(java.lang.Object, java.lang.Object, java.lang.Object, long)'> (0x000000008a86fcb0) 
thrown [s\open\src\hotspot\share\interpreter\linkResolver.cpp, line 804]
Event: 0.614 Thread 0x00000276e1ca82c0 Exception <a 'java/lang/NoSuchMethodError'{0x000000008a8903c0}: 'java.lang.Object java.lang.invoke.DirectMethodHandle$Holder.invokeStatic(java.lang.Object, java.lang.Object, java.lang.Object, java.lang.Object, java.lang.Object, long)'> (0x000000008a8903c0) 
thrown [s\open\src\hotspot\share\interpreter\linkResolver.cpp, line 804]
Event: 0.652 Thread 0x00000276ffc55430 Exception <a 'java/lang/NoSuchMethodError'{0x000000008b8947c0}: 'void java.lang.invoke.DirectMethodHandle$Holder.invokeVirtual(java.lang.Object, java.lang.Object)'> (0x000000008b8947c0) 
thrown [s\open\src\hotspot\share\interpreter\linkResolver.cpp, line 804]

VM Operations (18 events):
Event: 0.191 Executing non-safepoint VM operation: HandshakeAllThreads (Deoptimize)
Event: 0.191 Executing non-safepoint VM operation: HandshakeAllThreads (Deoptimize) done
Event: 0.351 Executing non-safepoint VM operation: HandshakeAllThreads (Deoptimize)
Event: 0.351 Executing non-safepoint VM operation: HandshakeAllThreads (Deoptimize) done
Event: 0.375 Executing non-safepoint VM operation: HandshakeAllThreads (Deoptimize)
Event: 0.375 Executing non-safepoint VM operation: HandshakeAllThreads (Deoptimize) done
Event: 0.464 Executing non-safepoint VM operation: HandshakeAllThreads (Deoptimize)
Event: 0.464 Executing non-safepoint VM operation: HandshakeAllThreads (Deoptimize) done
Event: 0.538 Executing non-safepoint VM operation: HandshakeAllThreads (Deoptimize)
Event: 0.538 Executing non-safepoint VM operation: HandshakeAllThreads (Deoptimize) done
Event: 0.546 Executing non-safepoint VM operation: HandshakeAllThreads (Deoptimize)
Event: 0.546 Executing non-safepoint VM operation: HandshakeAllThreads (Deoptimize) done
Event: 0.564 Executing non-safepoint VM operation: HandshakeAllThreads (Deoptimize)
Event: 0.564 Executing non-safepoint VM operation: HandshakeAllThreads (Deoptimize) done
Event: 0.567 Executing non-safepoint VM operation: HandshakeAllThreads (Deoptimize)
Event: 0.567 Executing non-safepoint VM operation: HandshakeAllThreads (Deoptimize) done
Event: 0.661 Executing non-safepoint VM operation: HandshakeAllThreads (Deoptimize)
Event: 0.661 Executing non-safepoint VM operation: HandshakeAllThreads (Deoptimize) done

Memory protections (0 events):
No events

Nmethod flushes (0 events):
No events

Events (19 events):
Event: 0.022 Thread 0x00000276e1ca82c0 Thread added: 0x00000276e1ca82c0
Event: 0.032 Thread 0x00000276e1ca82c0 Thread added: 0x00000276ff0f2e60
Event: 0.032 Thread 0x00000276e1ca82c0 Thread added: 0x00000276ff0f38c0
Event: 0.032 Thread 0x00000276e1ca82c0 Thread added: 0x00000276ff0f4850
Event: 0.032 Thread 0x00000276e1ca82c0 Thread added: 0x00000276ff0f90b0
Event: 0.032 Thread 0x00000276e1ca82c0 Thread added: 0x00000276ff101ee0
Event: 0.032 Thread 0x00000276e1ca82c0 Thread added: 0x00000276ff102bd0
Event: 0.032 Thread 0x00000276e1ca82c0 Thread added: 0x00000276ff107310
Event: 0.032 Thread 0x00000276e1ca82c0 Thread added: 0x00000276ff11dfa0
Event: 0.043 Thread 0x00000276e1ca82c0 Thread added: 0x00000276ff17d2d0
Event: 0.044 Thread 0x00000276e1ca82c0 Thread added: 0x00000276ff1dc1a0
Event: 0.102 Thread 0x00000276ff107310 Thread added: 0x00000276ff121000
Event: 0.120 Thread 0x00000276ff121000 Thread added: 0x00000276ff11ffe0
Event: 0.173 Thread 0x00000276e1ca82c0 Thread added: 0x00000276ffc514f0
Event: 0.174 Thread 0x00000276e1ca82c0 Thread added: 0x00000276ffc54560
Event: 0.174 Thread 0x00000276e1ca82c0 Thread added: 0x00000276ffc55430
Event: 0.398 Thread 0x00000276e1ca82c0 Thread added: 0x00000276ffd2c9e0
Event: 0.683 Thread 0x00000276e1ca82c0 Thread added: 0x00000276866f1010
Event: 1.696 Thread 0x00000276ff11ffe0 Thread exited: 0x00000276ff11ffe0


Dynamic libraries:
0x00007ff7d2e50000 - 0x00007ff7d2e60000 	C:\Program Files\Java\jdk-25\bin\javaw.exe
0x00007ffeb3c20000 - 0x00007ffeb3e87000 	C:\WINDOWS\SYSTEM32\ntdll.dll
0x00007ffeb1ae0000 - 0x00007ffeb1ba9000 	C:\WINDOWS\System32\KERNEL32.DLL
0x00007ffeb09e0000 - 0x00007ffeb0dd7000 	C:\WINDOWS\System32\KERNELBASE.dll
0x00007ffeb1850000 - 0x00007ffeb199b000 	C:\WINDOWS\System32\ucrtbase.dll
0x00007ffe9e4a0000 - 0x00007ffe9e4be000 	C:\Program Files\Java\jdk-25\bin\VCRUNTIME140.dll
0x00007ffe9dbf0000 - 0x00007ffe9dc07000 	C:\Program Files\Java\jdk-25\bin\jli.dll
0x00007ffeb2470000 - 0x00007ffeb2636000 	C:\WINDOWS\System32\USER32.dll
0x00007ffeb0650000 - 0x00007ffeb0677000 	C:\WINDOWS\System32\win32u.dll
0x00007ffe82c30000 - 0x00007ffe82ec2000 	C:\WINDOWS\WinSxS\amd64_microsoft.windows.common-controls_6595b64144ccf1df_6.0.26100.8328_none_3e08182ce334b678\COMCTL32.dll
0x00007ffeb3bb0000 - 0x00007ffeb3bdb000 	C:\WINDOWS\System32\GDI32.dll
0x00007ffeb39f0000 - 0x00007ffeb3a99000 	C:\WINDOWS\System32\msvcrt.dll
0x00007ffeb08b0000 - 0x00007ffeb09dc000 	C:\WINDOWS\System32\gdi32full.dll
0x00007ffeb1650000 - 0x00007ffeb16f3000 	C:\WINDOWS\System32\msvcp_win.dll
0x00007ffeb1aa0000 - 0x00007ffeb1ad2000 	C:\WINDOWS\System32\IMM32.DLL
0x00007ffe9e980000 - 0x00007ffe9e98c000 	C:\Program Files\Java\jdk-25\bin\vcruntime140_1.dll
0x00007ffe9c760000 - 0x00007ffe9c7ed000 	C:\Program Files\Java\jdk-25\bin\msvcp140.dll
0x00007ffe3def0000 - 0x00007ffe3ed4f000 	C:\Program Files\Java\jdk-25\bin\server\jvm.dll
0x00007ffeb2760000 - 0x00007ffeb2816000 	C:\WINDOWS\System32\ADVAPI32.dll
0x00007ffeb3760000 - 0x00007ffeb3807000 	C:\WINDOWS\System32\sechost.dll
0x00007ffeb1bb0000 - 0x00007ffeb1cc8000 	C:\WINDOWS\System32\RPCRT4.dll
0x00007ffeb1e50000 - 0x00007ffeb1ed0000 	C:\WINDOWS\System32\WS2_32.dll
0x00007ffeb04d0000 - 0x00007ffeb052e000 	C:\WINDOWS\SYSTEM32\POWRPROF.dll
0x00007ffea4f20000 - 0x00007ffea4f56000 	C:\WINDOWS\SYSTEM32\WINMM.dll
0x00007ffe8d450000 - 0x00007ffe8d45b000 	C:\WINDOWS\SYSTEM32\VERSION.dll
0x00007ffeb04b0000 - 0x00007ffeb04c4000 	C:\WINDOWS\SYSTEM32\UMPDC.dll
0x00007ffeaf3e0000 - 0x00007ffeaf3fb000 	C:\WINDOWS\SYSTEM32\kernel.appcore.dll
0x00007ffe9e160000 - 0x00007ffe9e16a000 	C:\Program Files\Java\jdk-25\bin\jimage.dll
0x00007ffeae6f0000 - 0x00007ffeae932000 	C:\WINDOWS\SYSTEM32\DBGHELP.DLL
0x00007ffeb33d0000 - 0x00007ffeb3753000 	C:\WINDOWS\System32\combase.dll
0x00007ffeb2980000 - 0x00007ffeb2a59000 	C:\WINDOWS\System32\OLEAUT32.dll
0x00007ffe838c0000 - 0x00007ffe838fb000 	C:\WINDOWS\SYSTEM32\dbgcore.DLL
0x00007ffeb0680000 - 0x00007ffeb0728000 	C:\WINDOWS\System32\bcryptPrimitives.dll
0x00007ffe9d9e0000 - 0x00007ffe9d9ff000 	C:\Program Files\Java\jdk-25\bin\java.dll
0x00007ffeb3220000 - 0x00007ffeb33b7000 	C:\WINDOWS\System32\ole32.dll
0x00007ffeb2a60000 - 0x00007ffeb31ce000 	C:\WINDOWS\System32\SHELL32.dll
0x00007ffeb0de0000 - 0x00007ffeb164c000 	C:\WINDOWS\System32\windows.storage.dll
0x00007ffeb2640000 - 0x00007ffeb2736000 	C:\WINDOWS\System32\SHCORE.dll
0x00007ffeb1d50000 - 0x00007ffeb1db6000 	C:\WINDOWS\System32\shlwapi.dll
0x00007ffeb0540000 - 0x00007ffeb0569000 	C:\WINDOWS\SYSTEM32\profapi.dll
0x00007ffe9c5d0000 - 0x00007ffe9c754000 	C:\Program Files\Java\jdk-25\bin\awt.dll
0x00007ffeab2e0000 - 0x00007ffeab380000 	C:\WINDOWS\SYSTEM32\apphelp.dll
0x00007ffe9d220000 - 0x00007ffe9d232000 	C:\Program Files\Java\jdk-25\bin\net.dll
0x00007ffeaf950000 - 0x00007ffeaf9bc000 	C:\WINDOWS\system32\mswsock.dll
0x00007ffe9d200000 - 0x00007ffe9d216000 	C:\Program Files\Java\jdk-25\bin\nio.dll
0x00007ffe9d1e0000 - 0x00007ffe9d1f7000 	C:\Program Files\Java\jdk-25\bin\zip.dll
0x00007ffeab5a0000 - 0x00007ffeab64a000 	C:\WINDOWS\system32\uxtheme.dll
0x00007ffeb2820000 - 0x00007ffeb297c000 	C:\WINDOWS\System32\MSCTF.dll
0x00007ffeab840000 - 0x00007ffeab86f000 	C:\WINDOWS\system32\DWMAPI.DLL
0x00007ffe9b550000 - 0x00007ffe9b65f000 	C:\WINDOWS\system32\opengl32.dll
0x00007ffe9d0c0000 - 0x00007ffe9d0ed000 	C:\WINDOWS\SYSTEM32\GLU32.dll
0x00007ffeab680000 - 0x00007ffeab6c5000 	C:\WINDOWS\SYSTEM32\dxcore.dll
0x00007ffe9c540000 - 0x00007ffe9c5c7000 	C:\Program Files\Java\jdk-25\bin\freetype.dll
0x00007ffe9b460000 - 0x00007ffe9b54e000 	C:\Program Files\Java\jdk-25\bin\fontmanager.dll
0x00007ffe9df50000 - 0x00007ffe9df59000 	C:\Program Files\Java\jdk-25\bin\syslookup.dll
0x00007ffe6d1d0000 - 0x00007ffe6d316000 	C:\WINDOWS\SYSTEM32\textinputframework.dll
0x00007ffeaaf00000 - 0x00007ffeab027000 	C:\WINDOWS\SYSTEM32\CoreMessaging.dll
0x00007ffea7fc0000 - 0x00007ffea82a2000 	C:\WINDOWS\SYSTEM32\CoreUIComponents.dll
0x00007ffea7d40000 - 0x00007ffea7eaa000 	C:\WINDOWS\SYSTEM32\wintypes.dll
0x00007ffeafc50000 - 0x00007ffeafc5c000 	C:\WINDOWS\SYSTEM32\CRYPTBASE.DLL

JVMTI agents: none

dbghelp: loaded successfully - version: 4.0.5 - missing functions: none
symbol engine: initialized successfully - sym options: 0x614 - pdb path: .;C:\Program Files\Java\jdk-25\bin;C:\WINDOWS\SYSTEM32;C:\WINDOWS\WinSxS\amd64_microsoft.windows.common-controls_6595b64144ccf1df_6.0.26100.8328_none_3e08182ce334b678;C:\Program Files\Java\jdk-25\bin\server

VM Arguments:
jvm_args: -Dfile.encoding=UTF-8 -Dstdout.encoding=UTF-8 -Dstderr.encoding=UTF-8 -XX:+ShowCodeDetailsInExceptionMessages 
java_command: finalproo.Main
java_class_path (initial): D:\secsem\bin;D:\mysql-connector-j-9.6.0\mysql-connector-j-9.6.0\mysql-connector-j-9.6.0.jar;D:\poi-bin-5.2.3\poi-5.2.3.jar;D:\poi-bin-5.2.3\poi-examples-5.2.3.jar;D:\poi-bin-5.2.3\poi-excelant-5.2.3.jar;D:\poi-bin-5.2.3\poi-javadoc-5.2.3.jar;D:\poi-bin-5.2.3\poi-ooxml-5.2.3.jar;D:\poi-bin-5.2.3\poi-ooxml-full-5.2.3.jar;D:\poi-bin-5.2.3\poi-ooxml-lite-5.2.3.jar;D:\poi-bin-5.2.3\poi-scratchpad-5.2.3.jar;D:\poi-bin-5.2.3\lib\commons-codec-1.15.jar;D:\poi-bin-5.2.3\lib\commons-collections4-4.4.jar;D:\poi-bin-5.2.3\lib\commons-io-2.11.0.jar;D:\poi-bin-5.2.3\lib\commons-math3-3.6.1.jar;D:\poi-bin-5.2.3\lib\log4j-api-2.18.0.jar;D:\poi-bin-5.2.3\lib\SparseBitSet-1.2.jar;D:\poi-bin-5.2.3\ooxml-lib\commons-compress-1.21.jar;D:\poi-bin-5.2.3\ooxml-lib\commons-logging-1.2.jar;D:\poi-bin-5.2.3\ooxml-lib\curvesapi-1.07.jar;D:\poi-bin-5.2.3\ooxml-lib\jakarta.activation-2.0.1.jar;D:\poi-bin-5.2.3\ooxml-lib\jakarta.xml.bind-api-3.0.1.jar;D:\poi-bin-5.2.3\ooxml-lib\slf4j-api-1.7.36.jar;D:\poi-bin-5.2.3\ooxml-lib\xmlbeans-5.1.1.jar;D:\poi-bin-5.2.3\auxiliary\batik-anim-1.14.jar;D:\poi-bin-5.2.3\auxiliary\batik-awt-util-1.14.jar;D:\poi-bin-5.2.3\auxiliary\batik-bridge-1.14.jar;D:\poi-bin-5.2.3\auxiliary\batik-codec-1.14.jar;D:\poi-bin-5.2.3\auxiliary\batik-constants-1.14.jar;D:\poi-bin-5.2.3\auxiliary\batik-css-1.14.jar;D:\poi-bin-5.2.3\auxiliary\batik-dom-1.14.jar;D:\poi-bin-5.2.3\auxiliary\batik-ext-1.14.jar;D:\poi-bin-5.2.3\auxiliary\batik-gvt-1.14.jar;D:\poi-bin-5.2.3\auxiliary\batik-i18n-1.14.jar;D:\poi-bin-5.2.3\auxiliary\batik-parser-1.14.jar;D:\poi-bin-5.2.3\auxiliary\batik-script-1.14.jar;D:\poi-bin-5.2.3\auxiliary\batik-shared-resources-1.14.jar;D:\poi-bin-5.2.3\auxiliary\batik-svg-dom-1.14.jar;D:\poi-bin-5.2.3\auxiliary\batik-svggen-1.14.jar;D:\poi-bin-5.2.3\auxiliary\batik-svgrasterizer-1.14.jar;D:\poi-bin-5.2.3\auxiliary\batik-transcoder-1.14.jar;D:\poi-bin-5.2.3\auxiliary\batik-util-1.14.jar;D:\poi-bin-5.2.3\auxiliary\batik-xml-1.14.jar;D:\poi-bin-5.2.3\auxiliary\bcpkix-jdk15on-1.70.jar;D:\poi-bin-5.2.3\auxiliary\bcprov-jdk15on-1.70.jar;D:\poi-bin-5.2.3\auxiliary\bcutil-jdk15on-1.70.jar;D:\poi-bin-5.2.3\auxiliary\fontbox-2.0.26.jar;D:\poi-bin-5.2.3\auxiliary\graphics2d-0.40.jar;D:\poi-bin-5.2.3\auxiliary\pdfbox-2.0.26.jar;D:\poi-bin-5.2.3\auxiliary\xml-apis-1.4.01.jar;D:\poi-bin-5.2.3\auxiliary\xml-apis-ext-1.3.04.jar;D:\poi-bin-5.2.3\auxiliary\xmlgraphics-commons-2.6.jar;D:\poi-bin-5.2.3\auxiliary\xmlsec-3.0.0.jar
Launcher Type: SUN_STANDARD

[Global flags]
     intx CICompilerCount                          = 4                                         {product} {ergonomic}
     uint ConcGCThreads                            = 3                                         {product} {ergonomic}
     uint G1ConcRefinementThreads                  = 10                                        {product} {ergonomic}
   size_t G1HeapRegionSize                         = 1048576                                   {product} {ergonomic}
   size_t InitialHeapSize                          = 130023424                                 {product} {ergonomic}
   size_t MarkStackSize                            = 4194304                                   {product} {ergonomic}
   size_t MarkStackSizeMax                         = 536870912                                 {product} {ergonomic}
   size_t MaxHeapSize                              = 2076180480                                {product} {ergonomic}
   size_t MaxNewSize                               = 1245708288                                {product} {ergonomic}
   size_t MinHeapDeltaBytes                        = 1048576                                   {product} {ergonomic}
   size_t MinHeapSize                              = 8388608                                   {product} {ergonomic}
    uintx NonNMethodCodeHeapSize                   = 5832704                                {pd product} {ergonomic}
    uintx NonProfiledCodeHeapSize                  = 122945536                              {pd product} {ergonomic}
    uintx ProfiledCodeHeapSize                     = 122880000                              {pd product} {ergonomic}
    uintx ReservedCodeCacheSize                    = 251658240                              {pd product} {ergonomic}
     bool SegmentedCodeCache                       = true                                      {product} {ergonomic}
     bool ShowCodeDetailsInExceptionMessages       = true                                   {manageable} {command line}
   size_t SoftMaxHeapSize                          = 2076180480                             {manageable} {ergonomic}
     bool UseCompressedOops                        = true                           {product lp64_product} {ergonomic}
     bool UseG1GC                                  = true                                      {product} {ergonomic}
     bool UseLargePagesIndividualAllocation        = false                                  {pd product} {ergonomic}

Logging:
Log output configuration:
 #0: stdout all=warning uptime,level,tags foldmultilines=false
 #1: stderr all=off uptime,level,tags foldmultilines=false

Release file:
IMPLEMENTOR="Oracle Corporation" 
JAVA_RUNTIME_VERSION="25.0.1+8-LTS-27" 
JAVA_VERSION="25.0.1" 
JAVA_VERSION_DATE="2025-10-21" 
LIBC="default" 
MODULES="java.base java.compiler java.datatransfer java.xml java.prefs java.desktop java.instrument java.logging java.management java.security.sasl java.naming java.rmi java.management.rmi java.net.http java.scripting java.security.jgss java.transaction.xa java.sql java.sql.rowset java.xml.crypto java.se java.smartcardio jdk.accessibility jdk.internal.jvmstat jdk.attach jdk.charsets jdk.internal.opt jdk.zipfs jdk.compiler jdk.crypto.cryptoki jdk.crypto.ec jdk.crypto.mscapi jdk.dynalink jdk.internal.ed jdk.editpad jdk.internal.vm.ci jdk.graal.compiler jdk.graal.compiler.management jdk.hotspot.agent jdk.httpserver jdk.incubator.vector jdk.internal.le jdk.internal.md jdk.jartool jdk.javadoc jdk.jcmd jdk.management jdk.management.agent jdk.jconsole jdk.jdeps jdk.jdwp.agent jdk.jdi jdk.jfr jdk.jlink jdk.jpackage jdk.jshell jdk.jsobject jdk.jstatd jdk.localedata jdk.management.jfr jdk.naming.dns jdk.naming.rmi jdk.net jdk.nio.mapmode jdk.sctp jdk.security.auth jdk.security.jgss jdk.unsupported jdk.unsupported.desktop jdk.xml.dom" 
OS_ARCH="x86_64" 
OS_NAME="Windows" 
SOURCE=".:git:862c85bc42b7 open:git:78770bfaefd2" 

Environment Variables:
PATH=C:/Users/fatima/.p2/pool/plugins/org.eclipse.justj.openjdk.hotspot.jre.full.win32.x86_64_26.0.0.v20260408-1010/jre/bin/server;C:/Users/fatima/.p2/pool/plugins/org.eclipse.justj.openjdk.hotspot.jre.full.win32.x86_64_26.0.0.v20260408-1010/jre/bin;C:\Program Files\Common Files\Oracle\Java\javapath;C:\WINDOWS\system32;C:\WINDOWS;C:\WINDOWS\System32\Wbem;C:\WINDOWS\System32\WindowsPowerShell\v1.0\;C:\WINDOWS\System32\OpenSSH\;C:\MinGW\bin;C:\Program Files (x86)\Windows Kits\10\Windows Performance Toolkit\;C:\Program Files\dotnet\;C:\Program Files (x86)\Microsoft SQL Server\170\Tools\Binn\;C:\Program Files\Microsoft SQL Server\170\Tools\Binn\;C:\Program Files\Microsoft SQL Server\Client SDK\ODBC\180\Tools\Binn\;C:\Program Files\Microsoft SQL Server\170\DTS\Binn\;C:\Program Files (x86)\Microsoft SQL Server\160\DTS\Binn\;C:\Program Files\MySQL\MySQL Shell 8.0\bin\;D:\open\opencv\build\x64\vc16\lib;D:\open\opencv\build\x64\vc16\bin;C:\Users\fatima\AppData\Local\Microsoft\WindowsApps;C:\msys64\ucrt64\bin.;D:\winlibs-x86_64-posix-seh-gcc-13.2.0-mingw-w64ucrt-11.0.1-r8\mingw64\bin;;C:\WINDOWS\system32;
USERNAME=fatima
OS=Windows_NT
PROCESSOR_IDENTIFIER=Intel64 Family 6 Model 154 Stepping 4, GenuineIntel
TMP=C:\Users\fatima\AppData\Local\Temp
TEMP=C:\Users\fatima\AppData\Local\Temp




Compilation memory statistics disabled.

Periodic native trim disabled

---------------  S Y S T E M  ---------------

OS:
 Windows 11 , 64 bit Build 26100 (10.0.26100.8328)
OS uptime: 0 days 2:41 hours

CPU: total 12 (initial active 12) (6 cores per cpu, 2 threads per core) family 6 model 154 stepping 4 microcode 0x435, cx8, cmov, fxsr, ht, mmx, 3dnowpref, sse, sse2, sse3, ssse3, sse4.1, sse4.2, popcnt, lzcnt, tsc, tscinvbit, avx, avx2, aes, erms, clmul, bmi1, bmi2, adx, sha, fma, vzeroupper, clflush, clflushopt, clwb, serialize, rdtscp, rdpid, fsrm, gfni, f16c, pku, cet_ibt, cet_ss
Processor Information for processor 0
  Max Mhz: 1300, Current Mhz: 1300, Mhz Limit: 1300
Processor Information for processor 1
  Max Mhz: 1300, Current Mhz: 1300, Mhz Limit: 1300
Processor Information for processor 2
  Max Mhz: 1300, Current Mhz: 1300, Mhz Limit: 1300
Processor Information for processor 3
  Max Mhz: 1300, Current Mhz: 1300, Mhz Limit: 1300
Processor Information for processor 4
  Max Mhz: 900, Current Mhz: 900, Mhz Limit: 900
Processor Information for processor 5
  Max Mhz: 900, Current Mhz: 900, Mhz Limit: 900
Processor Information for processor 6
  Max Mhz: 900, Current Mhz: 900, Mhz Limit: 900
Processor Information for processor 7
  Max Mhz: 900, Current Mhz: 900, Mhz Limit: 900
Processor Information for processor 8
  Max Mhz: 900, Current Mhz: 900, Mhz Limit: 900
Processor Information for processor 9
  Max Mhz: 900, Current Mhz: 900, Mhz Limit: 900
Processor Information for processor 10
  Max Mhz: 900, Current Mhz: 900, Mhz Limit: 900
Processor Information for processor 11
  Max Mhz: 900, Current Mhz: 900, Mhz Limit: 900

Memory: 4k page, system-wide physical 7916M (1989M free)
TotalPageFile size 7916M (AvailPageFile size 29M)
current process WorkingSet (physical memory assigned to process): 114M, peak: 115M
current process commit charge ("private bytes"): 245M, peak: 254M

vm_info: Java HotSpot(TM) 64-Bit Server VM (25.0.1+8-LTS-27) for windows-amd64 JRE (25.0.1+8-LTS-27), built on 2025-09-25T16:41:16Z with unknown MS VC++:1943

END.
