#
# There is insufficient memory for the Java Runtime Environment to continue.
# Native memory allocation (mmap) failed to map 65536 bytes. Error detail: Failed to commit metaspace.
# Possible reasons:
#   The system is out of physical RAM or swap space
#   This process is running with CompressedOops enabled, and the Java Heap may be blocking the growth of the native heap
# Possible solutions:
#   Reduce memory load on the system
#   Increase physical memory or swap space
#   Check if swap backing store is full
#   Decrease Java heap size (-Xmx/-Xms)
#   Decrease number of Java threads
#   Decrease Java thread stack sizes (-Xss)
#   Set larger code cache with -XX:ReservedCodeCacheSize=
#   JVM is running with Unscaled Compressed Oops mode in which the Java heap is
#     placed in the first 4GB address space. The Java Heap base address is the
#     maximum limit for the native heap growth. Please use -XX:HeapBaseMinAddress
#     to set the Java Heap base and to place the Java Heap above 4GB virtual address.
# This output file may be truncated or incomplete.
#
#  Out of Memory Error (virtualSpaceNode.cpp:113), pid=13680, tid=13636
#
# JRE version: Java(TM) SE Runtime Environment (25.0.1+8) (build 25.0.1+8-LTS-27)
# Java VM: Java HotSpot(TM) 64-Bit Server VM (25.0.1+8-LTS-27, mixed mode, tiered, compressed oops, compressed class ptrs, g1 gc, windows-amd64)
# No core dump will be written. Minidumps are not enabled by default on client versions of Windows
#

---------------  S U M M A R Y ------------

Command Line: -Dfile.encoding=UTF-8 -Dstdout.encoding=UTF-8 -Dstderr.encoding=UTF-8 -XX:+ShowCodeDetailsInExceptionMessages secsem.swin

Host: 12th Gen Intel(R) Core(TM) i5-1235U, 12 cores, 7G,  Windows 11 , 64 bit Build 26100 (10.0.26100.8115)
Time: Tue Apr 14 17:50:09 2026 Pakistan Standard Time elapsed time: 3.281774 seconds (0d 0h 0m 3s)

---------------  T H R E A D  ---------------

Current thread (0x0000026c8d19e630):  JavaThread "main"             [_thread_in_vm, id=13636, stack(0x000000c86d400000,0x000000c86d500000) (1024K)]

Stack: [0x000000c86d400000,0x000000c86d500000]
Native frames: (J=compiled Java code, j=interpreted, Vv=VM code, C=native code)
V  [jvm.dll+0x7a6b59]  (no source info available)
V  [jvm.dll+0x77290d]  (no source info available)
V  [jvm.dll+0x966153]  (no source info available)
V  [jvm.dll+0x968751]  (no source info available)
V  [jvm.dll+0x968e53]  (no source info available)
V  [jvm.dll+0x2fc756]  (no source info available)
V  [jvm.dll+0x96301e]  (no source info available)
V  [jvm.dll+0x73db64]  (no source info available)
V  [jvm.dll+0x73dbca]  (no source info available)
V  [jvm.dll+0x7404b9]  (no source info available)
V  [jvm.dll+0x740245]  (no source info available)
V  [jvm.dll+0x29b372]  (no source info available)
V  [jvm.dll+0x73e588]  (no source info available)
V  [jvm.dll+0x2e2af9]  (no source info available)
V  [jvm.dll+0x28a99b]  (no source info available)
V  [jvm.dll+0x280856]  (no source info available)
V  [jvm.dll+0x668991]  (no source info available)
V  [jvm.dll+0x293271]  (no source info available)
V  [jvm.dll+0x8d4cbf]  (no source info available)
V  [jvm.dll+0x8d5d1a]  (no source info available)
V  [jvm.dll+0x8d6252]  (no source info available)
V  [jvm.dll+0x8d5fa6]  (no source info available)
V  [jvm.dll+0x2e5322]  (no source info available)
V  [jvm.dll+0x47345a]  (no source info available)
C  0x0000026c9f34edc1  (no source info available)

The last pc belongs to ldc (printed below).
Java frames: (J=compiled Java code, j=interpreted, Vv=VM code)
j  jdk.internal.access.SharedSecrets.getJavaUtilZipFileAccess()Ljdk/internal/access/JavaUtilZipFileAccess;+8 java.base@25.0.1
j  jdk.internal.loader.URLClassPath$JarLoader.<clinit>()V+0 java.base@25.0.1
v  ~StubRoutines::call_stub 0x0000026c9f3412ed
j  jdk.internal.loader.URLClassPath.getLoader(Ljava/net/URL;)Ljdk/internal/loader/URLClassPath$Loader;+111 java.base@25.0.1
j  jdk.internal.loader.URLClassPath.getLoader(I)Ljdk/internal/loader/URLClassPath$Loader;+84 java.base@25.0.1
j  jdk.internal.loader.URLClassPath$1.next()Z+24 java.base@25.0.1
j  jdk.internal.loader.URLClassPath$1.hasMoreElements()Z+1 java.base@25.0.1
j  jdk.internal.loader.BuiltinClassLoader$1.hasNext()Z+43 java.base@25.0.1
j  jdk.internal.loader.BuiltinClassLoader$1.hasMoreElements()Z+1 java.base@25.0.1
j  java.lang.CompoundEnumeration.next()Z+33 java.base@25.0.1
j  java.lang.CompoundEnumeration.hasMoreElements()Z+1 java.base@25.0.1
j  java.util.ServiceLoader$LazyClassPathLookupIterator.nextProviderClass()Ljava/lang/Class;+152 java.base@25.0.1
j  java.util.ServiceLoader$LazyClassPathLookupIterator.hasNextService()Z+15 java.base@25.0.1
j  java.util.ServiceLoader$LazyClassPathLookupIterator.hasNext()Z+1 java.base@25.0.1
j  java.util.ServiceLoader$1.hasNext()Z+16 java.base@25.0.1
j  java.util.ServiceLoader$2.hasNext()Z+32 java.base@25.0.1
j  jdk.internal.logger.BootstrapLogger$DetectBackend.detectBackend()Ljdk/internal/logger/BootstrapLogger$LoggingBackend;+13 java.base@25.0.1
j  jdk.internal.logger.BootstrapLogger$DetectBackend.<clinit>()V+0 java.base@25.0.1
v  ~StubRoutines::call_stub 0x0000026c9f3412ed
j  jdk.internal.logger.BootstrapLogger.useLazyLoggers()Z+6 java.base@25.0.1
j  jdk.internal.logger.LazyLoggers.getLazyLogger(Ljava/lang/String;Ljava/lang/Module;)Ljava/lang/System$Logger;+0 java.base@25.0.1
j  sun.util.logging.PlatformLogger.getLogger(Ljava/lang/String;)Lsun/util/logging/PlatformLogger;+41 java.base@25.0.1
j  java.awt.Component.<clinit>()V+19 java.desktop@25.0.1
v  ~StubRoutines::call_stub 0x0000026c9f3412ed
j  secsem.swin.main([Ljava/lang/String;)V+0
v  ~StubRoutines::call_stub 0x0000026c9f3412ed
Lock stack of current Java thread (top to bottom):
LockStack[1]: jdk.internal.loader.URLClassPath 
{0x000000008bf5f768} - klass: 'jdk/internal/loader/URLClassPath' - flags: 

 - ---- fields (total size 5 words):
 - private 'closed' 'Z' @12  false (0x00)
 - private final 'path' 'Ljava/util/ArrayList;' @16  a 'java/util/ArrayList'{0x000000008bf5f7d8} (0x8bf5f7d8)
 - private final 'unopenedUrls' 'Ljava/util/ArrayDeque;' @20  a 'java/util/ArrayDeque'{0x000000008bf60e60} (0x8bf60e60)
 - private final 'loaders' 'Ljava/util/ArrayList;' @24  a 'java/util/ArrayList'{0x000000008bf5f790} (0x8bf5f790)
 - private final 'lmap' 'Ljava/util/HashMap;' @28  a 'java/util/HashMap'{0x000000008bf5f7a8} (0x8bf5f7a8)
 - private final 'jarHandler' 'Ljava/net/URLStreamHandler;' @32  a 'sun/net/www/protocol/jar/Handler'{0x000000008bf60fb0} (0x8bf60fb0)
LockStack[0]: java.lang.Class 
{0x000000008bd194d0} - klass: 'java/lang/Class' - flags: 

 - ---- fields (total size 17 words):
 - private volatile transient 'classRedefinedCount' 'I' @12  0 (0x00000000)
 - injected 'klass' 'J' @16  352609224 (0x00000000150463c8)
 - injected 'array_klass' 'J' @24  0 (0x0000000000000000)
 - injected 'oop_size' 'I' @32  17 (0x00000011)
 - injected 'static_oop_field_count' 'I' @36  2 (0x00000002)
 - private final transient 'modifiers' 'C' @40    1 (0x0001)
 - private final transient 'primitive' 'Z' @42  false (0x00)
 - private volatile transient 'cachedConstructor' 'Ljava/lang/reflect/Constructor;' @44  null (0x00000000)
 - private transient 'name' 'Ljava/lang/String;' @48  null (0x00000000)
 - private transient 'module' 'Ljava/lang/Module;' @52  a 'java/lang/Module'{0x000000008bf65498} (0x8bf65498)
 - private final 'classLoader' 'Ljava/lang/ClassLoader;' @56  null (0x00000000)
 - private transient 'classData' 'Ljava/lang/Object;' @60  null (0x00000000)
 - private transient 'signers' '[Ljava/lang/Object;' @64  null (0x00000000)
 - private transient 'packageName' 'Ljava/lang/String;' @68  null (0x00000000)
 - private final transient 'componentType' 'Ljava/lang/Class;' @72  null (0x00000000)
 - private final transient 'protectionDomain' 'Ljava/security/ProtectionDomain;' @76  null (0x00000000)
 - private volatile transient 'reflectionData' 'Ljava/lang/ref/SoftReference;' @80  null (0x00000000)
 - private volatile transient 'genericInfo' 'Lsun/reflect/generics/repository/ClassRepository;' @84  null (0x00000000)
 - private volatile transient 'enumConstants' '[Ljava/lang/Object;' @88  null (0x00000000)
 - private volatile transient 'enumConstantDirectory' 'Ljava/util/Map;' @92  null (0x00000000)
 - private volatile transient 'annotationData' 'Ljava/lang/Class$AnnotationData;' @96  null (0x00000000)
 - private volatile transient 'annotationType' 'Lsun/reflect/annotation/AnnotationType;' @100  null (0x00000000)
 - transient 'classValueMap' 'Ljava/lang/ClassValue$ClassValueMap;' @104  null (0x00000000)
 - injected 'source_file' 'Ljava/lang/Object;' @108  null (0x00000000)
 - injected '<init_lock>' 'Ljava/lang/Object;' @112  null (0x00000000)
 - signature: Lsun/util/logging/PlatformLogger;
 - ---- static fields (2):
 - private static final 'loggers' 'Ljava/util/Map;' @120  a 'java/util/HashMap'{0x000000008bd19568} (0x8bd19568)
 - private static final 'spi2platformLevelMapping' '[Lsun/util/logging/PlatformLogger$Level;' @124  a 'sun/util/logging/PlatformLogger$Level'[7] {0x000000008bd196e8} (0x8bd196e8)
 - static final synthetic '$assertionsDisabled' 'Z' @128  true (0x01)

ldc  18 ldc  [0x0000026c9f34ed20, 0x0000026c9f34efc8]  680 bytes
[MachCode]
  0x0000026c9f34ed20: 4883 ec08 | c5fa 1104 | 24eb 1f48 | 83ec 10c5 | fb11 0424 | eb14 4883 | ec10 4889 | 0424 48c7 
  0x0000026c9f34ed40: 4424 0800 | 0000 00eb | 0150 410f | b65d 0148 | 8b4d e848 | 8b49 0848 | 8b49 0848 | 8b41 080f 
  0x0000026c9f34ed60: b654 1804 | 83fa 6474 | 0e83 fa67 | 7409 83fa | 070f 85bd | 0000 00ba | 0000 0000 | e805 0000 
  0x0000026c9f34ed80: 00e9 a800 | 0000 488d | 4424 084c | 896d c049 | 8bcf c5f8 | 7749 89af | 3804 0000 | 4989 8728 
  0x0000026c9f34eda0: 0400 0048 | 83ec 2040 | f6c4 0f0f | 8419 0000 | 0048 83ec | 0848 b840 | 3352 7bf8 | 7f00 00ff 
  0x0000026c9f34edc0: d048 83c4 | 08e9 0c00 | 0000 48b8 | 4033 527b | f87f 0000 | ffd0 4883 | c420 49c7 | 8728 0400 
  0x0000026c9f34ede0: 0000 0000 | 0049 c787 | 3804 0000 | 0000 0000 | 49c7 8730 | 0400 0000 | 0000 00c5 | f877 4983 
  0x0000026c9f34ee00: 7f08 000f | 8405 0000 | 00e9 d223 | ffff 498b | 8780 0400 | 0049 c787 | 8004 0000 | 0000 0000 
  0x0000026c9f34ee20: 4c8b 6dc0 | 4c8b 75c8 | 4e8d 74f5 | 00c3 50e9 | 7c01 0000 | 83fa 0475 | 14c5 fa10 | 44d9 4848 
  0x0000026c9f34ee40: 83ec 08c5 | fa11 0424 | e963 0100 | 0083 fa03 | 750a 8b44 | d948 50e9 | 5401 0000 | ba12 0000 
  0x0000026c9f34ee60: 00e8 0500 | 0000 e9a8 | 0000 0048 | 8d44 2408 | 4c89 6dc0 | 498b cfc5 | f877 4989 | af38 0400 
  0x0000026c9f34ee80: 0049 8987 | 2804 0000 | 4883 ec20 | 40f6 c40f | 0f84 1900 | 0000 4883 | ec08 48b8 | 6058 527b 
  0x0000026c9f34eea0: f87f 0000 | ffd0 4883 | c408 e90c | 0000 0048 | b860 5852 | 7bf8 7f00 | 00ff d048 | 83c4 2049 
  0x0000026c9f34eec0: c787 2804 | 0000 0000 | 0000 49c7 | 8738 0400 | 0000 0000 | 0049 c787 | 3004 0000 | 0000 0000 
  0x0000026c9f34eee0: c5f8 7749 | 837f 0800 | 0f84 0500 | 0000 e9ed | 22ff ff49 | 8b87 8004 | 0000 49c7 | 8780 0400 
  0x0000026c9f34ef00: 0000 0000 | 004c 8b6d | c04c 8b75 | c84e 8d74 | f500 c349 | 8b8f 8804 | 0000 49c7 | 8788 0400 
  0x0000026c9f34ef20: 0000 0000 | 008b d981 | e3ff ff00 | 00c1 e91c | 83e1 0f83 | f904 7509 | 8b04 1850 | e96f 0000 
  0x0000026c9f34ef40: 0083 f906 | 7513 c5fa | 1004 1848 | 83ec 08c5 | fa11 0424 | e957 0000 | 0083 f903 | 750a 0fbf 
  0x0000026c9f34ef60: 0418 50e9 | 4800 0000 | 83f9 0075 | 0a0f be04 | 1850 e939 | 0000 0083 | f902 750a | 0fb7 0418 
  0x0000026c9f34ef80: 50e9 2a00 | 0000 83f9 | 0175 0a0f | be04 1850 | e91b 0000 | 0048 b9c0 | 32c1 7bf8 | 7f00 0048 
  0x0000026c9f34efa0: 83e4 f048 | b800 8d79 | 7bf8 7f00 | 00ff d0f4 | 410f b65d | 0249 83c5 | 0249 ba80 | e0e3 7bf8 
  0x0000026c9f34efc0: 7f00 0041 | ff24 da90 
[/MachCode]

---------------  P R O C E S S  ---------------

Threads class SMR info:
_java_thread_list=0x0000026cac7f8970, length=11, elements={
0x0000026c8d19e630, 0x0000026cac662f90, 0x0000026cac664960, 0x0000026cac666460,
0x0000026cac668030, 0x0000026cac668bf0, 0x0000026cac66a320, 0x0000026cac693060,
0x0000026cac699d50, 0x0000026cac81a180, 0x0000026cac825790
}

Java Threads: ( => current thread )
=>0x0000026c8d19e630 JavaThread "main"                              [_thread_in_vm, id=13636, stack(0x000000c86d400000,0x000000c86d500000) (1024K)]
  0x0000026cac662f90 JavaThread "Reference Handler"          daemon [_thread_blocked, id=13756, stack(0x000000c86dc00000,0x000000c86dd00000) (1024K)]
  0x0000026cac664960 JavaThread "Finalizer"                  daemon [_thread_blocked, id=12076, stack(0x000000c86dd00000,0x000000c86de00000) (1024K)]
  0x0000026cac666460 JavaThread "Signal Dispatcher"          daemon [_thread_blocked, id=5308, stack(0x000000c86de00000,0x000000c86df00000) (1024K)]
  0x0000026cac668030 JavaThread "Attach Listener"            daemon [_thread_blocked, id=9100, stack(0x000000c86df00000,0x000000c86e000000) (1024K)]
  0x0000026cac668bf0 JavaThread "Service Thread"             daemon [_thread_blocked, id=10008, stack(0x000000c86e000000,0x000000c86e100000) (1024K)]
  0x0000026cac66a320 JavaThread "Monitor Deflation Thread"   daemon [_thread_blocked, id=8160, stack(0x000000c86e100000,0x000000c86e200000) (1024K)]
  0x0000026cac693060 JavaThread "C2 CompilerThread0"         daemon [_thread_blocked, id=6984, stack(0x000000c86e200000,0x000000c86e300000) (1024K)]
  0x0000026cac699d50 JavaThread "C1 CompilerThread0"         daemon [_thread_blocked, id=220, stack(0x000000c86e300000,0x000000c86e400000) (1024K)]
  0x0000026cac81a180 JavaThread "Notification Thread"        daemon [_thread_blocked, id=13520, stack(0x000000c86e400000,0x000000c86e500000) (1024K)]
  0x0000026cac825790 JavaThread "Common-Cleaner"             daemon [_thread_blocked, id=13264, stack(0x000000c86e500000,0x000000c86e600000) (1024K)]
Total: 11

Other Threads:
  0x0000026cac6018d0 VMThread "VM Thread"                           [id=16212, stack(0x000000c86db00000,0x000000c86dc00000) (1024K)]
  0x0000026cac5eb480 WatcherThread "VM Periodic Task Thread"        [id=11216, stack(0x000000c86da00000,0x000000c86db00000) (1024K)]
  0x0000026c8f5e2d50 WorkerThread "GC Thread#0"                     [id=848, stack(0x000000c86d500000,0x000000c86d600000) (1024K)]
  0x0000026c8f5fd370 ConcurrentGCThread "G1 Main Marker"            [id=12576, stack(0x000000c86d600000,0x000000c86d700000) (1024K)]
  0x0000026c8f5fdd10 WorkerThread "G1 Conc#0"                       [id=8316, stack(0x000000c86d700000,0x000000c86d800000) (1024K)]
  0x0000026cac4b94e0 ConcurrentGCThread "G1 Refine#0"               [id=10104, stack(0x000000c86d800000,0x000000c86d900000) (1024K)]
  0x0000026cac4b9da0 ConcurrentGCThread "G1 Service"                [id=14808, stack(0x000000c86d900000,0x000000c86da00000) (1024K)]
Total: 7

Threads with active compile tasks:
Total: 0

VM state: not at safepoint (normal execution)

VM Mutex/Monitor currently owned by a thread:  ([mutex/lock_event])
[0x00007ff87be272e8] Metaspace_lock - owner thread: 0x0000026c8d19e630

Heap address: 0x0000000084400000, size: 1980 MB, Compressed Oops mode: 32-bit

CDS archive(s) not mapped
Compressed class space mapped at: 0x0000000015000000-0x0000000055000000, reserved size: 1073741824
UseCompressedClassPointers 1, UseCompactObjectHeaders 0
Narrow klass pointer bits 32, Max shift 3
Narrow klass base: 0x0000000000000000, Narrow klass shift: 0
Encoding Range: [0x0000000000000000 - 0x0000000100000000), (4294967296 bytes)
Klass Range:    [0x0000000015000000 - 0x0000000055000000), (1073741824 bytes)
Klass ID Range:  [352321536 - 1426063353) (1073741817)
No protection zone.

GC Precious Log:
 CardTable entry size: 512
 Card Set container configuration: InlinePtr #cards 5 size 8 Array Of Cards #cards 10 size 36 Howl #buckets 4 coarsen threshold 1843 Howl Bitmap #cards 512 size 80 coarsen threshold 460 Card regions per heap region 1 cards per card region 2048
 CPUs: 12 total, 12 available
 Memory: 7916M
 Large Page Support: Disabled
 NUMA Support: Disabled
 Compressed Oops: Enabled (32-bit)
 Heap Region Size: 1M
 Heap Min Capacity: 8M
 Heap Initial Capacity: 124M
 Heap Max Capacity: 1980M
 Pre-touch: Disabled
 Parallel Workers: 10
 Concurrent Workers: 3
 Concurrent Refinement Workers: 10
 Periodic GC: Disabled

Heap:
 garbage-first heap   total reserved 2027520K, committed 126976K, used 2048K [0x0000000084400000, 0x0000000100000000)
  region size 1024K, 3 young (3072K), 0 survivors (0K)

Heap Regions: E=young(eden), S=young(survivor), O=old, HS=humongous(starts), HC=humongous(continues), CS=collection set, F=free, TAMS=top-at-mark-start, PB=parsable bottom
|   0|0x0000000084400000, 0x0000000084400000, 0x0000000084500000|  0%| F|  |TAMS 0x0000000084400000| PB 0x0000000084400000| Untracked |  0
|   1|0x0000000084500000, 0x0000000084500000, 0x0000000084600000|  0%| F|  |TAMS 0x0000000084500000| PB 0x0000000084500000| Untracked |  0
|   2|0x0000000084600000, 0x0000000084600000, 0x0000000084700000|  0%| F|  |TAMS 0x0000000084600000| PB 0x0000000084600000| Untracked |  0
|   3|0x0000000084700000, 0x0000000084700000, 0x0000000084800000|  0%| F|  |TAMS 0x0000000084700000| PB 0x0000000084700000| Untracked |  0
|   4|0x0000000084800000, 0x0000000084800000, 0x0000000084900000|  0%| F|  |TAMS 0x0000000084800000| PB 0x0000000084800000| Untracked |  0
|   5|0x0000000084900000, 0x0000000084900000, 0x0000000084a00000|  0%| F|  |TAMS 0x0000000084900000| PB 0x0000000084900000| Untracked |  0
|   6|0x0000000084a00000, 0x0000000084a00000, 0x0000000084b00000|  0%| F|  |TAMS 0x0000000084a00000| PB 0x0000000084a00000| Untracked |  0
|   7|0x0000000084b00000, 0x0000000084b00000, 0x0000000084c00000|  0%| F|  |TAMS 0x0000000084b00000| PB 0x0000000084b00000| Untracked |  0
|   8|0x0000000084c00000, 0x0000000084c00000, 0x0000000084d00000|  0%| F|  |TAMS 0x0000000084c00000| PB 0x0000000084c00000| Untracked |  0
|   9|0x0000000084d00000, 0x0000000084d00000, 0x0000000084e00000|  0%| F|  |TAMS 0x0000000084d00000| PB 0x0000000084d00000| Untracked |  0
|  10|0x0000000084e00000, 0x0000000084e00000, 0x0000000084f00000|  0%| F|  |TAMS 0x0000000084e00000| PB 0x0000000084e00000| Untracked |  0
|  11|0x0000000084f00000, 0x0000000084f00000, 0x0000000085000000|  0%| F|  |TAMS 0x0000000084f00000| PB 0x0000000084f00000| Untracked |  0
|  12|0x0000000085000000, 0x0000000085000000, 0x0000000085100000|  0%| F|  |TAMS 0x0000000085000000| PB 0x0000000085000000| Untracked |  0
|  13|0x0000000085100000, 0x0000000085100000, 0x0000000085200000|  0%| F|  |TAMS 0x0000000085100000| PB 0x0000000085100000| Untracked |  0
|  14|0x0000000085200000, 0x0000000085200000, 0x0000000085300000|  0%| F|  |TAMS 0x0000000085200000| PB 0x0000000085200000| Untracked |  0
|  15|0x0000000085300000, 0x0000000085300000, 0x0000000085400000|  0%| F|  |TAMS 0x0000000085300000| PB 0x0000000085300000| Untracked |  0
|  16|0x0000000085400000, 0x0000000085400000, 0x0000000085500000|  0%| F|  |TAMS 0x0000000085400000| PB 0x0000000085400000| Untracked |  0
|  17|0x0000000085500000, 0x0000000085500000, 0x0000000085600000|  0%| F|  |TAMS 0x0000000085500000| PB 0x0000000085500000| Untracked |  0
|  18|0x0000000085600000, 0x0000000085600000, 0x0000000085700000|  0%| F|  |TAMS 0x0000000085600000| PB 0x0000000085600000| Untracked |  0
|  19|0x0000000085700000, 0x0000000085700000, 0x0000000085800000|  0%| F|  |TAMS 0x0000000085700000| PB 0x0000000085700000| Untracked |  0
|  20|0x0000000085800000, 0x0000000085800000, 0x0000000085900000|  0%| F|  |TAMS 0x0000000085800000| PB 0x0000000085800000| Untracked |  0
|  21|0x0000000085900000, 0x0000000085900000, 0x0000000085a00000|  0%| F|  |TAMS 0x0000000085900000| PB 0x0000000085900000| Untracked |  0
|  22|0x0000000085a00000, 0x0000000085a00000, 0x0000000085b00000|  0%| F|  |TAMS 0x0000000085a00000| PB 0x0000000085a00000| Untracked |  0
|  23|0x0000000085b00000, 0x0000000085b00000, 0x0000000085c00000|  0%| F|  |TAMS 0x0000000085b00000| PB 0x0000000085b00000| Untracked |  0
|  24|0x0000000085c00000, 0x0000000085c00000, 0x0000000085d00000|  0%| F|  |TAMS 0x0000000085c00000| PB 0x0000000085c00000| Untracked |  0
|  25|0x0000000085d00000, 0x0000000085d00000, 0x0000000085e00000|  0%| F|  |TAMS 0x0000000085d00000| PB 0x0000000085d00000| Untracked |  0
|  26|0x0000000085e00000, 0x0000000085e00000, 0x0000000085f00000|  0%| F|  |TAMS 0x0000000085e00000| PB 0x0000000085e00000| Untracked |  0
|  27|0x0000000085f00000, 0x0000000085f00000, 0x0000000086000000|  0%| F|  |TAMS 0x0000000085f00000| PB 0x0000000085f00000| Untracked |  0
|  28|0x0000000086000000, 0x0000000086000000, 0x0000000086100000|  0%| F|  |TAMS 0x0000000086000000| PB 0x0000000086000000| Untracked |  0
|  29|0x0000000086100000, 0x0000000086100000, 0x0000000086200000|  0%| F|  |TAMS 0x0000000086100000| PB 0x0000000086100000| Untracked |  0
|  30|0x0000000086200000, 0x0000000086200000, 0x0000000086300000|  0%| F|  |TAMS 0x0000000086200000| PB 0x0000000086200000| Untracked |  0
|  31|0x0000000086300000, 0x0000000086300000, 0x0000000086400000|  0%| F|  |TAMS 0x0000000086300000| PB 0x0000000086300000| Untracked |  0
|  32|0x0000000086400000, 0x0000000086400000, 0x0000000086500000|  0%| F|  |TAMS 0x0000000086400000| PB 0x0000000086400000| Untracked |  0
|  33|0x0000000086500000, 0x0000000086500000, 0x0000000086600000|  0%| F|  |TAMS 0x0000000086500000| PB 0x0000000086500000| Untracked |  0
|  34|0x0000000086600000, 0x0000000086600000, 0x0000000086700000|  0%| F|  |TAMS 0x0000000086600000| PB 0x0000000086600000| Untracked |  0
|  35|0x0000000086700000, 0x0000000086700000, 0x0000000086800000|  0%| F|  |TAMS 0x0000000086700000| PB 0x0000000086700000| Untracked |  0
|  36|0x0000000086800000, 0x0000000086800000, 0x0000000086900000|  0%| F|  |TAMS 0x0000000086800000| PB 0x0000000086800000| Untracked |  0
|  37|0x0000000086900000, 0x0000000086900000, 0x0000000086a00000|  0%| F|  |TAMS 0x0000000086900000| PB 0x0000000086900000| Untracked |  0
|  38|0x0000000086a00000, 0x0000000086a00000, 0x0000000086b00000|  0%| F|  |TAMS 0x0000000086a00000| PB 0x0000000086a00000| Untracked |  0
|  39|0x0000000086b00000, 0x0000000086b00000, 0x0000000086c00000|  0%| F|  |TAMS 0x0000000086b00000| PB 0x0000000086b00000| Untracked |  0
|  40|0x0000000086c00000, 0x0000000086c00000, 0x0000000086d00000|  0%| F|  |TAMS 0x0000000086c00000| PB 0x0000000086c00000| Untracked |  0
|  41|0x0000000086d00000, 0x0000000086d00000, 0x0000000086e00000|  0%| F|  |TAMS 0x0000000086d00000| PB 0x0000000086d00000| Untracked |  0
|  42|0x0000000086e00000, 0x0000000086e00000, 0x0000000086f00000|  0%| F|  |TAMS 0x0000000086e00000| PB 0x0000000086e00000| Untracked |  0
|  43|0x0000000086f00000, 0x0000000086f00000, 0x0000000087000000|  0%| F|  |TAMS 0x0000000086f00000| PB 0x0000000086f00000| Untracked |  0
|  44|0x0000000087000000, 0x0000000087000000, 0x0000000087100000|  0%| F|  |TAMS 0x0000000087000000| PB 0x0000000087000000| Untracked |  0
|  45|0x0000000087100000, 0x0000000087100000, 0x0000000087200000|  0%| F|  |TAMS 0x0000000087100000| PB 0x0000000087100000| Untracked |  0
|  46|0x0000000087200000, 0x0000000087200000, 0x0000000087300000|  0%| F|  |TAMS 0x0000000087200000| PB 0x0000000087200000| Untracked |  0
|  47|0x0000000087300000, 0x0000000087300000, 0x0000000087400000|  0%| F|  |TAMS 0x0000000087300000| PB 0x0000000087300000| Untracked |  0
|  48|0x0000000087400000, 0x0000000087400000, 0x0000000087500000|  0%| F|  |TAMS 0x0000000087400000| PB 0x0000000087400000| Untracked |  0
|  49|0x0000000087500000, 0x0000000087500000, 0x0000000087600000|  0%| F|  |TAMS 0x0000000087500000| PB 0x0000000087500000| Untracked |  0
|  50|0x0000000087600000, 0x0000000087600000, 0x0000000087700000|  0%| F|  |TAMS 0x0000000087600000| PB 0x0000000087600000| Untracked |  0
|  51|0x0000000087700000, 0x0000000087700000, 0x0000000087800000|  0%| F|  |TAMS 0x0000000087700000| PB 0x0000000087700000| Untracked |  0
|  52|0x0000000087800000, 0x0000000087800000, 0x0000000087900000|  0%| F|  |TAMS 0x0000000087800000| PB 0x0000000087800000| Untracked |  0
|  53|0x0000000087900000, 0x0000000087900000, 0x0000000087a00000|  0%| F|  |TAMS 0x0000000087900000| PB 0x0000000087900000| Untracked |  0
|  54|0x0000000087a00000, 0x0000000087a00000, 0x0000000087b00000|  0%| F|  |TAMS 0x0000000087a00000| PB 0x0000000087a00000| Untracked |  0
|  55|0x0000000087b00000, 0x0000000087b00000, 0x0000000087c00000|  0%| F|  |TAMS 0x0000000087b00000| PB 0x0000000087b00000| Untracked |  0
|  56|0x0000000087c00000, 0x0000000087c00000, 0x0000000087d00000|  0%| F|  |TAMS 0x0000000087c00000| PB 0x0000000087c00000| Untracked |  0
|  57|0x0000000087d00000, 0x0000000087d00000, 0x0000000087e00000|  0%| F|  |TAMS 0x0000000087d00000| PB 0x0000000087d00000| Untracked |  0
|  58|0x0000000087e00000, 0x0000000087e00000, 0x0000000087f00000|  0%| F|  |TAMS 0x0000000087e00000| PB 0x0000000087e00000| Untracked |  0
|  59|0x0000000087f00000, 0x0000000087f00000, 0x0000000088000000|  0%| F|  |TAMS 0x0000000087f00000| PB 0x0000000087f00000| Untracked |  0
|  60|0x0000000088000000, 0x0000000088000000, 0x0000000088100000|  0%| F|  |TAMS 0x0000000088000000| PB 0x0000000088000000| Untracked |  0
|  61|0x0000000088100000, 0x0000000088100000, 0x0000000088200000|  0%| F|  |TAMS 0x0000000088100000| PB 0x0000000088100000| Untracked |  0
|  62|0x0000000088200000, 0x0000000088200000, 0x0000000088300000|  0%| F|  |TAMS 0x0000000088200000| PB 0x0000000088200000| Untracked |  0
|  63|0x0000000088300000, 0x0000000088300000, 0x0000000088400000|  0%| F|  |TAMS 0x0000000088300000| PB 0x0000000088300000| Untracked |  0
|  64|0x0000000088400000, 0x0000000088400000, 0x0000000088500000|  0%| F|  |TAMS 0x0000000088400000| PB 0x0000000088400000| Untracked |  0
|  65|0x0000000088500000, 0x0000000088500000, 0x0000000088600000|  0%| F|  |TAMS 0x0000000088500000| PB 0x0000000088500000| Untracked |  0
|  66|0x0000000088600000, 0x0000000088600000, 0x0000000088700000|  0%| F|  |TAMS 0x0000000088600000| PB 0x0000000088600000| Untracked |  0
|  67|0x0000000088700000, 0x0000000088700000, 0x0000000088800000|  0%| F|  |TAMS 0x0000000088700000| PB 0x0000000088700000| Untracked |  0
|  68|0x0000000088800000, 0x0000000088800000, 0x0000000088900000|  0%| F|  |TAMS 0x0000000088800000| PB 0x0000000088800000| Untracked |  0
|  69|0x0000000088900000, 0x0000000088900000, 0x0000000088a00000|  0%| F|  |TAMS 0x0000000088900000| PB 0x0000000088900000| Untracked |  0
|  70|0x0000000088a00000, 0x0000000088a00000, 0x0000000088b00000|  0%| F|  |TAMS 0x0000000088a00000| PB 0x0000000088a00000| Untracked |  0
|  71|0x0000000088b00000, 0x0000000088b00000, 0x0000000088c00000|  0%| F|  |TAMS 0x0000000088b00000| PB 0x0000000088b00000| Untracked |  0
|  72|0x0000000088c00000, 0x0000000088c00000, 0x0000000088d00000|  0%| F|  |TAMS 0x0000000088c00000| PB 0x0000000088c00000| Untracked |  0
|  73|0x0000000088d00000, 0x0000000088d00000, 0x0000000088e00000|  0%| F|  |TAMS 0x0000000088d00000| PB 0x0000000088d00000| Untracked |  0
|  74|0x0000000088e00000, 0x0000000088e00000, 0x0000000088f00000|  0%| F|  |TAMS 0x0000000088e00000| PB 0x0000000088e00000| Untracked |  0
|  75|0x0000000088f00000, 0x0000000088f00000, 0x0000000089000000|  0%| F|  |TAMS 0x0000000088f00000| PB 0x0000000088f00000| Untracked |  0
|  76|0x0000000089000000, 0x0000000089000000, 0x0000000089100000|  0%| F|  |TAMS 0x0000000089000000| PB 0x0000000089000000| Untracked |  0
|  77|0x0000000089100000, 0x0000000089100000, 0x0000000089200000|  0%| F|  |TAMS 0x0000000089100000| PB 0x0000000089100000| Untracked |  0
|  78|0x0000000089200000, 0x0000000089200000, 0x0000000089300000|  0%| F|  |TAMS 0x0000000089200000| PB 0x0000000089200000| Untracked |  0
|  79|0x0000000089300000, 0x0000000089300000, 0x0000000089400000|  0%| F|  |TAMS 0x0000000089300000| PB 0x0000000089300000| Untracked |  0
|  80|0x0000000089400000, 0x0000000089400000, 0x0000000089500000|  0%| F|  |TAMS 0x0000000089400000| PB 0x0000000089400000| Untracked |  0
|  81|0x0000000089500000, 0x0000000089500000, 0x0000000089600000|  0%| F|  |TAMS 0x0000000089500000| PB 0x0000000089500000| Untracked |  0
|  82|0x0000000089600000, 0x0000000089600000, 0x0000000089700000|  0%| F|  |TAMS 0x0000000089600000| PB 0x0000000089600000| Untracked |  0
|  83|0x0000000089700000, 0x0000000089700000, 0x0000000089800000|  0%| F|  |TAMS 0x0000000089700000| PB 0x0000000089700000| Untracked |  0
|  84|0x0000000089800000, 0x0000000089800000, 0x0000000089900000|  0%| F|  |TAMS 0x0000000089800000| PB 0x0000000089800000| Untracked |  0
|  85|0x0000000089900000, 0x0000000089900000, 0x0000000089a00000|  0%| F|  |TAMS 0x0000000089900000| PB 0x0000000089900000| Untracked |  0
|  86|0x0000000089a00000, 0x0000000089a00000, 0x0000000089b00000|  0%| F|  |TAMS 0x0000000089a00000| PB 0x0000000089a00000| Untracked |  0
|  87|0x0000000089b00000, 0x0000000089b00000, 0x0000000089c00000|  0%| F|  |TAMS 0x0000000089b00000| PB 0x0000000089b00000| Untracked |  0
|  88|0x0000000089c00000, 0x0000000089c00000, 0x0000000089d00000|  0%| F|  |TAMS 0x0000000089c00000| PB 0x0000000089c00000| Untracked |  0
|  89|0x0000000089d00000, 0x0000000089d00000, 0x0000000089e00000|  0%| F|  |TAMS 0x0000000089d00000| PB 0x0000000089d00000| Untracked |  0
|  90|0x0000000089e00000, 0x0000000089e00000, 0x0000000089f00000|  0%| F|  |TAMS 0x0000000089e00000| PB 0x0000000089e00000| Untracked |  0
|  91|0x0000000089f00000, 0x0000000089f00000, 0x000000008a000000|  0%| F|  |TAMS 0x0000000089f00000| PB 0x0000000089f00000| Untracked |  0
|  92|0x000000008a000000, 0x000000008a000000, 0x000000008a100000|  0%| F|  |TAMS 0x000000008a000000| PB 0x000000008a000000| Untracked |  0
|  93|0x000000008a100000, 0x000000008a100000, 0x000000008a200000|  0%| F|  |TAMS 0x000000008a100000| PB 0x000000008a100000| Untracked |  0
|  94|0x000000008a200000, 0x000000008a200000, 0x000000008a300000|  0%| F|  |TAMS 0x000000008a200000| PB 0x000000008a200000| Untracked |  0
|  95|0x000000008a300000, 0x000000008a300000, 0x000000008a400000|  0%| F|  |TAMS 0x000000008a300000| PB 0x000000008a300000| Untracked |  0
|  96|0x000000008a400000, 0x000000008a400000, 0x000000008a500000|  0%| F|  |TAMS 0x000000008a400000| PB 0x000000008a400000| Untracked |  0
|  97|0x000000008a500000, 0x000000008a500000, 0x000000008a600000|  0%| F|  |TAMS 0x000000008a500000| PB 0x000000008a500000| Untracked |  0
|  98|0x000000008a600000, 0x000000008a600000, 0x000000008a700000|  0%| F|  |TAMS 0x000000008a600000| PB 0x000000008a600000| Untracked |  0
|  99|0x000000008a700000, 0x000000008a700000, 0x000000008a800000|  0%| F|  |TAMS 0x000000008a700000| PB 0x000000008a700000| Untracked |  0
| 100|0x000000008a800000, 0x000000008a800000, 0x000000008a900000|  0%| F|  |TAMS 0x000000008a800000| PB 0x000000008a800000| Untracked |  0
| 101|0x000000008a900000, 0x000000008a900000, 0x000000008aa00000|  0%| F|  |TAMS 0x000000008a900000| PB 0x000000008a900000| Untracked |  0
| 102|0x000000008aa00000, 0x000000008aa00000, 0x000000008ab00000|  0%| F|  |TAMS 0x000000008aa00000| PB 0x000000008aa00000| Untracked |  0
| 103|0x000000008ab00000, 0x000000008ab00000, 0x000000008ac00000|  0%| F|  |TAMS 0x000000008ab00000| PB 0x000000008ab00000| Untracked |  0
| 104|0x000000008ac00000, 0x000000008ac00000, 0x000000008ad00000|  0%| F|  |TAMS 0x000000008ac00000| PB 0x000000008ac00000| Untracked |  0
| 105|0x000000008ad00000, 0x000000008ad00000, 0x000000008ae00000|  0%| F|  |TAMS 0x000000008ad00000| PB 0x000000008ad00000| Untracked |  0
| 106|0x000000008ae00000, 0x000000008ae00000, 0x000000008af00000|  0%| F|  |TAMS 0x000000008ae00000| PB 0x000000008ae00000| Untracked |  0
| 107|0x000000008af00000, 0x000000008af00000, 0x000000008b000000|  0%| F|  |TAMS 0x000000008af00000| PB 0x000000008af00000| Untracked |  0
| 108|0x000000008b000000, 0x000000008b000000, 0x000000008b100000|  0%| F|  |TAMS 0x000000008b000000| PB 0x000000008b000000| Untracked |  0
| 109|0x000000008b100000, 0x000000008b100000, 0x000000008b200000|  0%| F|  |TAMS 0x000000008b100000| PB 0x000000008b100000| Untracked |  0
| 110|0x000000008b200000, 0x000000008b200000, 0x000000008b300000|  0%| F|  |TAMS 0x000000008b200000| PB 0x000000008b200000| Untracked |  0
| 111|0x000000008b300000, 0x000000008b300000, 0x000000008b400000|  0%| F|  |TAMS 0x000000008b300000| PB 0x000000008b300000| Untracked |  0
| 112|0x000000008b400000, 0x000000008b400000, 0x000000008b500000|  0%| F|  |TAMS 0x000000008b400000| PB 0x000000008b400000| Untracked |  0
| 113|0x000000008b500000, 0x000000008b500000, 0x000000008b600000|  0%| F|  |TAMS 0x000000008b500000| PB 0x000000008b500000| Untracked |  0
| 114|0x000000008b600000, 0x000000008b600000, 0x000000008b700000|  0%| F|  |TAMS 0x000000008b600000| PB 0x000000008b600000| Untracked |  0
| 115|0x000000008b700000, 0x000000008b700000, 0x000000008b800000|  0%| F|  |TAMS 0x000000008b700000| PB 0x000000008b700000| Untracked |  0
| 116|0x000000008b800000, 0x000000008b800000, 0x000000008b900000|  0%| F|  |TAMS 0x000000008b800000| PB 0x000000008b800000| Untracked |  0
| 117|0x000000008b900000, 0x000000008b900000, 0x000000008ba00000|  0%| F|  |TAMS 0x000000008b900000| PB 0x000000008b900000| Untracked |  0
| 118|0x000000008ba00000, 0x000000008ba00000, 0x000000008bb00000|  0%| F|  |TAMS 0x000000008ba00000| PB 0x000000008ba00000| Untracked |  0
| 119|0x000000008bb00000, 0x000000008bb00000, 0x000000008bc00000|  0%| F|  |TAMS 0x000000008bb00000| PB 0x000000008bb00000| Untracked |  0
| 120|0x000000008bc00000, 0x000000008bc00000, 0x000000008bd00000|  0%| F|  |TAMS 0x000000008bc00000| PB 0x000000008bc00000| Untracked |  0
| 121|0x000000008bd00000, 0x000000008bd80000, 0x000000008be00000| 50%| E|  |TAMS 0x000000008bd00000| PB 0x000000008bd00000| Complete |  0
| 122|0x000000008be00000, 0x000000008bf00000, 0x000000008bf00000|100%| E|CS|TAMS 0x000000008be00000| PB 0x000000008be00000| Complete |  0
| 123|0x000000008bf00000, 0x000000008c000000, 0x000000008c000000|100%| E|CS|TAMS 0x000000008bf00000| PB 0x000000008bf00000| Complete |  0

Card table byte_map: [0x0000026ca7740000,0x0000026ca7b20000] _byte_map_base: 0x0000026ca731e000

Marking Bits: (CMBitMap*) 0x0000026c8f5e56f0
 Bits: [0x0000026ca7b20000, 0x0000026ca9a10000)

Polling page: 0x0000026c8d790000

Metaspace:
Metaspace        used 6953K, committed 7040K, reserved 1114112K
 class space     used 433K, committed 512K, reserved 1048576K

Usage:
  Non-class:      6.37 MB used.
      Class:    433.99 KB used.
       Both:      6.79 MB used.

Virtual space:
  Non-class space:       64.00 MB reserved,       6.38 MB ( 10%) committed,  1 nodes.
      Class space:        1.00 GB reserved,     512.00 KB ( <1%) committed,  1 nodes.
             Both:        1.06 GB reserved,       6.88 MB ( <1%) committed. 

Chunk freelists:
   Non-Class:  9.00 MB
       Class:  15.50 MB
        Both:  24.50 MB

MaxMetaspaceSize: unlimited
CompressedClassSpaceSize: 1.00 GB
Initial GC threshold: 21.00 MB
Current GC threshold: 21.00 MB
CDS: off
 - commit_granule_bytes: 65536.
 - commit_granule_words: 8192.
 - virtual_space_node_default_size: 8388608.
 - enlarge_chunks_in_place: 1.
UseCompressedClassPointers 1, UseCompactObjectHeaders 0
Narrow klass pointer bits 32, Max shift 3
Narrow klass base: 0x0000000000000000, Narrow klass shift: 0
Encoding Range: [0x0000000000000000 - 0x0000000100000000), (4294967296 bytes)
Klass Range:    [0x0000000015000000 - 0x0000000055000000), (1073741824 bytes)
Klass ID Range:  [352321536 - 1426063353) (1073741817)
No protection zone.


Internal statistics:

num_allocs_failed_limit: 0.
num_arena_births: 6.
num_arena_deaths: 0.
num_vsnodes_births: 2.
num_vsnodes_deaths: 0.
num_space_committed: 110.
num_space_uncommitted: 0.
num_chunks_returned_to_freelist: 0.
num_chunks_taken_from_freelist: 15.
num_chunk_merges: 0.
num_chunk_splits: 7.
num_chunks_enlarged: 2.
num_inconsistent_stats: 0.

CodeHeap 'non-profiled nmethods': size=120064Kb used=31Kb max_used=31Kb free=120032Kb
 bounds [0x0000026c9f8d0000, 0x0000026c9fb40000, 0x0000026ca6e10000]
CodeHeap 'profiled nmethods': size=120000Kb used=97Kb max_used=97Kb free=119903Kb
 bounds [0x0000026c97e10000, 0x0000026c98080000, 0x0000026c9f340000]
CodeHeap 'non-nmethods': size=5696Kb used=1243Kb max_used=1257Kb free=4452Kb
 bounds [0x0000026c9f340000, 0x0000026c9f5b0000, 0x0000026c9f8d0000]
CodeCache: size=245760Kb, used=1371Kb, max_used=1385Kb, free=244387Kb
 total_blobs=488, nmethods=120, adapters=272, full_count=0
Compilation: enabled, stopped_count=0, restarted_count=0

Compilation events (20 events):
Event: 1.261 Thread 0x0000026cac699d50  109       3       java.lang.ref.Reference::reachabilityFence (1 bytes)
Event: 1.261 Thread 0x0000026cac699d50 nmethod 109 0x0000026c97e25288 code [0x0000026c97e25380, 0x0000026c97e25468]
Event: 1.261 Thread 0x0000026cac699d50  110       3       java.util.Optional::orElse (16 bytes)
Event: 1.261 Thread 0x0000026cac699d50 nmethod 110 0x0000026c97e25588 code [0x0000026c97e25680, 0x0000026c97e257f0]
Event: 1.261 Thread 0x0000026cac699d50  112       3       java.nio.Buffer::session (20 bytes)
Event: 1.261 Thread 0x0000026cac699d50 nmethod 112 0x0000026c97e25888 code [0x0000026c97e25980, 0x0000026c97e25c18]
Event: 1.261 Thread 0x0000026cac699d50  113       3       java.nio.Buffer::checkIndex (12 bytes)
Event: 1.261 Thread 0x0000026cac699d50 nmethod 113 0x0000026c97e25c88 code [0x0000026c97e25d80, 0x0000026c97e25ed8]
Event: 1.261 Thread 0x0000026cac699d50  114   !   3       java.nio.DirectByteBuffer::get (34 bytes)
Event: 1.262 Thread 0x0000026cac699d50 nmethod 114 0x0000026c97e25f88 code [0x0000026c97e26080, 0x0000026c97e26aa8]
Event: 1.262 Thread 0x0000026cac699d50  118       3       jdk.internal.jimage.ImageStringsReader::unmaskedHashCode (166 bytes)
Event: 1.262 Thread 0x0000026cac693060  120       4       java.lang.String::charAt (25 bytes)
Event: 1.263 Thread 0x0000026cac699d50 nmethod 118 0x0000026c97e26b08 code [0x0000026c97e26c00, 0x0000026c97e27858]
Event: 1.263 Thread 0x0000026cac699d50  115       3       java.nio.DirectByteBuffer::ix (10 bytes)
Event: 1.263 Thread 0x0000026cac699d50 nmethod 115 0x0000026c97e27888 code [0x0000026c97e27980, 0x0000026c97e27a90]
Event: 1.263 Thread 0x0000026cac699d50  116   !   3       jdk.internal.misc.ScopedMemoryAccess::getByte (16 bytes)
Event: 1.263 Thread 0x0000026cac693060 nmethod 120 0x0000026c9f8d7b88 code [0x0000026c9f8d7c80, 0x0000026c9f8d7d90]
Event: 1.263 Thread 0x0000026cac699d50 nmethod 116 0x0000026c97e27b88 code [0x0000026c97e27c80, 0x0000026c97e28040]
Event: 1.263 Thread 0x0000026cac699d50  117   !   3       jdk.internal.misc.ScopedMemoryAccess::getByteInternal (34 bytes)
Event: 1.263 Thread 0x0000026cac699d50 nmethod 117 0x0000026c97e28088 code [0x0000026c97e28180, 0x0000026c97e283d8]

GC Heap Usage History (0 events):
No events

Metaspace Usage History (0 events):
No events

Dll operation events (2 events):
Event: 0.012 Loaded shared library C:\Program Files\Java\jdk-25\bin\java.dll
Event: 1.258 Loaded shared library C:\Program Files\Java\jdk-25\bin\jimage.dll

Deoptimization events (0 events):
No events

Classes loaded (20 events):
Event: 1.261 Loading class jdk/internal/jimage/ImageStrings
Event: 1.261 Loading class jdk/internal/jimage/ImageStrings done
Event: 1.261 Loading class jdk/internal/jimage/ImageStringsReader done
Event: 1.261 Loading class jdk/internal/jimage/decompressor/Decompressor
Event: 1.261 Loading class jdk/internal/jimage/decompressor/Decompressor done
Event: 1.261 Loading class jdk/internal/jimage/ImageLocation
Event: 1.261 Loading class jdk/internal/jimage/ImageLocation done
Event: 1.261 Loading class java/util/concurrent/ConcurrentHashMap$ForwardingNode
Event: 1.261 Loading class java/util/concurrent/ConcurrentHashMap$ForwardingNode done
Event: 1.261 Loading class java/util/Collections$EmptyEnumeration
Event: 1.261 Loading class java/util/Collections$EmptyEnumeration done
Event: 1.261 Loading class jdk/internal/loader/BuiltinClassLoader$1
Event: 1.261 Loading class jdk/internal/loader/BuiltinClassLoader$1 done
Event: 1.262 Loading class java/lang/CompoundEnumeration
Event: 1.262 Loading class java/lang/CompoundEnumeration done
Event: 1.262 Loading class jdk/internal/loader/URLClassPath$1
Event: 1.262 Loading class jdk/internal/loader/URLClassPath$1 done
Event: 1.262 Loading class jdk/internal/loader/URLClassPath$JarLoader
Event: 1.262 Loading class jdk/internal/loader/URLClassPath$JarLoader done
Event: 1.262 Loading class java/util/zip/ZipFile

Classes unloaded (0 events):
No events

Classes redefined (0 events):
No events

Internal exceptions (0 events):
No events

VM Operations (0 events):
No events

Memory protections (0 events):
No events

Nmethod flushes (0 events):
No events

Events (11 events):
Event: 1.056 Thread 0x0000026c8d19e630 Thread added: 0x0000026c8d19e630
Event: 1.162 Thread 0x0000026c8d19e630 Thread added: 0x0000026cac662f90
Event: 1.163 Thread 0x0000026c8d19e630 Thread added: 0x0000026cac664960
Event: 1.165 Thread 0x0000026c8d19e630 Thread added: 0x0000026cac666460
Event: 1.165 Thread 0x0000026c8d19e630 Thread added: 0x0000026cac668030
Event: 1.165 Thread 0x0000026c8d19e630 Thread added: 0x0000026cac668bf0
Event: 1.165 Thread 0x0000026c8d19e630 Thread added: 0x0000026cac66a320
Event: 1.166 Thread 0x0000026c8d19e630 Thread added: 0x0000026cac693060
Event: 1.166 Thread 0x0000026c8d19e630 Thread added: 0x0000026cac699d50
Event: 1.200 Thread 0x0000026c8d19e630 Thread added: 0x0000026cac81a180
Event: 1.206 Thread 0x0000026c8d19e630 Thread added: 0x0000026cac825790


Dynamic libraries:
0x00007ff7fa1f0000 - 0x00007ff7fa200000 	C:\Program Files\Java\jdk-25\bin\javaw.exe
0x00007ff8f0940000 - 0x00007ff8f0ba7000 	C:\WINDOWS\SYSTEM32\ntdll.dll
0x00007ff8ee6d0000 - 0x00007ff8ee799000 	C:\WINDOWS\System32\KERNEL32.DLL
0x00007ff8ed500000 - 0x00007ff8ed8f4000 	C:\WINDOWS\System32\KERNELBASE.dll
0x00007ff8ee3c0000 - 0x00007ff8ee50b000 	C:\WINDOWS\System32\ucrtbase.dll
0x00007ff8d8720000 - 0x00007ff8d8737000 	C:\Program Files\Java\jdk-25\bin\jli.dll
0x00007ff8d8700000 - 0x00007ff8d871e000 	C:\Program Files\Java\jdk-25\bin\VCRUNTIME140.dll
0x00007ff8f0730000 - 0x00007ff8f08f5000 	C:\WINDOWS\System32\USER32.dll
0x00007ff8c3680000 - 0x00007ff8c3913000 	C:\WINDOWS\WinSxS\amd64_microsoft.windows.common-controls_6595b64144ccf1df_6.0.26100.8115_none_3e075c82e3354f9c\COMCTL32.dll
0x00007ff8ee220000 - 0x00007ff8ee247000 	C:\WINDOWS\System32\win32u.dll
0x00007ff8ee960000 - 0x00007ff8eea09000 	C:\WINDOWS\System32\msvcrt.dll
0x00007ff8ef6e0000 - 0x00007ff8ef70b000 	C:\WINDOWS\System32\GDI32.dll
0x00007ff8ee510000 - 0x00007ff8ee63a000 	C:\WINDOWS\System32\gdi32full.dll
0x00007ff8ed900000 - 0x00007ff8ed9a3000 	C:\WINDOWS\System32\msvcp_win.dll
0x00007ff8eee70000 - 0x00007ff8eeea2000 	C:\WINDOWS\System32\IMM32.DLL
0x00007ff8e5e20000 - 0x00007ff8e5e2c000 	C:\Program Files\Java\jdk-25\bin\vcruntime140_1.dll
0x00007ff8d7920000 - 0x00007ff8d79ad000 	C:\Program Files\Java\jdk-25\bin\msvcp140.dll
0x00007ff87b0b0000 - 0x00007ff87bf0f000 	C:\Program Files\Java\jdk-25\bin\server\jvm.dll
0x00007ff8ef620000 - 0x00007ff8ef6d6000 	C:\WINDOWS\System32\ADVAPI32.dll
0x00007ff8ef200000 - 0x00007ff8ef2a7000 	C:\WINDOWS\System32\sechost.dll
0x00007ff8ef0e0000 - 0x00007ff8ef1f8000 	C:\WINDOWS\System32\RPCRT4.dll
0x00007ff8efba0000 - 0x00007ff8efc20000 	C:\WINDOWS\System32\WS2_32.dll
0x00007ff8ed070000 - 0x00007ff8ed0ce000 	C:\WINDOWS\SYSTEM32\POWRPROF.dll
0x00007ff8d06c0000 - 0x00007ff8d06cb000 	C:\WINDOWS\SYSTEM32\VERSION.dll
0x00007ff8e1d70000 - 0x00007ff8e1da6000 	C:\WINDOWS\SYSTEM32\WINMM.dll
0x00007ff8ed050000 - 0x00007ff8ed064000 	C:\WINDOWS\SYSTEM32\UMPDC.dll
0x00007ff8ebfa0000 - 0x00007ff8ebfbb000 	C:\WINDOWS\SYSTEM32\kernel.appcore.dll
0x00007ff8da620000 - 0x00007ff8da62a000 	C:\Program Files\Java\jdk-25\bin\jimage.dll
0x00007ff8eb100000 - 0x00007ff8eb342000 	C:\WINDOWS\SYSTEM32\DBGHELP.DLL
0x00007ff8efc30000 - 0x00007ff8effb2000 	C:\WINDOWS\System32\combase.dll
0x00007ff8ef4b0000 - 0x00007ff8ef587000 	C:\WINDOWS\System32\OLEAUT32.dll
0x00007ff8c6820000 - 0x00007ff8c685b000 	C:\WINDOWS\SYSTEM32\dbgcore.DLL
0x00007ff8ed2d0000 - 0x00007ff8ed375000 	C:\WINDOWS\System32\bcryptPrimitives.dll
0x00007ff8d8660000 - 0x00007ff8d867f000 	C:\Program Files\Java\jdk-25\bin\java.dll
0x00007ff8eeec0000 - 0x00007ff8ef057000 	C:\WINDOWS\System32\ole32.dll
0x00007ff8effc0000 - 0x00007ff8f0726000 	C:\WINDOWS\System32\SHELL32.dll
0x00007ff8ee250000 - 0x00007ff8ee3ba000 	C:\WINDOWS\System32\wintypes.dll
0x00007ff8ed9b0000 - 0x00007ff8ee215000 	C:\WINDOWS\System32\windows.storage.dll
0x00007ff8ef3b0000 - 0x00007ff8ef4a7000 	C:\WINDOWS\System32\SHCORE.dll
0x00007ff8eeb40000 - 0x00007ff8eeba6000 	C:\WINDOWS\System32\shlwapi.dll
0x00007ff8ed130000 - 0x00007ff8ed159000 	C:\WINDOWS\SYSTEM32\profapi.dll

JVMTI agents: none

dbghelp: loaded successfully - version: 4.0.5 - missing functions: none
symbol engine: initialized successfully - sym options: 0x614 - pdb path: .;C:\Program Files\Java\jdk-25\bin;C:\WINDOWS\SYSTEM32;C:\WINDOWS\WinSxS\amd64_microsoft.windows.common-controls_6595b64144ccf1df_6.0.26100.8115_none_3e075c82e3354f9c;C:\Program Files\Java\jdk-25\bin\server

VM Arguments:
jvm_args: -Dfile.encoding=UTF-8 -Dstdout.encoding=UTF-8 -Dstderr.encoding=UTF-8 -XX:+ShowCodeDetailsInExceptionMessages 
java_command: secsem.swin
java_class_path (initial): D:\secsem\bin;D:\mysql-connector-j-9.6.0\mysql-connector-j-9.6.0\mysql-connector-j-9.6.0.jar
Launcher Type: SUN_STANDARD

[Global flags]
     intx CICompilerCount                          = 4                                         {product} {ergonomic}
     uint ConcGCThreads                            = 3                                         {product} {ergonomic}
     uint G1ConcRefinementThreads                  = 10                                        {product} {ergonomic}
   size_t G1HeapRegionSize                         = 1048576                                   {product} {ergonomic}
   size_t InitialHeapSize                          = 130023424                                 {product} {ergonomic}
   size_t MarkStackSize                            = 4194304                                   {product} {ergonomic}
   size_t MarkStackSizeMax                         = 536870912                                 {product} {ergonomic}
   size_t MaxHeapSize                              = 2076180480                                {product} {ergonomic}
   size_t MaxNewSize                               = 1245708288                                {product} {ergonomic}
   size_t MinHeapDeltaBytes                        = 1048576                                   {product} {ergonomic}
   size_t MinHeapSize                              = 8388608                                   {product} {ergonomic}
    uintx NonNMethodCodeHeapSize                   = 5832704                                {pd product} {ergonomic}
    uintx NonProfiledCodeHeapSize                  = 122945536                              {pd product} {ergonomic}
    uintx ProfiledCodeHeapSize                     = 122880000                              {pd product} {ergonomic}
    uintx ReservedCodeCacheSize                    = 251658240                              {pd product} {ergonomic}
     bool SegmentedCodeCache                       = true                                      {product} {ergonomic}
     bool ShowCodeDetailsInExceptionMessages       = true                                   {manageable} {command line}
   size_t SoftMaxHeapSize                          = 2076180480                             {manageable} {ergonomic}
     bool UseCompressedOops                        = true                           {product lp64_product} {ergonomic}
     bool UseG1GC                                  = true                                      {product} {ergonomic}
     bool UseLargePagesIndividualAllocation        = false                                  {pd product} {ergonomic}

Logging:
Log output configuration:
 #0: stdout all=warning uptime,level,tags foldmultilines=false
 #1: stderr all=off uptime,level,tags foldmultilines=false

Release file:
IMPLEMENTOR="Oracle Corporation" 
JAVA_RUNTIME_VERSION="25.0.1+8-LTS-27" 
JAVA_VERSION="25.0.1" 
JAVA_VERSION_DATE="2025-10-21" 
LIBC="default" 
MODULES="java.base java.compiler java.datatransfer java.xml java.prefs java.desktop java.instrument java.logging java.management java.security.sasl java.naming java.rmi java.management.rmi java.net.http java.scripting java.security.jgss java.transaction.xa java.sql java.sql.rowset java.xml.crypto java.se java.smartcardio jdk.accessibility jdk.internal.jvmstat jdk.attach jdk.charsets jdk.internal.opt jdk.zipfs jdk.compiler jdk.crypto.cryptoki jdk.crypto.ec jdk.crypto.mscapi jdk.dynalink jdk.internal.ed jdk.editpad jdk.internal.vm.ci jdk.graal.compiler jdk.graal.compiler.management jdk.hotspot.agent jdk.httpserver jdk.incubator.vector jdk.internal.le jdk.internal.md jdk.jartool jdk.javadoc jdk.jcmd jdk.management jdk.management.agent jdk.jconsole jdk.jdeps jdk.jdwp.agent jdk.jdi jdk.jfr jdk.jlink jdk.jpackage jdk.jshell jdk.jsobject jdk.jstatd jdk.localedata jdk.management.jfr jdk.naming.dns jdk.naming.rmi jdk.net jdk.nio.mapmode jdk.sctp jdk.security.auth jdk.security.jgss jdk.unsupported jdk.unsupported.desktop jdk.xml.dom" 
OS_ARCH="x86_64" 
OS_NAME="Windows" 
SOURCE=".:git:862c85bc42b7 open:git:78770bfaefd2" 

Environment Variables:
PATH=C:/Users/fatima/.p2/pool/plugins/org.eclipse.justj.openjdk.hotspot.jre.full.win32.x86_64_26.0.0.v20260408-1010/jre/bin/server;C:/Users/fatima/.p2/pool/plugins/org.eclipse.justj.openjdk.hotspot.jre.full.win32.x86_64_26.0.0.v20260408-1010/jre/bin;C:\Program Files\Common Files\Oracle\Java\javapath;C:\WINDOWS\system32;C:\WINDOWS;C:\WINDOWS\System32\Wbem;C:\WINDOWS\System32\WindowsPowerShell\v1.0\;C:\WINDOWS\System32\OpenSSH\;C:\MinGW\bin;C:\Program Files (x86)\Windows Kits\10\Windows Performance Toolkit\;C:\Program Files\dotnet\;C:\Program Files (x86)\Microsoft SQL Server\170\Tools\Binn\;C:\Program Files\Microsoft SQL Server\170\Tools\Binn\;C:\Program Files\Microsoft SQL Server\Client SDK\ODBC\180\Tools\Binn\;C:\Program Files\Microsoft SQL Server\170\DTS\Binn\;C:\Program Files (x86)\Microsoft SQL Server\160\DTS\Binn\;C:\Program Files\MySQL\MySQL Shell 8.0\bin\;D:\open\opencv\build\x64\vc16\lib;D:\open\opencv\build\x64\vc16\bin;C:\Users\fatima\AppData\Local\Microsoft\WindowsApps;C:\msys64\ucrt64\bin.;D:\winlibs-x86_64-posix-seh-gcc-13.2.0-mingw-w64ucrt-11.0.1-r8\mingw64\bin;;C:\Users\fatima\OneDrive\Desktop;
USERNAME=fatima
OS=Windows_NT
PROCESSOR_IDENTIFIER=Intel64 Family 6 Model 154 Stepping 4, GenuineIntel
TMP=C:\Users\fatima\AppData\Local\Temp
TEMP=C:\Users\fatima\AppData\Local\Temp




Compilation memory statistics disabled.

Periodic native trim disabled

---------------  S Y S T E M  ---------------

OS:
 Windows 11 , 64 bit Build 26100 (10.0.26100.8115)
OS uptime: 0 days 5:16 hours

CPU: total 12 (initial active 12) (12 cores per cpu, 1 threads per core) family 6 model 154 stepping 4 microcode 0x435, cx8, cmov, fxsr, mmx, 3dnowpref, sse, sse2, sse3, ssse3, sse4.1, sse4.2, popcnt, lzcnt, tsc, tscinvbit, avx, avx2, aes, erms, clmul, bmi1, bmi2, adx, sha, fma, vzeroupper, clflush, clflushopt, clwb, serialize, rdtscp, rdpid, fsrm, gfni, f16c, pku, cet_ibt, cet_ss
Processor Information for processor 0
  Max Mhz: 1300, Current Mhz: 1300, Mhz Limit: 1300
Processor Information for processor 1
  Max Mhz: 1300, Current Mhz: 1300, Mhz Limit: 1300
Processor Information for processor 2
  Max Mhz: 1300, Current Mhz: 1300, Mhz Limit: 1300
Processor Information for processor 3
  Max Mhz: 1300, Current Mhz: 1300, Mhz Limit: 1300
Processor Information for processor 4
  Max Mhz: 900, Current Mhz: 900, Mhz Limit: 900
Processor Information for processor 5
  Max Mhz: 900, Current Mhz: 900, Mhz Limit: 900
Processor Information for processor 6
  Max Mhz: 900, Current Mhz: 900, Mhz Limit: 900
Processor Information for processor 7
  Max Mhz: 900, Current Mhz: 900, Mhz Limit: 900
Processor Information for processor 8
  Max Mhz: 900, Current Mhz: 900, Mhz Limit: 900
Processor Information for processor 9
  Max Mhz: 900, Current Mhz: 900, Mhz Limit: 900
Processor Information for processor 10
  Max Mhz: 900, Current Mhz: 900, Mhz Limit: 900
Processor Information for processor 11
  Max Mhz: 900, Current Mhz: 900, Mhz Limit: 900

Memory: 4k page, system-wide physical 7916M (2839M free)
TotalPageFile size 7916M (AvailPageFile size 2M)
current process WorkingSet (physical memory assigned to process): 35M, peak: 35M
current process commit charge ("private bytes"): 203M, peak: 205M

vm_info: Java HotSpot(TM) 64-Bit Server VM (25.0.1+8-LTS-27) for windows-amd64 JRE (25.0.1+8-LTS-27), built on 2025-09-25T16:41:16Z with unknown MS VC++:1943

END.
