#
# There is insufficient memory for the Java Runtime Environment to continue.
# Native memory allocation (malloc) failed to allocate 2390360 bytes. Error detail: Chunk::new
# Possible reasons:
#   The system is out of physical RAM or swap space
#   This process is running with CompressedOops enabled, and the Java Heap may be blocking the growth of the native heap
# Possible solutions:
#   Reduce memory load on the system
#   Increase physical memory or swap space
#   Check if swap backing store is full
#   Decrease Java heap size (-Xmx/-Xms)
#   Decrease number of Java threads
#   Decrease Java thread stack sizes (-Xss)
#   Set larger code cache with -XX:ReservedCodeCacheSize=
#   JVM is running with Unscaled Compressed Oops mode in which the Java heap is
#     placed in the first 4GB address space. The Java Heap base address is the
#     maximum limit for the native heap growth. Please use -XX:HeapBaseMinAddress
#     to set the Java Heap base and to place the Java Heap above 4GB virtual address.
# This output file may be truncated or incomplete.
#
#  Out of Memory Error (arena.cpp:186), pid=3988, tid=14528
#
# JRE version: Java(TM) SE Runtime Environment (25.0.1+8) (build 25.0.1+8-LTS-27)
# Java VM: Java HotSpot(TM) 64-Bit Server VM (25.0.1+8-LTS-27, mixed mode, sharing, tiered, compressed oops, compressed class ptrs, g1 gc, windows-amd64)
# No core dump will be written. Minidumps are not enabled by default on client versions of Windows
#

---------------  S U M M A R Y ------------

Command Line: -Dfile.encoding=UTF-8 -Dstdout.encoding=UTF-8 -Dstderr.encoding=UTF-8 -XX:+ShowCodeDetailsInExceptionMessages secsem.exii

Host: 12th Gen Intel(R) Core(TM) i5-1235U, 12 cores, 7G,  Windows 11 , 64 bit Build 26100 (10.0.26100.8115)
Time: Sat Apr 18 01:10:23 2026 Pakistan Standard Time elapsed time: 2.347865 seconds (0d 0h 0m 2s)

---------------  T H R E A D  ---------------

Current thread (0x000001ee7dfffbb0):  JavaThread "C2 CompilerThread1" daemon [_thread_in_native, id=14528, stack(0x000000c71d000000,0x000000c71d100000) (1024K)]


Current CompileTask:
C2:2347  939       4       java.io.DataInputStream::readFully (59 bytes)

Stack: [0x000000c71d000000,0x000000c71d100000]
Native frames: (J=compiled Java code, j=interpreted, Vv=VM code, C=native code)
V  [jvm.dll+0x7a6b59]  (no source info available)
V  [jvm.dll+0x77290d]  (no source info available)
V  [jvm.dll+0x966153]  (no source info available)
V  [jvm.dll+0x968751]  (no source info available)
V  [jvm.dll+0x968e53]  (no source info available)
V  [jvm.dll+0x2fc756]  (no source info available)
V  [jvm.dll+0x111b26]  (no source info available)
V  [jvm.dll+0x111e4e]  (no source info available)
V  [jvm.dll+0x1a0a22]  (no source info available)
V  [jvm.dll+0x3b53c2]  (no source info available)
V  [jvm.dll+0x7ac4ef]  (no source info available)
V  [jvm.dll+0x2c0ac7]  (no source info available)
V  [jvm.dll+0x2bfa8f]  (no source info available)
V  [jvm.dll+0x237b60]  (no source info available)
V  [jvm.dll+0x2cfb56]  (no source info available)
V  [jvm.dll+0x2cddd5]  (no source info available)
V  [jvm.dll+0x48e6d1]  (no source info available)
V  [jvm.dll+0x906a0d]  (no source info available)
V  [jvm.dll+0x7a5135]  (no source info available)
C  [ucrtbase.dll+0x37b0]  (no source info available)
C  [KERNEL32.DLL+0x2e8d7]  (no source info available)
C  [ntdll.dll+0x8c3fc]  (no source info available)

Lock stack of current Java thread (top to bottom):


---------------  P R O C E S S  ---------------

Threads class SMR info:
_java_thread_list=0x000001ee7ec261b0, length=12, elements={
0x000001ee5eb873f0, 0x000001ee7dfd65b0, 0x000001ee7dfd7010, 0x000001ee7dfd8200,
0x000001ee7dfda4d0, 0x000001ee7dfdd0a0, 0x000001ee7dfdfc70, 0x000001ee7dfea580,
0x000001ee7dffeb90, 0x000001ee7e0cadc0, 0x000001ee7e0d2640, 0x000001ee7dfffbb0
}

Java Threads: ( => current thread )
  0x000001ee5eb873f0 JavaThread "main"                              [_thread_in_Java, id=9560, stack(0x000000c71be00000,0x000000c71bf00000) (1024K)]
  0x000001ee7dfd65b0 JavaThread "Reference Handler"          daemon [_thread_blocked, id=16304, stack(0x000000c71c600000,0x000000c71c700000) (1024K)]
  0x000001ee7dfd7010 JavaThread "Finalizer"                  daemon [_thread_blocked, id=3548, stack(0x000000c71c700000,0x000000c71c800000) (1024K)]
  0x000001ee7dfd8200 JavaThread "Signal Dispatcher"          daemon [_thread_blocked, id=13056, stack(0x000000c71c800000,0x000000c71c900000) (1024K)]
  0x000001ee7dfda4d0 JavaThread "Attach Listener"            daemon [_thread_blocked, id=3948, stack(0x000000c71c900000,0x000000c71ca00000) (1024K)]
  0x000001ee7dfdd0a0 JavaThread "Service Thread"             daemon [_thread_blocked, id=12344, stack(0x000000c71ca00000,0x000000c71cb00000) (1024K)]
  0x000001ee7dfdfc70 JavaThread "Monitor Deflation Thread"   daemon [_thread_blocked, id=9408, stack(0x000000c71cb00000,0x000000c71cc00000) (1024K)]
  0x000001ee7dfea580 JavaThread "C2 CompilerThread0"         daemon [_thread_blocked, id=14808, stack(0x000000c71cc00000,0x000000c71cd00000) (1024K)]
  0x000001ee7dffeb90 JavaThread "C1 CompilerThread0"         daemon [_thread_blocked, id=8964, stack(0x000000c71cd00000,0x000000c71ce00000) (1024K)]
  0x000001ee7e0cadc0 JavaThread "Notification Thread"        daemon [_thread_blocked, id=11676, stack(0x000000c71ce00000,0x000000c71cf00000) (1024K)]
  0x000001ee7e0d2640 JavaThread "Common-Cleaner"             daemon [_thread_blocked, id=5644, stack(0x000000c71cf00000,0x000000c71d000000) (1024K)]
=>0x000001ee7dfffbb0 JavaThread "C2 CompilerThread1"         daemon [_thread_in_native, id=14528, stack(0x000000c71d000000,0x000000c71d100000) (1024K)]
Total: 12

Other Threads:
  0x000001ee7dfc3ff0 VMThread "VM Thread"                           [id=8880, stack(0x000000c71c500000,0x000000c71c600000) (1024K)]
  0x000001ee7dfb2fd0 WatcherThread "VM Periodic Task Thread"        [id=1964, stack(0x000000c71c400000,0x000000c71c500000) (1024K)]
  0x000001ee60f88590 WorkerThread "GC Thread#0"                     [id=9172, stack(0x000000c71bf00000,0x000000c71c000000) (1024K)]
  0x000001ee60fa28b0 ConcurrentGCThread "G1 Main Marker"            [id=5124, stack(0x000000c71c000000,0x000000c71c100000) (1024K)]
  0x000001ee60fa5770 WorkerThread "G1 Conc#0"                       [id=14780, stack(0x000000c71c100000,0x000000c71c200000) (1024K)]
  0x000001ee7de6e510 ConcurrentGCThread "G1 Refine#0"               [id=13304, stack(0x000000c71c200000,0x000000c71c300000) (1024K)]
  0x000001ee7de70f30 ConcurrentGCThread "G1 Service"                [id=3880, stack(0x000000c71c300000,0x000000c71c400000) (1024K)]
Total: 7

Threads with active compile tasks:
C2 CompilerThread1  3364  939       4       java.io.DataInputStream::readFully (59 bytes)
Total: 1

VM state: not at safepoint (normal execution)

VM Mutex/Monitor currently owned by a thread: None

Heap address: 0x0000000084400000, size: 1980 MB, Compressed Oops mode: 32-bit

CDS archive(s) mapped at: [0x0000000027000000-0x0000000027dd0000-0x0000000027dd0000), size 14483456, SharedBaseAddress: 0x0000000027000000, ArchiveRelocationMode: 1.
Compressed class space mapped at: 0x0000000028000000-0x0000000068000000, reserved size: 1073741824
UseCompressedClassPointers 1, UseCompactObjectHeaders 0
Narrow klass pointer bits 32, Max shift 3
Narrow klass base: 0x0000000027000000, Narrow klass shift: 0
Encoding Range: [0x0000000027000000 - 0x0000000127000000), (4294967296 bytes)
Klass Range:    [0x0000000027010000 - 0x0000000068000000), (1090453504 bytes)
Klass ID Range:  [65536 - 1090519033) (1090453497)
Protection zone: [0x0000000027000000 - 0x0000000027010000), (65536 bytes)

GC Precious Log:
 CardTable entry size: 512
 Card Set container configuration: InlinePtr #cards 5 size 8 Array Of Cards #cards 10 size 36 Howl #buckets 4 coarsen threshold 1843 Howl Bitmap #cards 512 size 80 coarsen threshold 460 Card regions per heap region 1 cards per card region 2048
 CPUs: 12 total, 12 available
 Memory: 7916M
 Large Page Support: Disabled
 NUMA Support: Disabled
 Compressed Oops: Enabled (32-bit)
 Heap Region Size: 1M
 Heap Min Capacity: 8M
 Heap Initial Capacity: 124M
 Heap Max Capacity: 1980M
 Pre-touch: Disabled
 Parallel Workers: 10
 Concurrent Workers: 3
 Concurrent Refinement Workers: 10
 Periodic GC: Disabled

Heap:
 garbage-first heap   total reserved 2027520K, committed 129024K, used 17557K [0x0000000084400000, 0x0000000100000000)
  region size 1024K, 14 young (14336K), 0 survivors (0K)

Heap Regions: E=young(eden), S=young(survivor), O=old, HS=humongous(starts), HC=humongous(continues), CS=collection set, F=free, TAMS=top-at-mark-start, PB=parsable bottom
|   0|0x0000000084400000, 0x0000000084500000, 0x0000000084500000|100%|HS|  |TAMS 0x0000000084400000| PB 0x0000000084400000| Complete |  0
|   1|0x0000000084500000, 0x0000000084600000, 0x0000000084600000|100%|HS|  |TAMS 0x0000000084500000| PB 0x0000000084500000| Complete |  0
|   2|0x0000000084600000, 0x0000000084700000, 0x0000000084700000|100%|HC|  |TAMS 0x0000000084600000| PB 0x0000000084600000| Complete |  0
|   3|0x0000000084700000, 0x0000000084800000, 0x0000000084800000|100%|HS|  |TAMS 0x0000000084700000| PB 0x0000000084700000| Complete |  0
|   4|0x0000000084800000, 0x0000000084800000, 0x0000000084900000|  0%| F|  |TAMS 0x0000000084800000| PB 0x0000000084800000| Untracked |  0
|   5|0x0000000084900000, 0x0000000084900000, 0x0000000084a00000|  0%| F|  |TAMS 0x0000000084900000| PB 0x0000000084900000| Untracked |  0
|   6|0x0000000084a00000, 0x0000000084a00000, 0x0000000084b00000|  0%| F|  |TAMS 0x0000000084a00000| PB 0x0000000084a00000| Untracked |  0
|   7|0x0000000084b00000, 0x0000000084b00000, 0x0000000084c00000|  0%| F|  |TAMS 0x0000000084b00000| PB 0x0000000084b00000| Untracked |  0
|   8|0x0000000084c00000, 0x0000000084c00000, 0x0000000084d00000|  0%| F|  |TAMS 0x0000000084c00000| PB 0x0000000084c00000| Untracked |  0
|   9|0x0000000084d00000, 0x0000000084d00000, 0x0000000084e00000|  0%| F|  |TAMS 0x0000000084d00000| PB 0x0000000084d00000| Untracked |  0
|  10|0x0000000084e00000, 0x0000000084e00000, 0x0000000084f00000|  0%| F|  |TAMS 0x0000000084e00000| PB 0x0000000084e00000| Untracked |  0
|  11|0x0000000084f00000, 0x0000000084f00000, 0x0000000085000000|  0%| F|  |TAMS 0x0000000084f00000| PB 0x0000000084f00000| Untracked |  0
|  12|0x0000000085000000, 0x0000000085000000, 0x0000000085100000|  0%| F|  |TAMS 0x0000000085000000| PB 0x0000000085000000| Untracked |  0
|  13|0x0000000085100000, 0x0000000085100000, 0x0000000085200000|  0%| F|  |TAMS 0x0000000085100000| PB 0x0000000085100000| Untracked |  0
|  14|0x0000000085200000, 0x0000000085200000, 0x0000000085300000|  0%| F|  |TAMS 0x0000000085200000| PB 0x0000000085200000| Untracked |  0
|  15|0x0000000085300000, 0x0000000085300000, 0x0000000085400000|  0%| F|  |TAMS 0x0000000085300000| PB 0x0000000085300000| Untracked |  0
|  16|0x0000000085400000, 0x0000000085400000, 0x0000000085500000|  0%| F|  |TAMS 0x0000000085400000| PB 0x0000000085400000| Untracked |  0
|  17|0x0000000085500000, 0x0000000085500000, 0x0000000085600000|  0%| F|  |TAMS 0x0000000085500000| PB 0x0000000085500000| Untracked |  0
|  18|0x0000000085600000, 0x0000000085600000, 0x0000000085700000|  0%| F|  |TAMS 0x0000000085600000| PB 0x0000000085600000| Untracked |  0
|  19|0x0000000085700000, 0x0000000085700000, 0x0000000085800000|  0%| F|  |TAMS 0x0000000085700000| PB 0x0000000085700000| Untracked |  0
|  20|0x0000000085800000, 0x0000000085800000, 0x0000000085900000|  0%| F|  |TAMS 0x0000000085800000| PB 0x0000000085800000| Untracked |  0
|  21|0x0000000085900000, 0x0000000085900000, 0x0000000085a00000|  0%| F|  |TAMS 0x0000000085900000| PB 0x0000000085900000| Untracked |  0
|  22|0x0000000085a00000, 0x0000000085a00000, 0x0000000085b00000|  0%| F|  |TAMS 0x0000000085a00000| PB 0x0000000085a00000| Untracked |  0
|  23|0x0000000085b00000, 0x0000000085b00000, 0x0000000085c00000|  0%| F|  |TAMS 0x0000000085b00000| PB 0x0000000085b00000| Untracked |  0
|  24|0x0000000085c00000, 0x0000000085c00000, 0x0000000085d00000|  0%| F|  |TAMS 0x0000000085c00000| PB 0x0000000085c00000| Untracked |  0
|  25|0x0000000085d00000, 0x0000000085d00000, 0x0000000085e00000|  0%| F|  |TAMS 0x0000000085d00000| PB 0x0000000085d00000| Untracked |  0
|  26|0x0000000085e00000, 0x0000000085e00000, 0x0000000085f00000|  0%| F|  |TAMS 0x0000000085e00000| PB 0x0000000085e00000| Untracked |  0
|  27|0x0000000085f00000, 0x0000000085f00000, 0x0000000086000000|  0%| F|  |TAMS 0x0000000085f00000| PB 0x0000000085f00000| Untracked |  0
|  28|0x0000000086000000, 0x0000000086000000, 0x0000000086100000|  0%| F|  |TAMS 0x0000000086000000| PB 0x0000000086000000| Untracked |  0
|  29|0x0000000086100000, 0x0000000086100000, 0x0000000086200000|  0%| F|  |TAMS 0x0000000086100000| PB 0x0000000086100000| Untracked |  0
|  30|0x0000000086200000, 0x0000000086200000, 0x0000000086300000|  0%| F|  |TAMS 0x0000000086200000| PB 0x0000000086200000| Untracked |  0
|  31|0x0000000086300000, 0x0000000086300000, 0x0000000086400000|  0%| F|  |TAMS 0x0000000086300000| PB 0x0000000086300000| Untracked |  0
|  32|0x0000000086400000, 0x0000000086400000, 0x0000000086500000|  0%| F|  |TAMS 0x0000000086400000| PB 0x0000000086400000| Untracked |  0
|  33|0x0000000086500000, 0x0000000086500000, 0x0000000086600000|  0%| F|  |TAMS 0x0000000086500000| PB 0x0000000086500000| Untracked |  0
|  34|0x0000000086600000, 0x0000000086600000, 0x0000000086700000|  0%| F|  |TAMS 0x0000000086600000| PB 0x0000000086600000| Untracked |  0
|  35|0x0000000086700000, 0x0000000086700000, 0x0000000086800000|  0%| F|  |TAMS 0x0000000086700000| PB 0x0000000086700000| Untracked |  0
|  36|0x0000000086800000, 0x0000000086800000, 0x0000000086900000|  0%| F|  |TAMS 0x0000000086800000| PB 0x0000000086800000| Untracked |  0
|  37|0x0000000086900000, 0x0000000086900000, 0x0000000086a00000|  0%| F|  |TAMS 0x0000000086900000| PB 0x0000000086900000| Untracked |  0
|  38|0x0000000086a00000, 0x0000000086a00000, 0x0000000086b00000|  0%| F|  |TAMS 0x0000000086a00000| PB 0x0000000086a00000| Untracked |  0
|  39|0x0000000086b00000, 0x0000000086b00000, 0x0000000086c00000|  0%| F|  |TAMS 0x0000000086b00000| PB 0x0000000086b00000| Untracked |  0
|  40|0x0000000086c00000, 0x0000000086c00000, 0x0000000086d00000|  0%| F|  |TAMS 0x0000000086c00000| PB 0x0000000086c00000| Untracked |  0
|  41|0x0000000086d00000, 0x0000000086d00000, 0x0000000086e00000|  0%| F|  |TAMS 0x0000000086d00000| PB 0x0000000086d00000| Untracked |  0
|  42|0x0000000086e00000, 0x0000000086e00000, 0x0000000086f00000|  0%| F|  |TAMS 0x0000000086e00000| PB 0x0000000086e00000| Untracked |  0
|  43|0x0000000086f00000, 0x0000000086f00000, 0x0000000087000000|  0%| F|  |TAMS 0x0000000086f00000| PB 0x0000000086f00000| Untracked |  0
|  44|0x0000000087000000, 0x0000000087000000, 0x0000000087100000|  0%| F|  |TAMS 0x0000000087000000| PB 0x0000000087000000| Untracked |  0
|  45|0x0000000087100000, 0x0000000087100000, 0x0000000087200000|  0%| F|  |TAMS 0x0000000087100000| PB 0x0000000087100000| Untracked |  0
|  46|0x0000000087200000, 0x0000000087200000, 0x0000000087300000|  0%| F|  |TAMS 0x0000000087200000| PB 0x0000000087200000| Untracked |  0
|  47|0x0000000087300000, 0x0000000087300000, 0x0000000087400000|  0%| F|  |TAMS 0x0000000087300000| PB 0x0000000087300000| Untracked |  0
|  48|0x0000000087400000, 0x0000000087400000, 0x0000000087500000|  0%| F|  |TAMS 0x0000000087400000| PB 0x0000000087400000| Untracked |  0
|  49|0x0000000087500000, 0x0000000087500000, 0x0000000087600000|  0%| F|  |TAMS 0x0000000087500000| PB 0x0000000087500000| Untracked |  0
|  50|0x0000000087600000, 0x0000000087600000, 0x0000000087700000|  0%| F|  |TAMS 0x0000000087600000| PB 0x0000000087600000| Untracked |  0
|  51|0x0000000087700000, 0x0000000087700000, 0x0000000087800000|  0%| F|  |TAMS 0x0000000087700000| PB 0x0000000087700000| Untracked |  0
|  52|0x0000000087800000, 0x0000000087800000, 0x0000000087900000|  0%| F|  |TAMS 0x0000000087800000| PB 0x0000000087800000| Untracked |  0
|  53|0x0000000087900000, 0x0000000087900000, 0x0000000087a00000|  0%| F|  |TAMS 0x0000000087900000| PB 0x0000000087900000| Untracked |  0
|  54|0x0000000087a00000, 0x0000000087a00000, 0x0000000087b00000|  0%| F|  |TAMS 0x0000000087a00000| PB 0x0000000087a00000| Untracked |  0
|  55|0x0000000087b00000, 0x0000000087b00000, 0x0000000087c00000|  0%| F|  |TAMS 0x0000000087b00000| PB 0x0000000087b00000| Untracked |  0
|  56|0x0000000087c00000, 0x0000000087c00000, 0x0000000087d00000|  0%| F|  |TAMS 0x0000000087c00000| PB 0x0000000087c00000| Untracked |  0
|  57|0x0000000087d00000, 0x0000000087d00000, 0x0000000087e00000|  0%| F|  |TAMS 0x0000000087d00000| PB 0x0000000087d00000| Untracked |  0
|  58|0x0000000087e00000, 0x0000000087e00000, 0x0000000087f00000|  0%| F|  |TAMS 0x0000000087e00000| PB 0x0000000087e00000| Untracked |  0
|  59|0x0000000087f00000, 0x0000000087f00000, 0x0000000088000000|  0%| F|  |TAMS 0x0000000087f00000| PB 0x0000000087f00000| Untracked |  0
|  60|0x0000000088000000, 0x0000000088000000, 0x0000000088100000|  0%| F|  |TAMS 0x0000000088000000| PB 0x0000000088000000| Untracked |  0
|  61|0x0000000088100000, 0x0000000088100000, 0x0000000088200000|  0%| F|  |TAMS 0x0000000088100000| PB 0x0000000088100000| Untracked |  0
|  62|0x0000000088200000, 0x0000000088200000, 0x0000000088300000|  0%| F|  |TAMS 0x0000000088200000| PB 0x0000000088200000| Untracked |  0
|  63|0x0000000088300000, 0x0000000088300000, 0x0000000088400000|  0%| F|  |TAMS 0x0000000088300000| PB 0x0000000088300000| Untracked |  0
|  64|0x0000000088400000, 0x0000000088400000, 0x0000000088500000|  0%| F|  |TAMS 0x0000000088400000| PB 0x0000000088400000| Untracked |  0
|  65|0x0000000088500000, 0x0000000088500000, 0x0000000088600000|  0%| F|  |TAMS 0x0000000088500000| PB 0x0000000088500000| Untracked |  0
|  66|0x0000000088600000, 0x0000000088600000, 0x0000000088700000|  0%| F|  |TAMS 0x0000000088600000| PB 0x0000000088600000| Untracked |  0
|  67|0x0000000088700000, 0x0000000088700000, 0x0000000088800000|  0%| F|  |TAMS 0x0000000088700000| PB 0x0000000088700000| Untracked |  0
|  68|0x0000000088800000, 0x0000000088800000, 0x0000000088900000|  0%| F|  |TAMS 0x0000000088800000| PB 0x0000000088800000| Untracked |  0
|  69|0x0000000088900000, 0x0000000088900000, 0x0000000088a00000|  0%| F|  |TAMS 0x0000000088900000| PB 0x0000000088900000| Untracked |  0
|  70|0x0000000088a00000, 0x0000000088a00000, 0x0000000088b00000|  0%| F|  |TAMS 0x0000000088a00000| PB 0x0000000088a00000| Untracked |  0
|  71|0x0000000088b00000, 0x0000000088b00000, 0x0000000088c00000|  0%| F|  |TAMS 0x0000000088b00000| PB 0x0000000088b00000| Untracked |  0
|  72|0x0000000088c00000, 0x0000000088c00000, 0x0000000088d00000|  0%| F|  |TAMS 0x0000000088c00000| PB 0x0000000088c00000| Untracked |  0
|  73|0x0000000088d00000, 0x0000000088d00000, 0x0000000088e00000|  0%| F|  |TAMS 0x0000000088d00000| PB 0x0000000088d00000| Untracked |  0
|  74|0x0000000088e00000, 0x0000000088e00000, 0x0000000088f00000|  0%| F|  |TAMS 0x0000000088e00000| PB 0x0000000088e00000| Untracked |  0
|  75|0x0000000088f00000, 0x0000000088f00000, 0x0000000089000000|  0%| F|  |TAMS 0x0000000088f00000| PB 0x0000000088f00000| Untracked |  0
|  76|0x0000000089000000, 0x0000000089000000, 0x0000000089100000|  0%| F|  |TAMS 0x0000000089000000| PB 0x0000000089000000| Untracked |  0
|  77|0x0000000089100000, 0x0000000089100000, 0x0000000089200000|  0%| F|  |TAMS 0x0000000089100000| PB 0x0000000089100000| Untracked |  0
|  78|0x0000000089200000, 0x0000000089200000, 0x0000000089300000|  0%| F|  |TAMS 0x0000000089200000| PB 0x0000000089200000| Untracked |  0
|  79|0x0000000089300000, 0x0000000089300000, 0x0000000089400000|  0%| F|  |TAMS 0x0000000089300000| PB 0x0000000089300000| Untracked |  0
|  80|0x0000000089400000, 0x0000000089400000, 0x0000000089500000|  0%| F|  |TAMS 0x0000000089400000| PB 0x0000000089400000| Untracked |  0
|  81|0x0000000089500000, 0x0000000089500000, 0x0000000089600000|  0%| F|  |TAMS 0x0000000089500000| PB 0x0000000089500000| Untracked |  0
|  82|0x0000000089600000, 0x0000000089600000, 0x0000000089700000|  0%| F|  |TAMS 0x0000000089600000| PB 0x0000000089600000| Untracked |  0
|  83|0x0000000089700000, 0x0000000089700000, 0x0000000089800000|  0%| F|  |TAMS 0x0000000089700000| PB 0x0000000089700000| Untracked |  0
|  84|0x0000000089800000, 0x0000000089800000, 0x0000000089900000|  0%| F|  |TAMS 0x0000000089800000| PB 0x0000000089800000| Untracked |  0
|  85|0x0000000089900000, 0x0000000089900000, 0x0000000089a00000|  0%| F|  |TAMS 0x0000000089900000| PB 0x0000000089900000| Untracked |  0
|  86|0x0000000089a00000, 0x0000000089a00000, 0x0000000089b00000|  0%| F|  |TAMS 0x0000000089a00000| PB 0x0000000089a00000| Untracked |  0
|  87|0x0000000089b00000, 0x0000000089b00000, 0x0000000089c00000|  0%| F|  |TAMS 0x0000000089b00000| PB 0x0000000089b00000| Untracked |  0
|  88|0x0000000089c00000, 0x0000000089c00000, 0x0000000089d00000|  0%| F|  |TAMS 0x0000000089c00000| PB 0x0000000089c00000| Untracked |  0
|  89|0x0000000089d00000, 0x0000000089d00000, 0x0000000089e00000|  0%| F|  |TAMS 0x0000000089d00000| PB 0x0000000089d00000| Untracked |  0
|  90|0x0000000089e00000, 0x0000000089e00000, 0x0000000089f00000|  0%| F|  |TAMS 0x0000000089e00000| PB 0x0000000089e00000| Untracked |  0
|  91|0x0000000089f00000, 0x0000000089f00000, 0x000000008a000000|  0%| F|  |TAMS 0x0000000089f00000| PB 0x0000000089f00000| Untracked |  0
|  92|0x000000008a000000, 0x000000008a000000, 0x000000008a100000|  0%| F|  |TAMS 0x000000008a000000| PB 0x000000008a000000| Untracked |  0
|  93|0x000000008a100000, 0x000000008a100000, 0x000000008a200000|  0%| F|  |TAMS 0x000000008a100000| PB 0x000000008a100000| Untracked |  0
|  94|0x000000008a200000, 0x000000008a200000, 0x000000008a300000|  0%| F|  |TAMS 0x000000008a200000| PB 0x000000008a200000| Untracked |  0
|  95|0x000000008a300000, 0x000000008a300000, 0x000000008a400000|  0%| F|  |TAMS 0x000000008a300000| PB 0x000000008a300000| Untracked |  0
|  96|0x000000008a400000, 0x000000008a400000, 0x000000008a500000|  0%| F|  |TAMS 0x000000008a400000| PB 0x000000008a400000| Untracked |  0
|  97|0x000000008a500000, 0x000000008a500000, 0x000000008a600000|  0%| F|  |TAMS 0x000000008a500000| PB 0x000000008a500000| Untracked |  0
|  98|0x000000008a600000, 0x000000008a600000, 0x000000008a700000|  0%| F|  |TAMS 0x000000008a600000| PB 0x000000008a600000| Untracked |  0
|  99|0x000000008a700000, 0x000000008a700000, 0x000000008a800000|  0%| F|  |TAMS 0x000000008a700000| PB 0x000000008a700000| Untracked |  0
| 100|0x000000008a800000, 0x000000008a800000, 0x000000008a900000|  0%| F|  |TAMS 0x000000008a800000| PB 0x000000008a800000| Untracked |  0
| 101|0x000000008a900000, 0x000000008a900000, 0x000000008aa00000|  0%| F|  |TAMS 0x000000008a900000| PB 0x000000008a900000| Untracked |  0
| 102|0x000000008aa00000, 0x000000008aa00000, 0x000000008ab00000|  0%| F|  |TAMS 0x000000008aa00000| PB 0x000000008aa00000| Untracked |  0
| 103|0x000000008ab00000, 0x000000008ab00000, 0x000000008ac00000|  0%| F|  |TAMS 0x000000008ab00000| PB 0x000000008ab00000| Untracked |  0
| 104|0x000000008ac00000, 0x000000008ac00000, 0x000000008ad00000|  0%| F|  |TAMS 0x000000008ac00000| PB 0x000000008ac00000| Untracked |  0
| 105|0x000000008ad00000, 0x000000008ad00000, 0x000000008ae00000|  0%| F|  |TAMS 0x000000008ad00000| PB 0x000000008ad00000| Untracked |  0
| 106|0x000000008ae00000, 0x000000008ae00000, 0x000000008af00000|  0%| F|  |TAMS 0x000000008ae00000| PB 0x000000008ae00000| Untracked |  0
| 107|0x000000008af00000, 0x000000008af00000, 0x000000008b000000|  0%| F|  |TAMS 0x000000008af00000| PB 0x000000008af00000| Untracked |  0
| 108|0x000000008b000000, 0x000000008b000000, 0x000000008b100000|  0%| F|  |TAMS 0x000000008b000000| PB 0x000000008b000000| Untracked |  0
| 109|0x000000008b100000, 0x000000008b100000, 0x000000008b200000|  0%| F|  |TAMS 0x000000008b100000| PB 0x000000008b100000| Untracked |  0
| 110|0x000000008b200000, 0x000000008b300000, 0x000000008b300000|100%| E|  |TAMS 0x000000008b200000| PB 0x000000008b200000| Complete |  0
| 111|0x000000008b300000, 0x000000008b400000, 0x000000008b400000|100%| E|CS|TAMS 0x000000008b300000| PB 0x000000008b300000| Complete |  0
| 112|0x000000008b400000, 0x000000008b500000, 0x000000008b500000|100%| E|CS|TAMS 0x000000008b400000| PB 0x000000008b400000| Complete |  0
| 113|0x000000008b500000, 0x000000008b600000, 0x000000008b600000|100%| E|CS|TAMS 0x000000008b500000| PB 0x000000008b500000| Complete |  0
| 114|0x000000008b600000, 0x000000008b700000, 0x000000008b700000|100%| E|CS|TAMS 0x000000008b600000| PB 0x000000008b600000| Complete |  0
| 115|0x000000008b700000, 0x000000008b800000, 0x000000008b800000|100%| E|CS|TAMS 0x000000008b700000| PB 0x000000008b700000| Complete |  0
| 116|0x000000008b800000, 0x000000008b900000, 0x000000008b900000|100%| E|CS|TAMS 0x000000008b800000| PB 0x000000008b800000| Complete |  0
| 117|0x000000008b900000, 0x000000008ba00000, 0x000000008ba00000|100%| E|CS|TAMS 0x000000008b900000| PB 0x000000008b900000| Complete |  0
| 118|0x000000008ba00000, 0x000000008bb00000, 0x000000008bb00000|100%| E|CS|TAMS 0x000000008ba00000| PB 0x000000008ba00000| Complete |  0
| 119|0x000000008bb00000, 0x000000008bc00000, 0x000000008bc00000|100%| E|CS|TAMS 0x000000008bb00000| PB 0x000000008bb00000| Complete |  0
| 120|0x000000008bc00000, 0x000000008bd00000, 0x000000008bd00000|100%| E|CS|TAMS 0x000000008bc00000| PB 0x000000008bc00000| Complete |  0
| 121|0x000000008bd00000, 0x000000008be00000, 0x000000008be00000|100%| E|  |TAMS 0x000000008bd00000| PB 0x000000008bd00000| Complete |  0
| 122|0x000000008be00000, 0x000000008bf00000, 0x000000008bf00000|100%| E|CS|TAMS 0x000000008be00000| PB 0x000000008be00000| Complete |  0
| 123|0x000000008bf00000, 0x000000008c000000, 0x000000008c000000|100%| E|CS|TAMS 0x000000008bf00000| PB 0x000000008bf00000| Complete |  0
|1978|0x00000000ffe00000, 0x00000000fff00000, 0x00000000fff00000|100%| O|  |TAMS 0x00000000ffe00000| PB 0x00000000ffe00000| Untracked |  0
|1979|0x00000000fff00000, 0x00000000fff256a0, 0x0000000100000000| 14%| O|  |TAMS 0x00000000fff00000| PB 0x00000000fff00000| Untracked |  0

Card table byte_map: [0x000001ee790e0000,0x000001ee794c0000] _byte_map_base: 0x000001ee78cbe000

Marking Bits: (CMBitMap*) 0x000001ee60f8ac30
 Bits: [0x000001ee794c0000, 0x000001ee7b3b0000)

Polling page: 0x000001ee5ede0000

Metaspace:
Metaspace        used 3185K, committed 3328K, reserved 1114112K
 class space     used 257K, committed 320K, reserved 1048576K

Usage:
  Non-class:      2.86 MB used.
      Class:    257.86 KB used.
       Both:      3.11 MB used.

Virtual space:
  Non-class space:       64.00 MB reserved,       2.94 MB (  5%) committed,  1 nodes.
      Class space:        1.00 GB reserved,     320.00 KB ( <1%) committed,  1 nodes.
             Both:        1.06 GB reserved,       3.25 MB ( <1%) committed. 

Chunk freelists:
   Non-Class:  10.59 MB
       Class:  15.58 MB
        Both:  26.17 MB

MaxMetaspaceSize: unlimited
CompressedClassSpaceSize: 1.00 GB
Initial GC threshold: 21.00 MB
Current GC threshold: 21.00 MB
CDS: on
 - commit_granule_bytes: 65536.
 - commit_granule_words: 8192.
 - virtual_space_node_default_size: 8388608.
 - enlarge_chunks_in_place: 1.
UseCompressedClassPointers 1, UseCompactObjectHeaders 0
Narrow klass pointer bits 32, Max shift 3
Narrow klass base: 0x0000000027000000, Narrow klass shift: 0
Encoding Range: [0x0000000027000000 - 0x0000000127000000), (4294967296 bytes)
Klass Range:    [0x0000000027010000 - 0x0000000068000000), (1090453504 bytes)
Klass ID Range:  [65536 - 1090519033) (1090453497)
Protection zone: [0x0000000027000000 - 0x0000000027010000), (65536 bytes)


Internal statistics:

num_allocs_failed_limit: 0.
num_arena_births: 54.
num_arena_deaths: 0.
num_vsnodes_births: 2.
num_vsnodes_deaths: 0.
num_space_committed: 52.
num_space_uncommitted: 0.
num_chunks_returned_to_freelist: 0.
num_chunks_taken_from_freelist: 137.
num_chunk_merges: 0.
num_chunk_splits: 93.
num_chunks_enlarged: 59.
num_inconsistent_stats: 0.

CodeHeap 'non-profiled nmethods': size=120064Kb used=224Kb max_used=224Kb free=119839Kb
 bounds [0x000001ee71270000, 0x000001ee714e0000, 0x000001ee787b0000]
CodeHeap 'profiled nmethods': size=120000Kb used=1408Kb max_used=1408Kb free=118591Kb
 bounds [0x000001ee697b0000, 0x000001ee69a20000, 0x000001ee70ce0000]
CodeHeap 'non-nmethods': size=5696Kb used=1325Kb max_used=1336Kb free=4370Kb
 bounds [0x000001ee70ce0000, 0x000001ee70f50000, 0x000001ee71270000]
CodeCache: size=245760Kb, used=2957Kb, max_used=2968Kb, free=242800Kb
 total_blobs=1460, nmethods=1012, adapters=350, full_count=0
Compilation: enabled, stopped_count=0, restarted_count=0

Compilation events (20 events):
Event: 1.338 Thread 0x000001ee7dffeb90 nmethod 962 0x000001ee698fb588 code [0x000001ee698fb680, 0x000001ee698fbf88]
Event: 1.338 Thread 0x000001ee7dffeb90  963       3       java.lang.ref.Reference::clear (5 bytes)
Event: 1.338 Thread 0x000001ee7dffeb90 nmethod 963 0x000001ee698fc008 code [0x000001ee698fc100, 0x000001ee698fc2c8]
Event: 1.338 Thread 0x000001ee7dffeb90  964       3       java.lang.ref.PhantomReference::clearImpl (5 bytes)
Event: 1.338 Thread 0x000001ee7dffeb90 nmethod 964 0x000001ee698fc308 code [0x000001ee698fc400, 0x000001ee698fc530]
Event: 1.338 Thread 0x000001ee7dfea580  965       4       java.util.regex.Pattern$BmpCharPropertyGreedy::match (89 bytes)
Event: 1.339 Thread 0x000001ee7dffeb90  966       3       java.util.zip.ZipEntry::isCENHeaderValid (58 bytes)
Event: 1.339 Thread 0x000001ee7dffeb90 nmethod 966 0x000001ee698fc608 code [0x000001ee698fc700, 0x000001ee698fccc8]
Event: 1.339 Thread 0x000001ee7dffeb90  967       3       java.util.ArrayDeque::poll (5 bytes)
Event: 1.339 Thread 0x000001ee7dffeb90 nmethod 967 0x000001ee698fcd08 code [0x000001ee698fce00, 0x000001ee698fcf50]
Event: 1.339 Thread 0x000001ee7dffeb90  968       3       jdk.internal.ref.PhantomCleanable::clean (20 bytes)
Event: 1.340 Thread 0x000001ee7dffeb90 nmethod 968 0x000001ee698fd008 code [0x000001ee698fd100, 0x000001ee698fd538]
Event: 1.340 Thread 0x000001ee7dffeb90  969       3       jdk.internal.ref.CleanerImpl$PhantomCleanableRef::performCleanup (10 bytes)
Event: 1.340 Thread 0x000001ee7dffeb90 nmethod 969 0x000001ee698fd588 code [0x000001ee698fd680, 0x000001ee698fd850]
Event: 1.340 Thread 0x000001ee7dffeb90  970       3       java.util.WeakHashMap::put (160 bytes)
Event: 1.340 Thread 0x000001ee7dffeb90 nmethod 970 0x000001ee698fd888 code [0x000001ee698fd980, 0x000001ee698fe9e8]
Event: 1.340 Thread 0x000001ee7dffeb90  971       3       java.util.WeakHashMap$Entry::<init> (24 bytes)
Event: 1.341 Thread 0x000001ee7dffeb90 nmethod 971 0x000001ee698fea08 code [0x000001ee698feb00, 0x000001ee698feed8]
Event: 1.341 Thread 0x000001ee7dffeb90  973       3       java.util.Collections$SetFromMap::add (22 bytes)
Event: 1.341 Thread 0x000001ee7dffeb90 nmethod 973 0x000001ee698fef08 code [0x000001ee698ff000, 0x000001ee698ff228]

GC Heap Usage History (0 events):
No events

Metaspace Usage History (0 events):
No events

Dll operation events (5 events):
Event: 0.014 Loaded shared library C:\Program Files\Java\jdk-25\bin\java.dll
Event: 0.071 Loaded shared library C:\Program Files\Java\jdk-25\bin\net.dll
Event: 0.076 Loaded shared library C:\Program Files\Java\jdk-25\bin\nio.dll
Event: 0.083 Loaded shared library C:\Program Files\Java\jdk-25\bin\zip.dll
Event: 0.159 Loaded shared library C:\Program Files\Java\jdk-25\bin\jimage.dll

Deoptimization events (20 events):
Event: 1.310 Thread 0x000001ee5eb873f0 Uncommon trap: trap_request=0xffffff45 fr.pc=0x000001ee71274ef4 relative=0x0000000000000074
Event: 1.310 Thread 0x000001ee5eb873f0 Uncommon trap: reason=unstable_if action=reinterpret pc=0x000001ee71274ef4 method=jdk.internal.misc.Unsafe.convEndian(ZI)I @ 4 c2
Event: 1.310 Thread 0x000001ee5eb873f0 DEOPT PACKING pc=0x000001ee71274ef4 sp=0x000000c71befe870
Event: 1.310 Thread 0x000001ee5eb873f0 DEOPT UNPACKING pc=0x000001ee70e00882 sp=0x000000c71befe7a0 mode 2
Event: 1.338 Thread 0x000001ee5eb873f0 Uncommon trap: trap_request=0xffffffde fr.pc=0x000001ee712a0974 relative=0x00000000000002f4
Event: 1.338 Thread 0x000001ee5eb873f0 Uncommon trap: reason=class_check action=maybe_recompile pc=0x000001ee712a0974 method=java.util.regex.Pattern$BmpCharPropertyGreedy.match(Ljava/util/regex/Matcher;ILjava/lang/CharSequence;)Z @ 26 c2
Event: 1.338 Thread 0x000001ee5eb873f0 DEOPT PACKING pc=0x000001ee712a0974 sp=0x000000c71befe410
Event: 1.338 Thread 0x000001ee5eb873f0 DEOPT UNPACKING pc=0x000001ee70e00882 sp=0x000000c71befe3a8 mode 2
Event: 1.338 Thread 0x000001ee5eb873f0 Uncommon trap: trap_request=0xffffffde fr.pc=0x000001ee712a0974 relative=0x00000000000002f4
Event: 1.338 Thread 0x000001ee5eb873f0 Uncommon trap: reason=class_check action=maybe_recompile pc=0x000001ee712a0974 method=java.util.regex.Pattern$BmpCharPropertyGreedy.match(Ljava/util/regex/Matcher;ILjava/lang/CharSequence;)Z @ 26 c2
Event: 1.338 Thread 0x000001ee5eb873f0 DEOPT PACKING pc=0x000001ee712a0974 sp=0x000000c71befe360
Event: 1.338 Thread 0x000001ee5eb873f0 DEOPT UNPACKING pc=0x000001ee70e00882 sp=0x000000c71befe318 mode 2
Event: 1.338 Thread 0x000001ee5eb873f0 Uncommon trap: trap_request=0xffffffde fr.pc=0x000001ee712a0974 relative=0x00000000000002f4
Event: 1.338 Thread 0x000001ee5eb873f0 Uncommon trap: reason=class_check action=maybe_recompile pc=0x000001ee712a0974 method=java.util.regex.Pattern$BmpCharPropertyGreedy.match(Ljava/util/regex/Matcher;ILjava/lang/CharSequence;)Z @ 26 c2
Event: 1.338 Thread 0x000001ee5eb873f0 DEOPT PACKING pc=0x000001ee712a0974 sp=0x000000c71befe450
Event: 1.338 Thread 0x000001ee5eb873f0 DEOPT UNPACKING pc=0x000001ee70e00882 sp=0x000000c71befe3e8 mode 2
Event: 1.338 Thread 0x000001ee5eb873f0 Uncommon trap: trap_request=0xffffffde fr.pc=0x000001ee712a0974 relative=0x00000000000002f4
Event: 1.338 Thread 0x000001ee5eb873f0 Uncommon trap: reason=class_check action=maybe_recompile pc=0x000001ee712a0974 method=java.util.regex.Pattern$BmpCharPropertyGreedy.match(Ljava/util/regex/Matcher;ILjava/lang/CharSequence;)Z @ 26 c2
Event: 1.338 Thread 0x000001ee5eb873f0 DEOPT PACKING pc=0x000001ee712a0974 sp=0x000000c71befe3a0
Event: 1.338 Thread 0x000001ee5eb873f0 DEOPT UNPACKING pc=0x000001ee70e00882 sp=0x000000c71befe358 mode 2

Classes loaded (20 events):
Event: 1.305 Loading class java/lang/NumberFormatException
Event: 1.305 Loading class java/lang/NumberFormatException done
Event: 1.310 Loading class sun/util/calendar/ZoneInfoFile$Checksum
Event: 1.310 Loading class sun/util/calendar/ZoneInfoFile$Checksum done
Event: 1.311 Loading class jdk/internal/module/ModulePatcher$PatchedModuleReader
Event: 1.311 Loading class jdk/internal/module/ModulePatcher$PatchedModuleReader done
Event: 1.311 Loading class sun/net/www/protocol/jrt/Handler
Event: 1.311 Loading class sun/net/www/protocol/jrt/Handler done
Event: 1.325 Loading class java/time/zone/ZoneRulesProvider
Event: 1.325 Loading class java/time/zone/ZoneRulesProvider done
Event: 1.325 Loading class java/time/zone/TzdbZoneRulesProvider
Event: 1.325 Loading class java/time/zone/TzdbZoneRulesProvider done
Event: 1.327 Loading class java/time/zone/Ser
Event: 1.327 Loading class java/io/Externalizable
Event: 1.327 Loading class java/io/Externalizable done
Event: 1.327 Loading class java/time/zone/Ser done
Event: 1.327 Loading class java/time/zone/ZoneOffsetTransition
Event: 1.328 Loading class java/time/zone/ZoneOffsetTransition done
Event: 1.328 Loading class java/time/Year
Event: 1.328 Loading class java/time/Year done

Classes unloaded (0 events):
No events

Classes redefined (0 events):
No events

Internal exceptions (11 events):
Event: 0.214 Thread 0x000001ee5eb873f0 Exception <a 'java/lang/NoSuchMethodError'{0x000000008b8a6478}: 'void java.lang.invoke.DirectMethodHandle$Holder.invokeStatic(java.lang.Object, java.lang.Object, java.lang.Object)'> (0x000000008b8a6478) 
thrown [s\open\src\hotspot\share\interpreter\linkResolver.cpp, line 804]
Event: 0.216 Thread 0x000001ee5eb873f0 Exception <a 'java/lang/NoSuchMethodError'{0x000000008b8b9c90}: 'java.lang.Object java.lang.invoke.DirectMethodHandle$Holder.invokeStaticInit(java.lang.Object, java.lang.Object, java.lang.Object)'> (0x000000008b8b9c90) 
thrown [s\open\src\hotspot\share\interpreter\linkResolver.cpp, line 804]
Event: 0.217 Thread 0x000001ee5eb873f0 Exception <a 'java/lang/NoSuchMethodError'{0x000000008b8c2f90}: 'void java.lang.invoke.DirectMethodHandle$Holder.invokeStatic(java.lang.Object, java.lang.Object)'> (0x000000008b8c2f90) 
thrown [s\open\src\hotspot\share\interpreter\linkResolver.cpp, line 804]
Event: 0.221 Thread 0x000001ee5eb873f0 Exception <a 'java/lang/NoSuchMethodError'{0x000000008b7069d8}: 'java.lang.Object java.lang.invoke.DirectMethodHandle$Holder.invokeStatic(java.lang.Object, java.lang.Object, int)'> (0x000000008b7069d8) 
thrown [s\open\src\hotspot\share\interpreter\linkResolver.cpp, line 804]
Event: 0.222 Thread 0x000001ee5eb873f0 Exception <a 'java/lang/NoSuchMethodError'{0x000000008b71fbf0}: 'void java.lang.invoke.DelegatingMethodHandle$Holder.delegate(java.lang.Object, java.lang.Object, int, java.lang.Object)'> (0x000000008b71fbf0) 
thrown [s\open\src\hotspot\share\interpreter\linkResolver.cpp, line 804]
Event: 1.231 Thread 0x000001ee5eb873f0 Exception <a 'java/lang/NoSuchMethodError'{0x000000008b76ae90}: 'java.lang.Object java.lang.invoke.DirectMethodHandle$Holder.newInvokeSpecial(java.lang.Object, int, java.lang.Object)'> (0x000000008b76ae90) 
thrown [s\open\src\hotspot\share\interpreter\linkResolver.cpp, line 804]
Event: 1.236 Thread 0x000001ee5eb873f0 Exception <a 'java/lang/NoSuchMethodError'{0x000000008b78d8d0}: 'java.lang.Object java.lang.invoke.DirectMethodHandle$Holder.invokeStaticInit(java.lang.Object)'> (0x000000008b78d8d0) 
thrown [s\open\src\hotspot\share\interpreter\linkResolver.cpp, line 804]
Event: 1.240 Thread 0x000001ee5eb873f0 Exception <a 'java/lang/NoSuchMethodError'{0x000000008b7aa900}: 'java.lang.Object java.lang.invoke.DirectMethodHandle$Holder.invokeInterface(java.lang.Object, java.lang.Object)'> (0x000000008b7aa900) 
thrown [s\open\src\hotspot\share\interpreter\linkResolver.cpp, line 804]
Event: 1.240 Thread 0x000001ee5eb873f0 Exception <a 'java/lang/IncompatibleClassChangeError'{0x000000008b7b2630}: Found class java.lang.Object, but interface was expected> (0x000000008b7b2630) 
thrown [s\open\src\hotspot\share\interpreter\linkResolver.cpp, line 871]
Event: 1.243 Thread 0x000001ee5eb873f0 Exception <a 'java/lang/NoSuchMethodError'{0x000000008b7cff68}: 'void java.lang.invoke.DirectMethodHandle$Holder.invokeSpecial(java.lang.Object, java.lang.Object, java.lang.Object)'> (0x000000008b7cff68) 
thrown [s\open\src\hotspot\share\interpreter\linkResolver.cpp, line 804]
Event: 1.245 Thread 0x000001ee5eb873f0 Exception <a 'java/lang/NoSuchMethodError'{0x000000008b7fa710}: 'void java.lang.invoke.DirectMethodHandle$Holder.invokeSpecial(java.lang.Object, java.lang.Object, java.lang.Object, java.lang.Object, java.lang.Object)'> (0x000000008b7fa710) 
thrown [s\open\src\hotspot\share\interpreter\linkResolver.cpp, line 804]

VM Operations (8 events):
Event: 0.220 Executing non-safepoint VM operation: HandshakeAllThreads (Deoptimize)
Event: 0.220 Executing non-safepoint VM operation: HandshakeAllThreads (Deoptimize) done
Event: 1.237 Executing non-safepoint VM operation: HandshakeAllThreads (Deoptimize)
Event: 1.237 Executing non-safepoint VM operation: HandshakeAllThreads (Deoptimize) done
Event: 1.241 Executing non-safepoint VM operation: HandshakeAllThreads (Deoptimize)
Event: 1.241 Executing non-safepoint VM operation: HandshakeAllThreads (Deoptimize) done
Event: 1.283 Executing non-safepoint VM operation: HandshakeAllThreads (Deoptimize)
Event: 1.283 Executing non-safepoint VM operation: HandshakeAllThreads (Deoptimize) done

Memory protections (0 events):
No events

Nmethod flushes (0 events):
No events

Events (16 events):
Event: 0.034 Thread 0x000001ee5eb873f0 Thread added: 0x000001ee5eb873f0
Event: 0.045 Thread 0x000001ee5eb873f0 Thread added: 0x000001ee7dfd65b0
Event: 0.045 Thread 0x000001ee5eb873f0 Thread added: 0x000001ee7dfd7010
Event: 0.045 Thread 0x000001ee5eb873f0 Thread added: 0x000001ee7dfd8200
Event: 0.045 Thread 0x000001ee5eb873f0 Thread added: 0x000001ee7dfda4d0
Event: 0.045 Thread 0x000001ee5eb873f0 Thread added: 0x000001ee7dfdd0a0
Event: 0.045 Thread 0x000001ee5eb873f0 Thread added: 0x000001ee7dfdfc70
Event: 0.045 Thread 0x000001ee5eb873f0 Thread added: 0x000001ee7dfea580
Event: 0.045 Thread 0x000001ee5eb873f0 Thread added: 0x000001ee7dffeb90
Event: 0.062 Thread 0x000001ee5eb873f0 Thread added: 0x000001ee7e0cadc0
Event: 0.064 Thread 0x000001ee5eb873f0 Thread added: 0x000001ee7e0d2640
Event: 0.080 Thread 0x000001ee7dffeb90 Thread added: 0x000001ee7dffd360
Event: 0.086 Thread 0x000001ee7dfea580 Thread added: 0x000001ee7dffe380
Event: 1.228 Thread 0x000001ee7dffe380 Thread exited: 0x000001ee7dffe380
Event: 1.229 Thread 0x000001ee7dffd360 Thread exited: 0x000001ee7dffd360
Event: 1.323 Thread 0x000001ee7dffeb90 Thread added: 0x000001ee7dfffbb0


Dynamic libraries:
0x00007ff61f240000 - 0x00007ff61f250000 	C:\Program Files\Java\jdk-25\bin\javaw.exe
0x00007ffb07e80000 - 0x00007ffb080e7000 	C:\WINDOWS\SYSTEM32\ntdll.dll
0x00007ffb06270000 - 0x00007ffb06339000 	C:\WINDOWS\System32\KERNEL32.DLL
0x00007ffb05780000 - 0x00007ffb05b74000 	C:\WINDOWS\System32\KERNELBASE.dll
0x00007ffb05630000 - 0x00007ffb0577b000 	C:\WINDOWS\System32\ucrtbase.dll
0x00007ffaf2ef0000 - 0x00007ffaf2f07000 	C:\Program Files\Java\jdk-25\bin\jli.dll
0x00007ffaf2ed0000 - 0x00007ffaf2eee000 	C:\Program Files\Java\jdk-25\bin\VCRUNTIME140.dll
0x00007ffb06480000 - 0x00007ffb06645000 	C:\WINDOWS\System32\USER32.dll
0x00007ffad91b0000 - 0x00007ffad9443000 	C:\WINDOWS\WinSxS\amd64_microsoft.windows.common-controls_6595b64144ccf1df_6.0.26100.8115_none_3e075c82e3354f9c\COMCTL32.dll
0x00007ffb05330000 - 0x00007ffb05357000 	C:\WINDOWS\System32\win32u.dll
0x00007ffb075c0000 - 0x00007ffb07669000 	C:\WINDOWS\System32\msvcrt.dll
0x00007ffb07a50000 - 0x00007ffb07a7b000 	C:\WINDOWS\System32\GDI32.dll
0x00007ffb04fc0000 - 0x00007ffb050ea000 	C:\WINDOWS\System32\gdi32full.dll
0x00007ffb05410000 - 0x00007ffb054b3000 	C:\WINDOWS\System32\msvcp_win.dll
0x00007ffb070f0000 - 0x00007ffb07122000 	C:\WINDOWS\System32\IMM32.DLL
0x00007ffaf87b0000 - 0x00007ffaf87bc000 	C:\Program Files\Java\jdk-25\bin\vcruntime140_1.dll
0x00007ffaf2e40000 - 0x00007ffaf2ecd000 	C:\Program Files\Java\jdk-25\bin\msvcp140.dll
0x00007ffa6c6b0000 - 0x00007ffa6d50f000 	C:\Program Files\Java\jdk-25\bin\server\jvm.dll
0x00007ffb07700000 - 0x00007ffb077b6000 	C:\WINDOWS\System32\ADVAPI32.dll
0x00007ffb079a0000 - 0x00007ffb07a47000 	C:\WINDOWS\System32\sechost.dll
0x00007ffb06340000 - 0x00007ffb06458000 	C:\WINDOWS\System32\RPCRT4.dll
0x00007ffb07670000 - 0x00007ffb076f0000 	C:\WINDOWS\System32\WS2_32.dll
0x00007ffb045b0000 - 0x00007ffb0460e000 	C:\WINDOWS\SYSTEM32\POWRPROF.dll
0x00007ffadfef0000 - 0x00007ffadfefb000 	C:\WINDOWS\SYSTEM32\VERSION.dll
0x00007ffaf9220000 - 0x00007ffaf9256000 	C:\WINDOWS\SYSTEM32\WINMM.dll
0x00007ffb04590000 - 0x00007ffb045a4000 	C:\WINDOWS\SYSTEM32\UMPDC.dll
0x00007ffb034e0000 - 0x00007ffb034fb000 	C:\WINDOWS\SYSTEM32\kernel.appcore.dll
0x00007ffaf2e30000 - 0x00007ffaf2e3a000 	C:\Program Files\Java\jdk-25\bin\jimage.dll
0x00007ffb02810000 - 0x00007ffb02a52000 	C:\WINDOWS\SYSTEM32\DBGHELP.DLL
0x00007ffb07ab0000 - 0x00007ffb07e32000 	C:\WINDOWS\System32\combase.dll
0x00007ffb06e80000 - 0x00007ffb06f57000 	C:\WINDOWS\System32\OLEAUT32.dll
0x00007ffade670000 - 0x00007ffade6ab000 	C:\WINDOWS\SYSTEM32\dbgcore.DLL
0x00007ffb05360000 - 0x00007ffb05405000 	C:\WINDOWS\System32\bcryptPrimitives.dll
0x00007ffaf1fa0000 - 0x00007ffaf1fbf000 	C:\Program Files\Java\jdk-25\bin\java.dll
0x00007ffb05d80000 - 0x00007ffb05f17000 	C:\WINDOWS\System32\ole32.dll
0x00007ffb06650000 - 0x00007ffb06db6000 	C:\WINDOWS\System32\SHELL32.dll
0x00007ffb054c0000 - 0x00007ffb0562a000 	C:\WINDOWS\System32\wintypes.dll
0x00007ffb04750000 - 0x00007ffb04fb5000 	C:\WINDOWS\System32\windows.storage.dll
0x00007ffb06170000 - 0x00007ffb06267000 	C:\WINDOWS\System32\SHCORE.dll
0x00007ffb07930000 - 0x00007ffb07996000 	C:\WINDOWS\System32\shlwapi.dll
0x00007ffb04670000 - 0x00007ffb04699000 	C:\WINDOWS\SYSTEM32\profapi.dll
0x00007ffaf1f80000 - 0x00007ffaf1f92000 	C:\Program Files\Java\jdk-25\bin\net.dll
0x00007ffb03a50000 - 0x00007ffb03abc000 	C:\WINDOWS\system32\mswsock.dll
0x00007ffaf1f60000 - 0x00007ffaf1f76000 	C:\Program Files\Java\jdk-25\bin\nio.dll
0x00007ffaf1f40000 - 0x00007ffaf1f57000 	C:\Program Files\Java\jdk-25\bin\zip.dll

JVMTI agents: none

dbghelp: loaded successfully - version: 4.0.5 - missing functions: none
symbol engine: initialized successfully - sym options: 0x614 - pdb path: .;C:\Program Files\Java\jdk-25\bin;C:\WINDOWS\SYSTEM32;C:\WINDOWS\WinSxS\amd64_microsoft.windows.common-controls_6595b64144ccf1df_6.0.26100.8115_none_3e075c82e3354f9c;C:\Program Files\Java\jdk-25\bin\server

VM Arguments:
jvm_args: -Dfile.encoding=UTF-8 -Dstdout.encoding=UTF-8 -Dstderr.encoding=UTF-8 -XX:+ShowCodeDetailsInExceptionMessages 
java_command: secsem.exii
java_class_path (initial): D:\secsem\bin;D:\mysql-connector-j-9.6.0\mysql-connector-j-9.6.0\mysql-connector-j-9.6.0.jar;D:\poi-bin-5.2.3\poi-5.2.3.jar;D:\poi-bin-5.2.3\poi-examples-5.2.3.jar;D:\poi-bin-5.2.3\poi-excelant-5.2.3.jar;D:\poi-bin-5.2.3\poi-javadoc-5.2.3.jar;D:\poi-bin-5.2.3\poi-ooxml-5.2.3.jar;D:\poi-bin-5.2.3\poi-ooxml-full-5.2.3.jar;D:\poi-bin-5.2.3\poi-ooxml-lite-5.2.3.jar;D:\poi-bin-5.2.3\poi-scratchpad-5.2.3.jar;D:\poi-bin-5.2.3\lib\commons-codec-1.15.jar;D:\poi-bin-5.2.3\lib\commons-collections4-4.4.jar;D:\poi-bin-5.2.3\lib\commons-io-2.11.0.jar;D:\poi-bin-5.2.3\lib\commons-math3-3.6.1.jar;D:\poi-bin-5.2.3\lib\log4j-api-2.18.0.jar;D:\poi-bin-5.2.3\lib\SparseBitSet-1.2.jar;D:\poi-bin-5.2.3\ooxml-lib\commons-compress-1.21.jar;D:\poi-bin-5.2.3\ooxml-lib\commons-logging-1.2.jar;D:\poi-bin-5.2.3\ooxml-lib\curvesapi-1.07.jar;D:\poi-bin-5.2.3\ooxml-lib\jakarta.activation-2.0.1.jar;D:\poi-bin-5.2.3\ooxml-lib\jakarta.xml.bind-api-3.0.1.jar;D:\poi-bin-5.2.3\ooxml-lib\slf4j-api-1.7.36.jar;D:\poi-bin-5.2.3\ooxml-lib\xmlbeans-5.1.1.jar;D:\poi-bin-5.2.3\auxiliary\batik-anim-1.14.jar;D:\poi-bin-5.2.3\auxiliary\batik-awt-util-1.14.jar;D:\poi-bin-5.2.3\auxiliary\batik-bridge-1.14.jar;D:\poi-bin-5.2.3\auxiliary\batik-codec-1.14.jar;D:\poi-bin-5.2.3\auxiliary\batik-constants-1.14.jar;D:\poi-bin-5.2.3\auxiliary\batik-css-1.14.jar;D:\poi-bin-5.2.3\auxiliary\batik-dom-1.14.jar;D:\poi-bin-5.2.3\auxiliary\batik-ext-1.14.jar;D:\poi-bin-5.2.3\auxiliary\batik-gvt-1.14.jar;D:\poi-bin-5.2.3\auxiliary\batik-i18n-1.14.jar;D:\poi-bin-5.2.3\auxiliary\batik-parser-1.14.jar;D:\poi-bin-5.2.3\auxiliary\batik-script-1.14.jar;D:\poi-bin-5.2.3\auxiliary\batik-shared-resources-1.14.jar;D:\poi-bin-5.2.3\auxiliary\batik-svg-dom-1.14.jar;D:\poi-bin-5.2.3\auxiliary\batik-svggen-1.14.jar;D:\poi-bin-5.2.3\auxiliary\batik-svgrasterizer-1.14.jar;D:\poi-bin-5.2.3\auxiliary\batik-transcoder-1.14.jar;D:\poi-bin-5.2.3\auxiliary\batik-util-1.14.jar;D:\poi-bin-5.2.3\auxiliary\batik-xml-1.14.jar;D:\poi-bin-5.2.3\auxiliary\bcpkix-jdk15on-1.70.jar;D:\poi-bin-5.2.3\auxiliary\bcprov-jdk15on-1.70.jar;D:\poi-bin-5.2.3\auxiliary\bcutil-jdk15on-1.70.jar;D:\poi-bin-5.2.3\auxiliary\fontbox-2.0.26.jar;D:\poi-bin-5.2.3\auxiliary\graphics2d-0.40.jar;D:\poi-bin-5.2.3\auxiliary\pdfbox-2.0.26.jar;D:\poi-bin-5.2.3\auxiliary\xml-apis-1.4.01.jar;D:\poi-bin-5.2.3\auxiliary\xml-apis-ext-1.3.04.jar;D:\poi-bin-5.2.3\auxiliary\xmlgraphics-commons-2.6.jar;D:\poi-bin-5.2.3\auxiliary\xmlsec-3.0.0.jar
Launcher Type: SUN_STANDARD

[Global flags]
     intx CICompilerCount                          = 4                                         {product} {ergonomic}
     uint ConcGCThreads                            = 3                                         {product} {ergonomic}
     uint G1ConcRefinementThreads                  = 10                                        {product} {ergonomic}
   size_t G1HeapRegionSize                         = 1048576                                   {product} {ergonomic}
   size_t InitialHeapSize                          = 130023424                                 {product} {ergonomic}
   size_t MarkStackSize                            = 4194304                                   {product} {ergonomic}
   size_t MarkStackSizeMax                         = 536870912                                 {product} {ergonomic}
   size_t MaxHeapSize                              = 2076180480                                {product} {ergonomic}
   size_t MaxNewSize                               = 1245708288                                {product} {ergonomic}
   size_t MinHeapDeltaBytes                        = 1048576                                   {product} {ergonomic}
   size_t MinHeapSize                              = 8388608                                   {product} {ergonomic}
    uintx NonNMethodCodeHeapSize                   = 5832704                                {pd product} {ergonomic}
    uintx NonProfiledCodeHeapSize                  = 122945536                              {pd product} {ergonomic}
    uintx ProfiledCodeHeapSize                     = 122880000                              {pd product} {ergonomic}
    uintx ReservedCodeCacheSize                    = 251658240                              {pd product} {ergonomic}
     bool SegmentedCodeCache                       = true                                      {product} {ergonomic}
     bool ShowCodeDetailsInExceptionMessages       = true                                   {manageable} {command line}
   size_t SoftMaxHeapSize                          = 2076180480                             {manageable} {ergonomic}
     bool UseCompressedOops                        = true                           {product lp64_product} {ergonomic}
     bool UseG1GC                                  = true                                      {product} {ergonomic}
     bool UseLargePagesIndividualAllocation        = false                                  {pd product} {ergonomic}

Logging:
Log output configuration:
 #0: stdout all=warning uptime,level,tags foldmultilines=false
 #1: stderr all=off uptime,level,tags foldmultilines=false

Release file:
IMPLEMENTOR="Oracle Corporation" 
JAVA_RUNTIME_VERSION="25.0.1+8-LTS-27" 
JAVA_VERSION="25.0.1" 
JAVA_VERSION_DATE="2025-10-21" 
LIBC="default" 
MODULES="java.base java.compiler java.datatransfer java.xml java.prefs java.desktop java.instrument java.logging java.management java.security.sasl java.naming java.rmi java.management.rmi java.net.http java.scripting java.security.jgss java.transaction.xa java.sql java.sql.rowset java.xml.crypto java.se java.smartcardio jdk.accessibility jdk.internal.jvmstat jdk.attach jdk.charsets jdk.internal.opt jdk.zipfs jdk.compiler jdk.crypto.cryptoki jdk.crypto.ec jdk.crypto.mscapi jdk.dynalink jdk.internal.ed jdk.editpad jdk.internal.vm.ci jdk.graal.compiler jdk.graal.compiler.management jdk.hotspot.agent jdk.httpserver jdk.incubator.vector jdk.internal.le jdk.internal.md jdk.jartool jdk.javadoc jdk.jcmd jdk.management jdk.management.agent jdk.jconsole jdk.jdeps jdk.jdwp.agent jdk.jdi jdk.jfr jdk.jlink jdk.jpackage jdk.jshell jdk.jsobject jdk.jstatd jdk.localedata jdk.management.jfr jdk.naming.dns jdk.naming.rmi jdk.net jdk.nio.mapmode jdk.sctp jdk.security.auth jdk.security.jgss jdk.unsupported jdk.unsupported.desktop jdk.xml.dom" 
OS_ARCH="x86_64" 
OS_NAME="Windows" 
SOURCE=".:git:862c85bc42b7 open:git:78770bfaefd2" 

Environment Variables:
PATH=C:/Users/fatima/.p2/pool/plugins/org.eclipse.justj.openjdk.hotspot.jre.full.win32.x86_64_26.0.0.v20260408-1010/jre/bin/server;C:/Users/fatima/.p2/pool/plugins/org.eclipse.justj.openjdk.hotspot.jre.full.win32.x86_64_26.0.0.v20260408-1010/jre/bin;C:\Program Files\Common Files\Oracle\Java\javapath;C:\WINDOWS\system32;C:\WINDOWS;C:\WINDOWS\System32\Wbem;C:\WINDOWS\System32\WindowsPowerShell\v1.0\;C:\WINDOWS\System32\OpenSSH\;C:\MinGW\bin;C:\Program Files (x86)\Windows Kits\10\Windows Performance Toolkit\;C:\Program Files\dotnet\;C:\Program Files (x86)\Microsoft SQL Server\170\Tools\Binn\;C:\Program Files\Microsoft SQL Server\170\Tools\Binn\;C:\Program Files\Microsoft SQL Server\Client SDK\ODBC\180\Tools\Binn\;C:\Program Files\Microsoft SQL Server\170\DTS\Binn\;C:\Program Files (x86)\Microsoft SQL Server\160\DTS\Binn\;C:\Program Files\MySQL\MySQL Shell 8.0\bin\;D:\open\opencv\build\x64\vc16\lib;D:\open\opencv\build\x64\vc16\bin;C:\Users\fatima\AppData\Local\Microsoft\WindowsApps;C:\msys64\ucrt64\bin.;D:\winlibs-x86_64-posix-seh-gcc-13.2.0-mingw-w64ucrt-11.0.1-r8\mingw64\bin;;C:\WINDOWS\system32;
USERNAME=fatima
OS=Windows_NT
PROCESSOR_IDENTIFIER=Intel64 Family 6 Model 154 Stepping 4, GenuineIntel
TMP=C:\Users\fatima\AppData\Local\Temp
TEMP=C:\Users\fatima\AppData\Local\Temp




Compilation memory statistics disabled.

Periodic native trim disabled

---------------  S Y S T E M  ---------------

OS:
 Windows 11 , 64 bit Build 26100 (10.0.26100.8115)
OS uptime: 0 days 0:30 hours

CPU: total 12 (initial active 12) (12 cores per cpu, 1 threads per core) family 6 model 154 stepping 4 microcode 0x435, cx8, cmov, fxsr, mmx, 3dnowpref, sse, sse2, sse3, ssse3, sse4.1, sse4.2, popcnt, lzcnt, tsc, tscinvbit, avx, avx2, aes, erms, clmul, bmi1, bmi2, adx, sha, fma, vzeroupper, clflush, clflushopt, clwb, serialize, rdtscp, rdpid, fsrm, gfni, f16c, pku, cet_ibt, cet_ss
Processor Information for processor 0
  Max Mhz: 1300, Current Mhz: 1300, Mhz Limit: 1300
Processor Information for processor 1
  Max Mhz: 1300, Current Mhz: 1300, Mhz Limit: 1300
Processor Information for processor 2
  Max Mhz: 1300, Current Mhz: 1300, Mhz Limit: 1300
Processor Information for processor 3
  Max Mhz: 1300, Current Mhz: 1300, Mhz Limit: 1300
Processor Information for processor 4
  Max Mhz: 900, Current Mhz: 900, Mhz Limit: 900
Processor Information for processor 5
  Max Mhz: 900, Current Mhz: 900, Mhz Limit: 900
Processor Information for processor 6
  Max Mhz: 900, Current Mhz: 900, Mhz Limit: 900
Processor Information for processor 7
  Max Mhz: 900, Current Mhz: 900, Mhz Limit: 900
Processor Information for processor 8
  Max Mhz: 900, Current Mhz: 900, Mhz Limit: 900
Processor Information for processor 9
  Max Mhz: 900, Current Mhz: 900, Mhz Limit: 900
Processor Information for processor 10
  Max Mhz: 900, Current Mhz: 900, Mhz Limit: 900
Processor Information for processor 11
  Max Mhz: 900, Current Mhz: 900, Mhz Limit: 900

Memory: 4k page, system-wide physical 7916M (2615M free)
TotalPageFile size 7916M (AvailPageFile size 77M)
current process WorkingSet (physical memory assigned to process): 71M, peak: 71M
current process commit charge ("private bytes"): 226M, peak: 228M

vm_info: Java HotSpot(TM) 64-Bit Server VM (25.0.1+8-LTS-27) for windows-amd64 JRE (25.0.1+8-LTS-27), built on 2025-09-25T16:41:16Z with unknown MS VC++:1943

END.
