#
# There is insufficient memory for the Java Runtime Environment to continue.
# Native memory allocation (mmap) failed to map 130023424 bytes. Error detail: G1 virtual space
# Possible reasons:
#   The system is out of physical RAM or swap space
#   This process is running with CompressedOops enabled, and the Java Heap may be blocking the growth of the native heap
# Possible solutions:
#   Reduce memory load on the system
#   Increase physical memory or swap space
#   Check if swap backing store is full
#   Decrease Java heap size (-Xmx/-Xms)
#   Decrease number of Java threads
#   Decrease Java thread stack sizes (-Xss)
#   Set larger code cache with -XX:ReservedCodeCacheSize=
#   JVM is running with Unscaled Compressed Oops mode in which the Java heap is
#     placed in the first 4GB address space. The Java Heap base address is the
#     maximum limit for the native heap growth. Please use -XX:HeapBaseMinAddress
#     to set the Java Heap base and to place the Java Heap above 4GB virtual address.
# This output file may be truncated or incomplete.
#
#  Out of Memory Error (os_windows.cpp:3554), pid=10828, tid=11140
#
# JRE version:  (25.0.1+8) (build )
# Java VM: Java HotSpot(TM) 64-Bit Server VM (25.0.1+8-LTS-27, mixed mode, sharing, tiered, compressed oops, compressed class ptrs, g1 gc, windows-amd64)
# No core dump will be written. Minidumps are not enabled by default on client versions of Windows
#

---------------  S U M M A R Y ------------

Command Line: -Dfile.encoding=UTF-8 -Dstdout.encoding=UTF-8 -Dstderr.encoding=UTF-8 -XX:+ShowCodeDetailsInExceptionMessages secsem.swin

Host: 12th Gen Intel(R) Core(TM) i5-1235U, 12 cores, 7G,  Windows 11 , 64 bit Build 26100 (10.0.26100.8115)
Time: Tue Apr 14 18:11:28 2026 Pakistan Standard Time elapsed time: 1.420084 seconds (0d 0h 0m 1s)

---------------  T H R E A D  ---------------

Current thread (0x000001a8d6bd33a0):  JavaThread "Unknown thread" [_thread_in_vm, id=11140, stack(0x00000055cc200000,0x00000055cc300000) (1024K)]

Stack: [0x00000055cc200000,0x00000055cc300000]
Native frames: (J=compiled Java code, j=interpreted, Vv=VM code, C=native code)
V  [jvm.dll+0x7a6b59]  (no source info available)
V  [jvm.dll+0x77290d]  (no source info available)
V  [jvm.dll+0x966153]  (no source info available)
V  [jvm.dll+0x968751]  (no source info available)
V  [jvm.dll+0x968e53]  (no source info available)
V  [jvm.dll+0x2fc756]  (no source info available)
V  [jvm.dll+0x7a2d85]  (no source info available)
V  [jvm.dll+0x796197]  (no source info available)
V  [jvm.dll+0x3f4698]  (no source info available)
V  [jvm.dll+0x3fc5b6]  (no source info available)
V  [jvm.dll+0x3e8c8e]  (no source info available)
V  [jvm.dll+0x3e8f48]  (no source info available)
V  [jvm.dll+0x3c0045]  (no source info available)
V  [jvm.dll+0x3c0cce]  (no source info available)
V  [jvm.dll+0x92c837]  (no source info available)
V  [jvm.dll+0x458bc2]  (no source info available)
V  [jvm.dll+0x9101e2]  (no source info available)
V  [jvm.dll+0x4f9061]  (no source info available)
V  [jvm.dll+0x4fa8f1]  (no source info available)
C  [jli.dll+0x543e]  (no source info available)
C  [ucrtbase.dll+0x37b0]  (no source info available)
C  [KERNEL32.DLL+0x2e8d7]  (no source info available)
C  [ntdll.dll+0x8c3fc]  (no source info available)

Lock stack of current Java thread (top to bottom):


---------------  P R O C E S S  ---------------

Threads class SMR info:
_java_thread_list=0x00007ff82c9d5308, length=0, elements={
}

Java Threads: ( => current thread )
Total: 0

Other Threads:
  0x000001a8d9122fd0 WorkerThread "GC Thread#0"                     [id=6296, stack(0x00000055cc300000,0x00000055cc400000) (1024K)]
  0x000001a8d913c3f0 ConcurrentGCThread "G1 Main Marker"            [id=10052, stack(0x00000055cc400000,0x00000055cc500000) (1024K)]
  0x000001a8d913cf90 WorkerThread "G1 Conc#0"                       [id=2944, stack(0x00000055cc500000,0x00000055cc600000) (1024K)]

[error occurred during error reporting (printing all threads), id 0xc0000005, EXCEPTION_ACCESS_VIOLATION (0xc0000005) at pc=0x00007ff82c0b4c2a]
VM state: not at safepoint (not fully initialized)

VM Mutex/Monitor currently owned by a thread:  ([mutex/lock_event])
[0x00007ff82ca59668] Heap_lock - owner thread: 0x000001a8d6bd33a0

Heap address: 0x0000000084400000, size: 1980 MB, Compressed Oops mode: 32-bit

CDS archive(s) mapped at: [0x0000000000000000-0x0000000000000000-0x0000000000000000), size 0, SharedBaseAddress: 0x0000000800000000, ArchiveRelocationMode: 1.
UseCompressedClassPointers 1, UseCompactObjectHeaders 0
Narrow klass pointer bits 32, Max shift 3
Narrow klass base: 0xffffffffffffffff, Narrow klass shift: -1
Encoding Range: [0xffffffffffffffff - 0x000000007fffffff), (2147483648 bytes)
Klass Range:    [0x0000000000000000 - 0x0000000000000000), (0 bytes)
Klass ID Range:  [4294967295 - 0) (1)
No protection zone.

GC Precious Log:
 CardTable entry size: 512
 Card Set container configuration: InlinePtr #cards 5 size 8 Array Of Cards #cards 10 size 36 Howl #buckets 4 coarsen threshold 1843 Howl Bitmap #cards 512 size 80 coarsen threshold 460 Card regions per heap region 1 cards per card region 2048

Heap:
 garbage-first heap   total reserved 2027520K, committed 0K, used 0K [0x0000000084400000, 0x0000000100000000)
  region size 1024K, 0 young (0K), 0 survivors (0K)

Heap Regions: E=young(eden), S=young(survivor), O=old, HS=humongous(starts), HC=humongous(continues), CS=collection set, F=free, TAMS=top-at-mark-start, PB=parsable bottom

Card table byte_map: [0x000001a8f1280000,0x000001a8f1660000] _byte_map_base: 0x000001a8f0e5e000

Marking Bits: (CMBitMap*) 0x000001a8d9123760
 Bits: [0x000001a8f1660000, 0x000001a8f3550000)

GC Heap Usage History (0 events):
No events

Metaspace Usage History (0 events):
No events

Dll operation events (1 events):
Event: 0.067 Loaded shared library C:\Program Files\Java\jdk-25\bin\java.dll

Deoptimization events (0 events):
No events

Classes loaded (0 events):
No events

Classes unloaded (0 events):
No events

Classes redefined (0 events):
No events

Internal exceptions (0 events):
No events

VM Operations (0 events):
No events

Memory protections (0 events):
No events

Nmethod flushes (0 events):
No events

Events (0 events):
No events


Dynamic libraries:
0x00007ff7baa10000 - 0x00007ff7baa20000 	C:\Program Files\Java\jdk-25\bin\javaw.exe
0x00007ff8461e0000 - 0x00007ff846447000 	C:\WINDOWS\SYSTEM32\ntdll.dll
0x00007ff844b10000 - 0x00007ff844bd9000 	C:\WINDOWS\System32\KERNEL32.DLL
0x00007ff842cc0000 - 0x00007ff8430b4000 	C:\WINDOWS\System32\KERNELBASE.dll
0x00007ff8430c0000 - 0x00007ff84320b000 	C:\WINDOWS\System32\ucrtbase.dll
0x00007ff82cdb0000 - 0x00007ff82cdc7000 	C:\Program Files\Java\jdk-25\bin\jli.dll
0x00007ff8317e0000 - 0x00007ff8317fe000 	C:\Program Files\Java\jdk-25\bin\VCRUNTIME140.dll
0x00007ff845850000 - 0x00007ff845a15000 	C:\WINDOWS\System32\USER32.dll
0x00007ff842be0000 - 0x00007ff842c07000 	C:\WINDOWS\System32\win32u.dll
0x00007ff81b8a0000 - 0x00007ff81bb33000 	C:\WINDOWS\WinSxS\amd64_microsoft.windows.common-controls_6595b64144ccf1df_6.0.26100.8115_none_3e075c82e3354f9c\COMCTL32.dll
0x00007ff844be0000 - 0x00007ff844c0b000 	C:\WINDOWS\System32\GDI32.dll
0x00007ff842ab0000 - 0x00007ff842bda000 	C:\WINDOWS\System32\gdi32full.dll
0x00007ff8447c0000 - 0x00007ff844869000 	C:\WINDOWS\System32\msvcrt.dll
0x00007ff8432a0000 - 0x00007ff843343000 	C:\WINDOWS\System32\msvcp_win.dll
0x00007ff8446d0000 - 0x00007ff844702000 	C:\WINDOWS\System32\IMM32.DLL
0x00007ff82cda0000 - 0x00007ff82cdac000 	C:\Program Files\Java\jdk-25\bin\vcruntime140_1.dll
0x00007ff82cb40000 - 0x00007ff82cbcd000 	C:\Program Files\Java\jdk-25\bin\msvcp140.dll
0x00007ff82bce0000 - 0x00007ff82cb3f000 	C:\Program Files\Java\jdk-25\bin\server\jvm.dll
0x00007ff844870000 - 0x00007ff844926000 	C:\WINDOWS\System32\ADVAPI32.dll
0x00007ff844710000 - 0x00007ff8447b7000 	C:\WINDOWS\System32\sechost.dll
0x00007ff845380000 - 0x00007ff845498000 	C:\WINDOWS\System32\RPCRT4.dll
0x00007ff844990000 - 0x00007ff844a10000 	C:\WINDOWS\System32\WS2_32.dll
0x00007ff842910000 - 0x00007ff84296e000 	C:\WINDOWS\SYSTEM32\POWRPROF.dll
0x00007ff8376a0000 - 0x00007ff8376d6000 	C:\WINDOWS\SYSTEM32\WINMM.dll
0x00007ff81e420000 - 0x00007ff81e42b000 	C:\WINDOWS\SYSTEM32\VERSION.dll
0x00007ff8428f0000 - 0x00007ff842904000 	C:\WINDOWS\SYSTEM32\UMPDC.dll
0x00007ff841840000 - 0x00007ff84185b000 	C:\WINDOWS\SYSTEM32\kernel.appcore.dll
0x00007ff82cd90000 - 0x00007ff82cd9a000 	C:\Program Files\Java\jdk-25\bin\jimage.dll
0x00007ff840b70000 - 0x00007ff840db2000 	C:\WINDOWS\SYSTEM32\DBGHELP.DLL
0x00007ff843fe0000 - 0x00007ff844362000 	C:\WINDOWS\System32\combase.dll
0x00007ff844a30000 - 0x00007ff844b07000 	C:\WINDOWS\System32\OLEAUT32.dll
0x00007ff81b860000 - 0x00007ff81b89b000 	C:\WINDOWS\SYSTEM32\dbgcore.DLL
0x00007ff842c10000 - 0x00007ff842cb5000 	C:\WINDOWS\System32\bcryptPrimitives.dll
0x00007ff82cd70000 - 0x00007ff82cd8f000 	C:\Program Files\Java\jdk-25\bin\java.dll
0x00007ff844d20000 - 0x00007ff844eb7000 	C:\WINDOWS\System32\ole32.dll
0x00007ff845a30000 - 0x00007ff846196000 	C:\WINDOWS\System32\SHELL32.dll
0x00007ff843d40000 - 0x00007ff843eaa000 	C:\WINDOWS\System32\wintypes.dll

JVMTI agents: none

dbghelp: loaded successfully - version: 4.0.5 - missing functions: none
symbol engine: initialized successfully - sym options: 0x614 - pdb path: .;C:\Program Files\Java\jdk-25\bin;C:\WINDOWS\SYSTEM32;C:\WINDOWS\WinSxS\amd64_microsoft.windows.common-controls_6595b64144ccf1df_6.0.26100.8115_none_3e075c82e3354f9c;C:\Program Files\Java\jdk-25\bin\server

VM Arguments:
jvm_args: -Dfile.encoding=UTF-8 -Dstdout.encoding=UTF-8 -Dstderr.encoding=UTF-8 -XX:+ShowCodeDetailsInExceptionMessages 
java_command: secsem.swin
java_class_path (initial): D:\secsem\bin;D:\mysql-connector-j-9.6.0\mysql-connector-j-9.6.0\mysql-connector-j-9.6.0.jar
Launcher Type: SUN_STANDARD

[Global flags]
     intx CICompilerCount                          = 4                                         {product} {ergonomic}
     uint ConcGCThreads                            = 3                                         {product} {ergonomic}
     uint G1ConcRefinementThreads                  = 10                                        {product} {ergonomic}
   size_t G1HeapRegionSize                         = 1048576                                   {product} {ergonomic}
   size_t InitialHeapSize                          = 130023424                                 {product} {ergonomic}
   size_t MarkStackSize                            = 4194304                                   {product} {ergonomic}
   size_t MarkStackSizeMax                         = 536870912                                 {product} {ergonomic}
   size_t MaxHeapSize                              = 2076180480                                {product} {ergonomic}
   size_t MinHeapDeltaBytes                        = 1048576                                   {product} {ergonomic}
   size_t MinHeapSize                              = 8388608                                   {product} {ergonomic}
    uintx NonNMethodCodeHeapSize                   = 5832704                                {pd product} {ergonomic}
    uintx NonProfiledCodeHeapSize                  = 122945536                              {pd product} {ergonomic}
    uintx ProfiledCodeHeapSize                     = 122880000                              {pd product} {ergonomic}
    uintx ReservedCodeCacheSize                    = 251658240                              {pd product} {ergonomic}
     bool SegmentedCodeCache                       = true                                      {product} {ergonomic}
     bool ShowCodeDetailsInExceptionMessages       = true                                   {manageable} {command line}
   size_t SoftMaxHeapSize                          = 2076180480                             {manageable} {ergonomic}
     bool UseCompressedOops                        = true                           {product lp64_product} {ergonomic}
     bool UseG1GC                                  = true                                      {product} {ergonomic}
     bool UseLargePagesIndividualAllocation        = false                                  {pd product} {ergonomic}

Logging:
Log output configuration:
 #0: stdout all=warning uptime,level,tags foldmultilines=false
 #1: stderr all=off uptime,level,tags foldmultilines=false

Release file:
<release file has not been read>
Environment Variables:
PATH=C:/Users/fatima/.p2/pool/plugins/org.eclipse.justj.openjdk.hotspot.jre.full.win32.x86_64_26.0.0.v20260408-1010/jre/bin/server;C:/Users/fatima/.p2/pool/plugins/org.eclipse.justj.openjdk.hotspot.jre.full.win32.x86_64_26.0.0.v20260408-1010/jre/bin;C:\Program Files\Common Files\Oracle\Java\javapath;C:\WINDOWS\system32;C:\WINDOWS;C:\WINDOWS\System32\Wbem;C:\WINDOWS\System32\WindowsPowerShell\v1.0\;C:\WINDOWS\System32\OpenSSH\;C:\MinGW\bin;C:\Program Files (x86)\Windows Kits\10\Windows Performance Toolkit\;C:\Program Files\dotnet\;C:\Program Files (x86)\Microsoft SQL Server\170\Tools\Binn\;C:\Program Files\Microsoft SQL Server\170\Tools\Binn\;C:\Program Files\Microsoft SQL Server\Client SDK\ODBC\180\Tools\Binn\;C:\Program Files\Microsoft SQL Server\170\DTS\Binn\;C:\Program Files (x86)\Microsoft SQL Server\160\DTS\Binn\;C:\Program Files\MySQL\MySQL Shell 8.0\bin\;D:\open\opencv\build\x64\vc16\lib;D:\open\opencv\build\x64\vc16\bin;C:\Users\fatima\AppData\Local\Microsoft\WindowsApps;C:\msys64\ucrt64\bin.;D:\winlibs-x86_64-posix-seh-gcc-13.2.0-mingw-w64ucrt-11.0.1-r8\mingw64\bin;;C:\Users\fatima\OneDrive\Desktop;
USERNAME=fatima
OS=Windows_NT
PROCESSOR_IDENTIFIER=Intel64 Family 6 Model 154 Stepping 4, GenuineIntel
TMP=C:\Users\fatima\AppData\Local\Temp
TEMP=C:\Users\fatima\AppData\Local\Temp




Compilation memory statistics disabled.

Periodic native trim disabled

---------------  S Y S T E M  ---------------

OS:
 Windows 11 , 64 bit Build 26100 (10.0.26100.8115)
OS uptime: 0 days 0:17 hours

CPU: total 12 (initial active 12) (6 cores per cpu, 2 threads per core) family 6 model 154 stepping 4 microcode 0x435, cx8, cmov, fxsr, ht, mmx, 3dnowpref, sse, sse2, sse3, ssse3, sse4.1, sse4.2, popcnt, lzcnt, tsc, tscinvbit, avx, avx2, aes, erms, clmul, bmi1, bmi2, adx, sha, fma, vzeroupper, clflush, clflushopt, clwb, serialize, rdtscp, rdpid, fsrm, gfni, f16c, pku, cet_ibt, cet_ss
Processor Information for processor 0
  Max Mhz: 1300, Current Mhz: 1300, Mhz Limit: 1300
Processor Information for processor 1
  Max Mhz: 1300, Current Mhz: 1300, Mhz Limit: 1300
Processor Information for processor 2
  Max Mhz: 1300, Current Mhz: 1300, Mhz Limit: 1300
Processor Information for processor 3
  Max Mhz: 1300, Current Mhz: 1300, Mhz Limit: 1300
Processor Information for processor 4
  Max Mhz: 900, Current Mhz: 900, Mhz Limit: 900
Processor Information for processor 5
  Max Mhz: 900, Current Mhz: 900, Mhz Limit: 900
Processor Information for processor 6
  Max Mhz: 900, Current Mhz: 900, Mhz Limit: 900
Processor Information for processor 7
  Max Mhz: 900, Current Mhz: 900, Mhz Limit: 900
Processor Information for processor 8
  Max Mhz: 900, Current Mhz: 900, Mhz Limit: 900
Processor Information for processor 9
  Max Mhz: 900, Current Mhz: 900, Mhz Limit: 900
Processor Information for processor 10
  Max Mhz: 900, Current Mhz: 900, Mhz Limit: 900
Processor Information for processor 11
  Max Mhz: 900, Current Mhz: 900, Mhz Limit: 900

Memory: 4k page, system-wide physical 7916M (2173M free)
TotalPageFile size 7916M (AvailPageFile size 38M)
current process WorkingSet (physical memory assigned to process): 14M, peak: 14M
current process commit charge ("private bytes"): 65M, peak: 188M

vm_info: Java HotSpot(TM) 64-Bit Server VM (25.0.1+8-LTS-27) for windows-amd64 JRE (25.0.1+8-LTS-27), built on 2025-09-25T16:41:16Z with unknown MS VC++:1943

END.
