#
# There is insufficient memory for the Java Runtime Environment to continue.
# Native memory allocation (mmap) failed to map 130023424 bytes. Error detail: G1 virtual space
# Possible reasons:
#   The system is out of physical RAM or swap space
#   This process is running with CompressedOops enabled, and the Java Heap may be blocking the growth of the native heap
# Possible solutions:
#   Reduce memory load on the system
#   Increase physical memory or swap space
#   Check if swap backing store is full
#   Decrease Java heap size (-Xmx/-Xms)
#   Decrease number of Java threads
#   Decrease Java thread stack sizes (-Xss)
#   Set larger code cache with -XX:ReservedCodeCacheSize=
#   JVM is running with Unscaled Compressed Oops mode in which the Java heap is
#     placed in the first 4GB address space. The Java Heap base address is the
#     maximum limit for the native heap growth. Please use -XX:HeapBaseMinAddress
#     to set the Java Heap base and to place the Java Heap above 4GB virtual address.
# This output file may be truncated or incomplete.
#
#  Out of Memory Error (os_windows.cpp:3554), pid=13308, tid=7692
#
# JRE version:  (25.0.1+8) (build )
# Java VM: Java HotSpot(TM) 64-Bit Server VM (25.0.1+8-LTS-27, mixed mode, sharing, tiered, compressed oops, compressed class ptrs, g1 gc, windows-amd64)
# No core dump will be written. Minidumps are not enabled by default on client versions of Windows
#

---------------  S U M M A R Y ------------

Command Line: -Dfile.encoding=UTF-8 -Dstdout.encoding=UTF-8 -Dstderr.encoding=UTF-8 -XX:+ShowCodeDetailsInExceptionMessages secsem.exis

Host: 12th Gen Intel(R) Core(TM) i5-1235U, 12 cores, 7G,  Windows 11 , 64 bit Build 26100 (10.0.26100.8246)
Time: Fri Apr 24 12:51:11 2026 Pakistan Standard Time elapsed time: 1.180768 seconds (0d 0h 0m 1s)

---------------  T H R E A D  ---------------

Current thread (0x0000021e21984180):  JavaThread "Unknown thread" [_thread_in_vm, id=7692, stack(0x0000008d46100000,0x0000008d46200000) (1024K)]

Stack: [0x0000008d46100000,0x0000008d46200000]
Native frames: (J=compiled Java code, j=interpreted, Vv=VM code, C=native code)
V  [jvm.dll+0x7a6b59]  (no source info available)
V  [jvm.dll+0x77290d]  (no source info available)
V  [jvm.dll+0x966153]  (no source info available)
V  [jvm.dll+0x968751]  (no source info available)
V  [jvm.dll+0x968e53]  (no source info available)
V  [jvm.dll+0x2fc756]  (no source info available)
V  [jvm.dll+0x7a2d85]  (no source info available)
V  [jvm.dll+0x796197]  (no source info available)
V  [jvm.dll+0x3f4698]  (no source info available)
V  [jvm.dll+0x3fc5b6]  (no source info available)
V  [jvm.dll+0x3e8c8e]  (no source info available)
V  [jvm.dll+0x3e8f48]  (no source info available)
V  [jvm.dll+0x3c0045]  (no source info available)
V  [jvm.dll+0x3c0cce]  (no source info available)
V  [jvm.dll+0x92c837]  (no source info available)
V  [jvm.dll+0x458bc2]  (no source info available)
V  [jvm.dll+0x9101e2]  (no source info available)
V  [jvm.dll+0x4f9061]  (no source info available)
V  [jvm.dll+0x4fa8f1]  (no source info available)
C  [jli.dll+0x543e]  (no source info available)
C  [ucrtbase.dll+0x37b0]  (no source info available)
C  [KERNEL32.DLL+0x2e8d7]  (no source info available)
C  [ntdll.dll+0x8c3fc]  (no source info available)

Lock stack of current Java thread (top to bottom):


---------------  P R O C E S S  ---------------

Threads class SMR info:
_java_thread_list=0x00007ffc5ae25308, length=0, elements={
}

Java Threads: ( => current thread )
Total: 0

Other Threads:
  0x0000021e23e2a3d0 WorkerThread "GC Thread#0"                     [id=1468, stack(0x0000008d46200000,0x0000008d46300000) (1024K)]
  0x0000021e23e46c10 ConcurrentGCThread "G1 Main Marker"            [id=7832, stack(0x0000008d46300000,0x0000008d46400000) (1024K)]
  0x0000021e23e475b0 WorkerThread "G1 Conc#0"                       [id=9172, stack(0x0000008d46400000,0x0000008d46500000) (1024K)]

[error occurred during error reporting (printing all threads), id 0xc0000005, EXCEPTION_ACCESS_VIOLATION (0xc0000005) at pc=0x00007ffc5a504c2a]
VM state: not at safepoint (not fully initialized)

VM Mutex/Monitor currently owned by a thread:  ([mutex/lock_event])
[0x00007ffc5aea9668] Heap_lock - owner thread: 0x0000021e21984180

Heap address: 0x0000000084400000, size: 1980 MB, Compressed Oops mode: 32-bit

CDS archive(s) mapped at: [0x0000000000000000-0x0000000000000000-0x0000000000000000), size 0, SharedBaseAddress: 0x0000000800000000, ArchiveRelocationMode: 1.
UseCompressedClassPointers 1, UseCompactObjectHeaders 0
Narrow klass pointer bits 32, Max shift 3
Narrow klass base: 0xffffffffffffffff, Narrow klass shift: -1
Encoding Range: [0xffffffffffffffff - 0x000000007fffffff), (2147483648 bytes)
Klass Range:    [0x0000000000000000 - 0x0000000000000000), (0 bytes)
Klass ID Range:  [4294967295 - 0) (1)
No protection zone.

GC Precious Log:
 CardTable entry size: 512
 Card Set container configuration: InlinePtr #cards 5 size 8 Array Of Cards #cards 10 size 36 Howl #buckets 4 coarsen threshold 1843 Howl Bitmap #cards 512 size 80 coarsen threshold 460 Card regions per heap region 1 cards per card region 2048

Heap:
 garbage-first heap   total reserved 2027520K, committed 0K, used 0K [0x0000000084400000, 0x0000000100000000)
  region size 1024K, 0 young (0K), 0 survivors (0K)

Heap Regions: E=young(eden), S=young(survivor), O=old, HS=humongous(starts), HC=humongous(continues), CS=collection set, F=free, TAMS=top-at-mark-start, PB=parsable bottom

Card table byte_map: [0x0000021e3bf80000,0x0000021e3c360000] _byte_map_base: 0x0000021e3bb5e000

Marking Bits: (CMBitMap*) 0x0000021e23e2ca70
 Bits: [0x0000021e3c360000, 0x0000021e3e250000)

GC Heap Usage History (0 events):
No events

Metaspace Usage History (0 events):
No events

Dll operation events (1 events):
Event: 0.044 Loaded shared library C:\Program Files\Java\jdk-25\bin\java.dll

Deoptimization events (0 events):
No events

Classes loaded (0 events):
No events

Classes unloaded (0 events):
No events

Classes redefined (0 events):
No events

Internal exceptions (0 events):
No events

VM Operations (0 events):
No events

Memory protections (0 events):
No events

Nmethod flushes (0 events):
No events

Events (0 events):
No events


Dynamic libraries:
0x00007ff720670000 - 0x00007ff720680000 	C:\Program Files\Java\jdk-25\bin\javaw.exe
0x00007ffcdd320000 - 0x00007ffcdd587000 	C:\WINDOWS\SYSTEM32\ntdll.dll
0x00007ffcdbc30000 - 0x00007ffcdbcf9000 	C:\WINDOWS\System32\KERNEL32.DLL
0x00007ffcd9cb0000 - 0x00007ffcda0a4000 	C:\WINDOWS\System32\KERNELBASE.dll
0x00007ffcda1e0000 - 0x00007ffcda32b000 	C:\WINDOWS\System32\ucrtbase.dll
0x00007ffcd15d0000 - 0x00007ffcd15e7000 	C:\Program Files\Java\jdk-25\bin\jli.dll
0x00007ffcd16c0000 - 0x00007ffcd16de000 	C:\Program Files\Java\jdk-25\bin\VCRUNTIME140.dll
0x00007ffcdb810000 - 0x00007ffcdb9d5000 	C:\WINDOWS\System32\USER32.dll
0x00007ffcdaf40000 - 0x00007ffcdaf67000 	C:\WINDOWS\System32\win32u.dll
0x00007ffcdba50000 - 0x00007ffcdba7b000 	C:\WINDOWS\System32\GDI32.dll
0x00007ffcda0b0000 - 0x00007ffcda1db000 	C:\WINDOWS\System32\gdi32full.dll
0x00007ffcae460000 - 0x00007ffcae6f3000 	C:\WINDOWS\WinSxS\amd64_microsoft.windows.common-controls_6595b64144ccf1df_6.0.26100.8115_none_3e075c82e3354f9c\COMCTL32.dll
0x00007ffcdaf70000 - 0x00007ffcdb013000 	C:\WINDOWS\System32\msvcp_win.dll
0x00007ffcdbd00000 - 0x00007ffcdbda9000 	C:\WINDOWS\System32\msvcrt.dll
0x00007ffcdbdb0000 - 0x00007ffcdbde2000 	C:\WINDOWS\System32\IMM32.DLL
0x00007ffcd15c0000 - 0x00007ffcd15cc000 	C:\Program Files\Java\jdk-25\bin\vcruntime140_1.dll
0x00007ffcc7d90000 - 0x00007ffcc7e1d000 	C:\Program Files\Java\jdk-25\bin\msvcp140.dll
0x00007ffc5a130000 - 0x00007ffc5af8f000 	C:\Program Files\Java\jdk-25\bin\server\jvm.dll
0x00007ffcdb1a0000 - 0x00007ffcdb256000 	C:\WINDOWS\System32\ADVAPI32.dll
0x00007ffcdc540000 - 0x00007ffcdc5e7000 	C:\WINDOWS\System32\sechost.dll
0x00007ffcdc980000 - 0x00007ffcdca98000 	C:\WINDOWS\System32\RPCRT4.dll
0x00007ffcdb260000 - 0x00007ffcdb2e0000 	C:\WINDOWS\System32\WS2_32.dll
0x00007ffccec10000 - 0x00007ffccec46000 	C:\WINDOWS\SYSTEM32\WINMM.dll
0x00007ffcd9a50000 - 0x00007ffcd9aae000 	C:\WINDOWS\SYSTEM32\POWRPROF.dll
0x00007ffcb57f0000 - 0x00007ffcb57fb000 	C:\WINDOWS\SYSTEM32\VERSION.dll
0x00007ffcd9a30000 - 0x00007ffcd9a44000 	C:\WINDOWS\SYSTEM32\UMPDC.dll
0x00007ffcd8980000 - 0x00007ffcd899b000 	C:\WINDOWS\SYSTEM32\kernel.appcore.dll
0x00007ffcd14c0000 - 0x00007ffcd14ca000 	C:\Program Files\Java\jdk-25\bin\jimage.dll
0x00007ffcd7d10000 - 0x00007ffcd7f52000 	C:\WINDOWS\SYSTEM32\DBGHELP.DLL
0x00007ffcdc5f0000 - 0x00007ffcdc972000 	C:\WINDOWS\System32\combase.dll
0x00007ffcdbe30000 - 0x00007ffcdbf08000 	C:\WINDOWS\System32\OLEAUT32.dll
0x00007ffcb0c70000 - 0x00007ffcb0cab000 	C:\WINDOWS\SYSTEM32\dbgcore.DLL
0x00007ffcdae90000 - 0x00007ffcdaf35000 	C:\WINDOWS\System32\bcryptPrimitives.dll
0x00007ffcc8410000 - 0x00007ffcc842f000 	C:\Program Files\Java\jdk-25\bin\java.dll
0x00007ffcdba90000 - 0x00007ffcdbc27000 	C:\WINDOWS\System32\ole32.dll
0x00007ffcdcaa0000 - 0x00007ffcdd207000 	C:\WINDOWS\System32\SHELL32.dll
0x00007ffcda4b0000 - 0x00007ffcda61a000 	C:\WINDOWS\System32\wintypes.dll

JVMTI agents: none

dbghelp: loaded successfully - version: 4.0.5 - missing functions: none
symbol engine: initialized successfully - sym options: 0x614 - pdb path: .;C:\Program Files\Java\jdk-25\bin;C:\WINDOWS\SYSTEM32;C:\WINDOWS\WinSxS\amd64_microsoft.windows.common-controls_6595b64144ccf1df_6.0.26100.8115_none_3e075c82e3354f9c;C:\Program Files\Java\jdk-25\bin\server

VM Arguments:
jvm_args: -Dfile.encoding=UTF-8 -Dstdout.encoding=UTF-8 -Dstderr.encoding=UTF-8 -XX:+ShowCodeDetailsInExceptionMessages 
java_command: secsem.exis
java_class_path (initial): D:\secsem\bin;D:\mysql-connector-j-9.6.0\mysql-connector-j-9.6.0\mysql-connector-j-9.6.0.jar;D:\poi-bin-5.2.3\poi-5.2.3.jar;D:\poi-bin-5.2.3\poi-examples-5.2.3.jar;D:\poi-bin-5.2.3\poi-excelant-5.2.3.jar;D:\poi-bin-5.2.3\poi-javadoc-5.2.3.jar;D:\poi-bin-5.2.3\poi-ooxml-5.2.3.jar;D:\poi-bin-5.2.3\poi-ooxml-full-5.2.3.jar;D:\poi-bin-5.2.3\poi-ooxml-lite-5.2.3.jar;D:\poi-bin-5.2.3\poi-scratchpad-5.2.3.jar;D:\poi-bin-5.2.3\lib\commons-codec-1.15.jar;D:\poi-bin-5.2.3\lib\commons-collections4-4.4.jar;D:\poi-bin-5.2.3\lib\commons-io-2.11.0.jar;D:\poi-bin-5.2.3\lib\commons-math3-3.6.1.jar;D:\poi-bin-5.2.3\lib\log4j-api-2.18.0.jar;D:\poi-bin-5.2.3\lib\SparseBitSet-1.2.jar;D:\poi-bin-5.2.3\ooxml-lib\commons-compress-1.21.jar;D:\poi-bin-5.2.3\ooxml-lib\commons-logging-1.2.jar;D:\poi-bin-5.2.3\ooxml-lib\curvesapi-1.07.jar;D:\poi-bin-5.2.3\ooxml-lib\jakarta.activation-2.0.1.jar;D:\poi-bin-5.2.3\ooxml-lib\jakarta.xml.bind-api-3.0.1.jar;D:\poi-bin-5.2.3\ooxml-lib\slf4j-api-1.7.36.jar;D:\poi-bin-5.2.3\ooxml-lib\xmlbeans-5.1.1.jar;D:\poi-bin-5.2.3\auxiliary\batik-anim-1.14.jar;D:\poi-bin-5.2.3\auxiliary\batik-awt-util-1.14.jar;D:\poi-bin-5.2.3\auxiliary\batik-bridge-1.14.jar;D:\poi-bin-5.2.3\auxiliary\batik-codec-1.14.jar;D:\poi-bin-5.2.3\auxiliary\batik-constants-1.14.jar;D:\poi-bin-5.2.3\auxiliary\batik-css-1.14.jar;D:\poi-bin-5.2.3\auxiliary\batik-dom-1.14.jar;D:\poi-bin-5.2.3\auxiliary\batik-ext-1.14.jar;D:\poi-bin-5.2.3\auxiliary\batik-gvt-1.14.jar;D:\poi-bin-5.2.3\auxiliary\batik-i18n-1.14.jar;D:\poi-bin-5.2.3\auxiliary\batik-parser-1.14.jar;D:\poi-bin-5.2.3\auxiliary\batik-script-1.14.jar;D:\poi-bin-5.2.3\auxiliary\batik-shared-resources-1.14.jar;D:\poi-bin-5.2.3\auxiliary\batik-svg-dom-1.14.jar;D:\poi-bin-5.2.3\auxiliary\batik-svggen-1.14.jar;D:\poi-bin-5.2.3\auxiliary\batik-svgrasterizer-1.14.jar;D:\poi-bin-5.2.3\auxiliary\batik-transcoder-1.14.jar;D:\poi-bin-5.2.3\auxiliary\batik-util-1.14.jar;D:\poi-bin-5.2.3\auxiliary\batik-xml-1.14.jar;D:\poi-bin-5.2.3\auxiliary\bcpkix-jdk15on-1.70.jar;D:\poi-bin-5.2.3\auxiliary\bcprov-jdk15on-1.70.jar;D:\poi-bin-5.2.3\auxiliary\bcutil-jdk15on-1.70.jar;D:\poi-bin-5.2.3\auxiliary\fontbox-2.0.26.jar;D:\poi-bin-5.2.3\auxiliary\graphics2d-0.40.jar;D:\poi-bin-5.2.3\auxiliary\pdfbox-2.0.26.jar;D:\poi-bin-5.2.3\auxiliary\xml-apis-1.4.01.jar;D:\poi-bin-5.2.3\auxiliary\xml-apis-ext-1.3.04.jar;D:\poi-bin-5.2.3\auxiliary\xmlgraphics-commons-2.6.jar;D:\poi-bin-5.2.3\auxiliary\xmlsec-3.0.0.jar
Launcher Type: SUN_STANDARD

[Global flags]
     intx CICompilerCount                          = 4                                         {product} {ergonomic}
     uint ConcGCThreads                            = 3                                         {product} {ergonomic}
     uint G1ConcRefinementThreads                  = 10                                        {product} {ergonomic}
   size_t G1HeapRegionSize                         = 1048576                                   {product} {ergonomic}
   size_t InitialHeapSize                          = 130023424                                 {product} {ergonomic}
   size_t MarkStackSize                            = 4194304                                   {product} {ergonomic}
   size_t MarkStackSizeMax                         = 536870912                                 {product} {ergonomic}
   size_t MaxHeapSize                              = 2076180480                                {product} {ergonomic}
   size_t MinHeapDeltaBytes                        = 1048576                                   {product} {ergonomic}
   size_t MinHeapSize                              = 8388608                                   {product} {ergonomic}
    uintx NonNMethodCodeHeapSize                   = 5832704                                {pd product} {ergonomic}
    uintx NonProfiledCodeHeapSize                  = 122945536                              {pd product} {ergonomic}
    uintx ProfiledCodeHeapSize                     = 122880000                              {pd product} {ergonomic}
    uintx ReservedCodeCacheSize                    = 251658240                              {pd product} {ergonomic}
     bool SegmentedCodeCache                       = true                                      {product} {ergonomic}
     bool ShowCodeDetailsInExceptionMessages       = true                                   {manageable} {command line}
   size_t SoftMaxHeapSize                          = 2076180480                             {manageable} {ergonomic}
     bool UseCompressedOops                        = true                           {product lp64_product} {ergonomic}
     bool UseG1GC                                  = true                                      {product} {ergonomic}
     bool UseLargePagesIndividualAllocation        = false                                  {pd product} {ergonomic}

Logging:
Log output configuration:
 #0: stdout all=warning uptime,level,tags foldmultilines=false
 #1: stderr all=off uptime,level,tags foldmultilines=false

Release file:
<release file has not been read>
Environment Variables:
PATH=C:/Users/fatima/.p2/pool/plugins/org.eclipse.justj.openjdk.hotspot.jre.full.win32.x86_64_26.0.0.v20260408-1010/jre/bin/server;C:/Users/fatima/.p2/pool/plugins/org.eclipse.justj.openjdk.hotspot.jre.full.win32.x86_64_26.0.0.v20260408-1010/jre/bin;C:\Program Files\Common Files\Oracle\Java\javapath;C:\WINDOWS\system32;C:\WINDOWS;C:\WINDOWS\System32\Wbem;C:\WINDOWS\System32\WindowsPowerShell\v1.0\;C:\WINDOWS\System32\OpenSSH\;C:\MinGW\bin;C:\Program Files (x86)\Windows Kits\10\Windows Performance Toolkit\;C:\Program Files\dotnet\;C:\Program Files (x86)\Microsoft SQL Server\170\Tools\Binn\;C:\Program Files\Microsoft SQL Server\170\Tools\Binn\;C:\Program Files\Microsoft SQL Server\Client SDK\ODBC\180\Tools\Binn\;C:\Program Files\Microsoft SQL Server\170\DTS\Binn\;C:\Program Files (x86)\Microsoft SQL Server\160\DTS\Binn\;C:\Program Files\MySQL\MySQL Shell 8.0\bin\;D:\open\opencv\build\x64\vc16\lib;D:\open\opencv\build\x64\vc16\bin;C:\Users\fatima\AppData\Local\Microsoft\WindowsApps;C:\msys64\ucrt64\bin.;D:\winlibs-x86_64-posix-seh-gcc-13.2.0-mingw-w64ucrt-11.0.1-r8\mingw64\bin;;C:\WINDOWS\system32;
USERNAME=fatima
OS=Windows_NT
PROCESSOR_IDENTIFIER=Intel64 Family 6 Model 154 Stepping 4, GenuineIntel
TMP=C:\Users\fatima\AppData\Local\Temp
TEMP=C:\Users\fatima\AppData\Local\Temp




Compilation memory statistics disabled.

Periodic native trim disabled

---------------  S Y S T E M  ---------------

OS:
 Windows 11 , 64 bit Build 26100 (10.0.26100.8246)
OS uptime: 1 days 0:12 hours

CPU: total 12 (initial active 12) (12 cores per cpu, 1 threads per core) family 6 model 154 stepping 4 microcode 0x435, cx8, cmov, fxsr, mmx, 3dnowpref, sse, sse2, sse3, ssse3, sse4.1, sse4.2, popcnt, lzcnt, tsc, tscinvbit, avx, avx2, aes, erms, clmul, bmi1, bmi2, adx, sha, fma, vzeroupper, clflush, clflushopt, clwb, serialize, rdtscp, rdpid, fsrm, gfni, f16c, pku, cet_ibt, cet_ss
Processor Information for processor 0
  Max Mhz: 1300, Current Mhz: 1300, Mhz Limit: 1300
Processor Information for processor 1
  Max Mhz: 1300, Current Mhz: 1300, Mhz Limit: 1300
Processor Information for processor 2
  Max Mhz: 1300, Current Mhz: 1300, Mhz Limit: 1300
Processor Information for processor 3
  Max Mhz: 1300, Current Mhz: 1300, Mhz Limit: 1300
Processor Information for processor 4
  Max Mhz: 900, Current Mhz: 900, Mhz Limit: 900
Processor Information for processor 5
  Max Mhz: 900, Current Mhz: 900, Mhz Limit: 900
Processor Information for processor 6
  Max Mhz: 900, Current Mhz: 900, Mhz Limit: 900
Processor Information for processor 7
  Max Mhz: 900, Current Mhz: 900, Mhz Limit: 900
Processor Information for processor 8
  Max Mhz: 900, Current Mhz: 900, Mhz Limit: 900
Processor Information for processor 9
  Max Mhz: 900, Current Mhz: 900, Mhz Limit: 900
Processor Information for processor 10
  Max Mhz: 900, Current Mhz: 900, Mhz Limit: 900
Processor Information for processor 11
  Max Mhz: 900, Current Mhz: 900, Mhz Limit: 900

Memory: 4k page, system-wide physical 7916M (2485M free)
TotalPageFile size 7916M (AvailPageFile size 39M)
current process WorkingSet (physical memory assigned to process): 15M, peak: 15M
current process commit charge ("private bytes"): 65M, peak: 188M

vm_info: Java HotSpot(TM) 64-Bit Server VM (25.0.1+8-LTS-27) for windows-amd64 JRE (25.0.1+8-LTS-27), built on 2025-09-25T16:41:16Z with unknown MS VC++:1943

END.
